Component: ARM Compiler 5.06 update 7 (build 960) Tool: armlink [4d3601]

==============================================================================

Section Cross References

    startup_stm32h723xx.o(STACK) refers (Special) to heapauxi.o(.text) for __use_two_region_memory
    startup_stm32h723xx.o(HEAP) refers (Special) to heapauxi.o(.text) for __use_two_region_memory
    startup_stm32h723xx.o(RESET) refers (Special) to heapauxi.o(.text) for __use_two_region_memory
    startup_stm32h723xx.o(RESET) refers to startup_stm32h723xx.o(STACK) for __initial_sp
    startup_stm32h723xx.o(RESET) refers to startup_stm32h723xx.o(.text) for Reset_Handler
    startup_stm32h723xx.o(RESET) refers to stm32h7xx_it.o(i.NMI_Handler) for NMI_Handler
    startup_stm32h723xx.o(RESET) refers to stm32h7xx_it.o(i.HardFault_Handler) for HardFault_Handler
    startup_stm32h723xx.o(RESET) refers to stm32h7xx_it.o(i.MemManage_Handler) for MemManage_Handler
    startup_stm32h723xx.o(RESET) refers to stm32h7xx_it.o(i.BusFault_Handler) for BusFault_Handler
    startup_stm32h723xx.o(RESET) refers to stm32h7xx_it.o(i.UsageFault_Handler) for UsageFault_Handler
    startup_stm32h723xx.o(RESET) refers to port.o(.emb_text) for SVC_Handler
    startup_stm32h723xx.o(RESET) refers to stm32h7xx_it.o(i.DebugMon_Handler) for DebugMon_Handler
    startup_stm32h723xx.o(RESET) refers to cmsis_os2.o(i.SysTick_Handler) for SysTick_Handler
    startup_stm32h723xx.o(RESET) refers to stm32h7xx_it.o(i.DMA1_Stream0_IRQHandler) for DMA1_Stream0_IRQHandler
    startup_stm32h723xx.o(RESET) refers to stm32h7xx_it.o(i.DMA1_Stream1_IRQHandler) for DMA1_Stream1_IRQHandler
    startup_stm32h723xx.o(RESET) refers to stm32h7xx_it.o(i.FDCAN1_IT0_IRQHandler) for FDCAN1_IT0_IRQHandler
    startup_stm32h723xx.o(RESET) refers to stm32h7xx_it.o(i.FDCAN1_IT1_IRQHandler) for FDCAN1_IT1_IRQHandler
    startup_stm32h723xx.o(RESET) refers to stm32h7xx_it.o(i.TIM3_IRQHandler) for TIM3_IRQHandler
    startup_stm32h723xx.o(RESET) refers to stm32h7xx_it.o(i.TIM4_IRQHandler) for TIM4_IRQHandler
    startup_stm32h723xx.o(RESET) refers to stm32h7xx_it.o(i.USART1_IRQHandler) for USART1_IRQHandler
    startup_stm32h723xx.o(RESET) refers to stm32h7xx_it.o(i.FDCAN_CAL_IRQHandler) for FDCAN_CAL_IRQHandler
    startup_stm32h723xx.o(RESET) refers to stm32h7xx_it.o(i.TIM23_IRQHandler) for TIM23_IRQHandler
    startup_stm32h723xx.o(.text) refers (Special) to heapauxi.o(.text) for __use_two_region_memory
    startup_stm32h723xx.o(.text) refers to system_stm32h7xx.o(i.ExitRun0Mode) for ExitRun0Mode
    startup_stm32h723xx.o(.text) refers to system_stm32h7xx.o(i.SystemInit) for SystemInit
    startup_stm32h723xx.o(.text) refers to __main.o(!!!main) for __main
    startup_stm32h723xx.o(.text) refers to startup_stm32h723xx.o(HEAP) for Heap_Mem
    startup_stm32h723xx.o(.text) refers to startup_stm32h723xx.o(STACK) for Stack_Mem
    main.o(i.HAL_TIM_PeriodElapsedCallback) refers to stm32h7xx_hal.o(i.HAL_IncTick) for HAL_IncTick
    main.o(i.HAL_TIM_PeriodElapsedCallback) refers to dm_motor_ctrl.o(i.read_all_motor_data) for read_all_motor_data
    main.o(i.HAL_TIM_PeriodElapsedCallback) refers to dm_motor_drv.o(i.dm_motor_ctrl_send) for dm_motor_ctrl_send
    main.o(i.HAL_TIM_PeriodElapsedCallback) refers to dm_motor_ctrl.o(.bss) for motor
    main.o(i.HAL_TIM_PeriodElapsedCallback) refers to fdcan.o(.bss) for hfdcan1
    main.o(i.HAL_TIM_PeriodElapsedCallback) refers to main.o(.data) for .data
    main.o(i.SystemClock_Config) refers to rt_memclr_w.o(.text) for __aeabi_memclr4
    main.o(i.SystemClock_Config) refers to stm32h7xx_hal_pwr_ex.o(i.HAL_PWREx_ConfigSupply) for HAL_PWREx_ConfigSupply
    main.o(i.SystemClock_Config) refers to stm32h7xx_hal_rcc.o(i.HAL_RCC_OscConfig) for HAL_RCC_OscConfig
    main.o(i.SystemClock_Config) refers to stm32h7xx_hal_rcc.o(i.HAL_RCC_ClockConfig) for HAL_RCC_ClockConfig
    main.o(i.main) refers to stm32h7xx_hal.o(i.HAL_Init) for HAL_Init
    main.o(i.main) refers to main.o(i.SystemClock_Config) for SystemClock_Config
    main.o(i.main) refers to gpio.o(i.MX_GPIO_Init) for MX_GPIO_Init
    main.o(i.main) refers to dma.o(i.MX_DMA_Init) for MX_DMA_Init
    main.o(i.main) refers to fdcan.o(i.MX_FDCAN1_Init) for MX_FDCAN1_Init
    main.o(i.main) refers to tim.o(i.MX_TIM3_Init) for MX_TIM3_Init
    main.o(i.main) refers to usart.o(i.MX_USART1_UART_Init) for MX_USART1_UART_Init
    main.o(i.main) refers to tim.o(i.MX_TIM4_Init) for MX_TIM4_Init
    main.o(i.main) refers to stm32h7xx_hal_uart.o(i.HAL_UART_Receive_IT) for HAL_UART_Receive_IT
    main.o(i.main) refers to strlen.o(.text) for strlen
    main.o(i.main) refers to stm32h7xx_hal_uart.o(i.HAL_UART_Transmit) for HAL_UART_Transmit
    main.o(i.main) refers to cmsis_os2.o(i.osKernelInitialize) for osKernelInitialize
    main.o(i.main) refers to freertos.o(i.MX_FREERTOS_Init) for MX_FREERTOS_Init
    main.o(i.main) refers to cmsis_os2.o(i.osKernelStart) for osKernelStart
[...]
    __rt_lib_init_fp_1                       0x08000343   Thumb Code     0  libinit2.o(.ARM.Collect$$libinit$$00000001)
    __rt_lib_init_alloca_1                   0x08000347   Thumb Code     0  libinit2.o(.ARM.Collect$$libinit$$0000002E)
    __rt_lib_init_argv_1                     0x08000347   Thumb Code     0  libinit2.o(.ARM.Collect$$libinit$$0000002C)
    __rt_lib_init_atexit_1                   0x08000347   Thumb Code     0  libinit2.o(.ARM.Collect$$libinit$$0000001B)
    __rt_lib_init_clock_1                    0x08000347   Thumb Code     0  libinit2.o(.ARM.Collect$$libinit$$00000021)
    __rt_lib_init_cpp_1                      0x08000347   Thumb Code     0  libinit2.o(.ARM.Collect$$libinit$$00000032)
    __rt_lib_init_exceptions_1               0x08000347   Thumb Code     0  libinit2.o(.ARM.Collect$$libinit$$00000030)
    __rt_lib_init_fp_trap_1                  0x08000347   Thumb Code     0  libinit2.o(.ARM.Collect$$libinit$$0000001F)
    __rt_lib_init_getenv_1                   0x08000347   Thumb Code     0  libinit2.o(.ARM.Collect$$libinit$$00000023)
    __rt_lib_init_heap_1                     0x08000347   Thumb Code     0  libinit2.o(.ARM.Collect$$libinit$$0000000A)
    __rt_lib_init_lc_collate_1               0x08000347   Thumb Code     0  libinit2.o(.ARM.Collect$$libinit$$00000011)
    __rt_lib_init_lc_ctype_1                 0x08000347   Thumb Code     0  libinit2.o(.ARM.Collect$$libinit$$00000013)
    __rt_lib_init_lc_monetary_1              0x08000347   Thumb Code     0  libinit2.o(.ARM.Collect$$libinit$$00000015)
    __rt_lib_init_lc_numeric_1               0x08000347   Thumb Code     0  libinit2.o(.ARM.Collect$$libinit$$00000017)
    __rt_lib_init_lc_time_1                  0x08000347   Thumb Code     0  libinit2.o(.ARM.Collect$$libinit$$00000019)
    __rt_lib_init_preinit_1                  0x08000347   Thumb Code     0  libinit2.o(.ARM.Collect$$libinit$$00000004)
    __rt_lib_init_rand_1                     0x08000347   Thumb Code     0  libinit2.o(.ARM.Collect$$libinit$$0000000E)
    __rt_lib_init_return                     0x08000347   Thumb Code     0  libinit2.o(.ARM.Collect$$libinit$$00000033)
    __rt_lib_init_signal_1                   0x08000347   Thumb Code     0  libinit2.o(.ARM.Collect$$libinit$$0000001D)
    __rt_lib_init_stdio_1                    0x08000347   Thumb Code     0  libinit2.o(.ARM.Collect$$libinit$$00000025)
    __rt_lib_init_user_alloc_1               0x08000347   Thumb Code     0  libinit2.o(.ARM.Collect$$libinit$$0000000C)
    __rt_lib_shutdown                        0x08000349   Thumb Code     0  libshutdown.o(.ARM.Collect$$libshutdown$$00000000)
    __rt_lib_shutdown_cpp_1                  0x0800034b   Thumb Code     0  libshutdown2.o(.ARM.Collect$$libshutdown$$00000004)
    __rt_lib_shutdown_fini_1                 0x0800034b   Thumb Code     0  libshutdown2.o(.ARM.Collect$$libshutdown$$00000002)
    __rt_lib_shutdown_fp_trap_1              0x0800034b   Thumb Code     0  libshutdown2.o(.ARM.Collect$$libshutdown$$00000009)
    __rt_lib_shutdown_heap_1                 0x0800034b   Thumb Code     0  libshutdown2.o(.ARM.Collect$$libshutdown$$00000011)
    __rt_lib_shutdown_return                 0x0800034b   Thumb Code     0  libshutdown2.o(.ARM.Collect$$libshutdown$$00000012)
    __rt_lib_shutdown_signal_1               0x0800034b   Thumb Code     0  libshutdown2.o(.ARM.Collect$$libshutdown$$0000000C)
    __rt_lib_shutdown_stdio_1                0x0800034b   Thumb Code     0  libshutdown2.o(.ARM.Collect$$libshutdown$$00000006)
    __rt_lib_shutdown_user_alloc_1           0x0800034b   Thumb Code     0  libshutdown2.o(.ARM.Collect$$libshutdown$$0000000E)
    __rt_entry                               0x0800034d   Thumb Code     0  __rtentry.o(.ARM.Collect$$rtentry$$00000000)
    __rt_entry_presh_1                       0x0800034d   Thumb Code     0  __rtentry2.o(.ARM.Collect$$rtentry$$00000002)
    __rt_entry_sh                            0x0800034d   Thumb Code     0  __rtentry4.o(.ARM.Collect$$rtentry$$00000004)
    __rt_entry_li                            0x08000353   Thumb Code     0  __rtentry2.o(.ARM.Collect$$rtentry$$0000000A)
    __rt_entry_postsh_1                      0x08000353   Thumb Code     0  __rtentry2.o(.ARM.Collect$$rtentry$$00000009)
    __rt_entry_main                          0x08000357   Thumb Code     0  __rtentry2.o(.ARM.Collect$$rtentry$$0000000D)
    __rt_entry_postli_1                      0x08000357   Thumb Code     0  __rtentry2.o(.ARM.Collect$$rtentry$$0000000C)
    __rt_exit                                0x0800035f   Thumb Code     0  rtexit.o(.ARM.Collect$$rtexit$$00000000)
    __rt_exit_ls                             0x08000361   Thumb Code     0  rtexit2.o(.ARM.Collect$$rtexit$$00000003)
    __rt_exit_prels_1                        0x08000361   Thumb Code     0  rtexit2.o(.ARM.Collect$$rtexit$$00000002)
    __rt_exit_exit                           0x08000365   Thumb Code     0  rtexit2.o(.ARM.Collect$$rtexit$$00000004)
    SVC_Handler                              0x0800036d   Thumb Code    28  port.o(.emb_text)
    __asm___6_port_c_39a90d8d__prvStartFirstTask 0x0800038d   Thumb Code    36  port.o(.emb_text)
    __asm___6_port_c_39a90d8d__prvEnableVFP  0x080003b5   Thumb Code    16  port.o(.emb_text)
    PendSV_Handler                           0x080003c9   Thumb Code    88  port.o(.emb_text)
    vPortGetIPSR                             0x08000425   Thumb Code     6  port.o(.emb_text)
    Reset_Handler                            0x0800042d   Thumb Code    12  startup_stm32h723xx.o(.text)
    ADC3_IRQHandler                          0x0800044b   Thumb Code     0  startup_stm32h723xx.o(.text)
    ADC_IRQHandler                           0x0800044b   Thumb Code     0  startup_stm32h723xx.o(.text)
    BDMA_Channel0_IRQHandler                 0x0800044b   Thumb Code     0  startup_stm32h723xx.o(.text)
    BDMA_Channel1_IRQHandler                 0x0800044b   Thumb Code     0  startup_stm32h723xx.o(.text)
    BDMA_Channel2_IRQHandler                 0x0800044b   Thumb Code     0  startup_stm32h723xx.o(.text)
    BDMA_Channel3_IRQHandler                 0x0800044b   Thumb Code     0  startup_stm32h723xx.o(.text)
    BDMA_Channel4_IRQHandler                 0x0800044b   Thumb Code     0  startup_stm32h723xx.o(.text)
    BDMA_Channel5_IRQHandler                 0x0800044b   Thumb Code     0  startup_stm32h723xx.o(.text)
    BDMA_Channel6_IRQHandler                 0x0800044b   Thumb Code     0  startup_stm32h723xx.o(.text)
    BDMA_Channel7_IRQHandler                 0x0800044b   Thumb Code     0  startup_stm32h723xx.o(.text)
    CEC_IRQHandler                           0x0800044b   Thumb Code     0  startup_stm32h723xx.o(.text)
    COMP1_IRQHandler                         0x0800044b   Thumb Code     0  startup_stm32h723xx.o(.text)
    CORDIC_IRQHandler                        0x0800044b   Thumb Code     0  startup_stm32h723xx.o(.text)
    CRS_IRQHandler                           0x0800044b   Thumb Code     0  startup_stm32h723xx.o(.text)
    DCMI_PSSI_IRQHandler                     0x0800044b   Thumb Code     0  startup_stm32h723xx.o(.text)
    DFSDM1_FLT0_IRQHandler                   0x0800044b   Thumb Code     0  startup_stm32h723xx.o(.text)
    DFSDM1_FLT1_IRQHandler                   0x0800044b   Thumb Code     0  startup_stm32h723xx.o(.text)
    DFSDM1_FLT2_IRQHandler                   0x0800044b   Thumb Code     0  startup_stm32h723xx.o(.text)
    DFSDM1_FLT3_IRQHandler                   0x0800044b   Thumb Code     0  startup_stm32h723xx.o(.text)
    DMA1_Stream2_IRQHandler                  0x0800044b   Thumb Code     0  startup_stm32h723xx.o(.text)
    DMA1_Stream3_IRQHandler                  0x0800044b   Thumb Code     0  startup_stm32h723xx.o(.text)
    DMA1_Stream4_IRQHandler                  0x0800044b   Thumb Code     0  startup_stm32h723xx.o(.text)
    DMA1_Stream5_IRQHandler                  0x0800044b   Thumb Code     0  startup_stm32h723xx.o(.text)
    DMA1_Stream6_IRQHandler                  0x0800044b   Thumb Code     0  startup_stm32h723xx.o(.text)
    DMA1_Stream7_IRQHandler                  0x0800044b   Thumb Code     0  startup_stm32h723xx.o(.text)
    DMA2D_IRQHandler                         0x0800044b   Thumb Code     0  startup_stm32h723xx.o(.text)
    DMA2_Stream0_IRQHandler                  0x0800044b   Thumb Code     0  startup_stm32h723xx.o(.text)
    DMA2_Stream1_IRQHandler                  0x0800044b   Thumb Code     0  startup_stm32h723xx.o(.text)
    DMA2_Stream2_IRQHandler                  0x0800044b   Thumb Code     0  startup_stm32h723xx.o(.text)
    DMA2_Stream3_IRQHandler                  0x0800044b   Thumb Code     0  startup_stm32h723xx.o(.text)
    DMA2_Stream4_IRQHandler                  0x0800044b   Thumb Code     0  startup_stm32h723xx.o(.text)
    DMA2_Stream5_IRQHandler                  0x0800044b   Thumb Code     0  startup_stm32h723xx.o(.text)
    DMA2_Stream6_IRQHandler                  0x0800044b   Thumb Code     0  startup_stm32h723xx.o(.text)
    DMA2_Stream7_IRQHandler                  0x0800044b   Thumb Code     0  startup_stm32h723xx.o(.text)
    DMAMUX1_OVR_IRQHandler                   0x0800044b   Thumb Code     0  startup_stm32h723xx.o(.text)
    DMAMUX2_OVR_IRQHandler                   0x0800044b   Thumb Code     0  startup_stm32h723xx.o(.text)
    DTS_IRQHandler                           0x0800044b   Thumb Code     0  startup_stm32h723xx.o(.text)
    ECC_IRQHandler                           0x0800044b   Thumb Code     0  startup_stm32h723xx.o(.text)
    ETH_IRQHandler                           0x0800044b   Thumb Code     0  startup_stm32h723xx.o(.text)
    ETH_WKUP_IRQHandler                      0x0800044b   Thumb Code     0  startup_stm32h723xx.o(.text)
    EXTI0_IRQHandler                         0x0800044b   Thumb Code     0  startup_stm32h723xx.o(.text)
    EXTI15_10_IRQHandler                     0x0800044b   Thumb Code     0  startup_stm32h723xx.o(.text)
    EXTI1_IRQHandler                         0x0800044b   Thumb Code     0  startup_stm32h723xx.o(.text)
    EXTI2_IRQHandler                         0x0800044b   Thumb Code     0  startup_stm32h723xx.o(.text)
    EXTI3_IRQHandler                         0x0800044b   Thumb Code     0  startup_stm32h723xx.o(.text)
    EXTI4_IRQHandler                         0x0800044b   Thumb Code     0  startup_stm32h723xx.o(.text)
    EXTI9_5_IRQHandler                       0x0800044b   Thumb Code     0  startup_stm32h723xx.o(.text)
    FDCAN2_IT0_IRQHandler                    0x0800044b   Thumb Code     0  startup_stm32h723xx.o(.text)
    FDCAN2_IT1_IRQHandler                    0x0800044b   Thumb Code     0  startup_stm32h723xx.o(.text)
    FDCAN3_IT0_IRQHandler                    0x0800044b   Thumb Code     0  startup_stm32h723xx.o(.text)
    FDCAN3_IT1_IRQHandler                    0x0800044b   Thumb Code     0  startup_stm32h723xx.o(.text)
    FLASH_IRQHandler                         0x0800044b   Thumb Code     0  startup_stm32h723xx.o(.text)
    FMAC_IRQHandler                          0x0800044b   Thumb Code     0  startup_stm32h723xx.o(.text)
    FMC_IRQHandler                           0x0800044b   Thumb Code     0  startup_stm32h723xx.o(.text)
    FPU_IRQHandler                           0x0800044b   Thumb Code     0  startup_stm32h723xx.o(.text)
    HSEM1_IRQHandler                         0x0800044b   Thumb Code     0  startup_stm32h723xx.o(.text)
    I2C1_ER_IRQHandler                       0x0800044b   Thumb Code     0  startup_stm32h723xx.o(.text)
    I2C1_EV_IRQHandler                       0x0800044b   Thumb Code     0  startup_stm32h723xx.o(.text)
    I2C2_ER_IRQHandler                       0x0800044b   Thumb Code     0  startup_stm32h723xx.o(.text)
    I2C2_EV_IRQHandler                       0x0800044b   Thumb Code     0  startup_stm32h723xx.o(.text)
    I2C3_ER_IRQHandler                       0x0800044b   Thumb Code     0  startup_stm32h723xx.o(.text)
    I2C3_EV_IRQHandler                       0x0800044b   Thumb Code     0  startup_stm32h723xx.o(.text)
    I2C4_ER_IRQHandler                       0x0800044b   Thumb Code     0  startup_stm32h723xx.o(.text)
    I2C4_EV_IRQHandler                       0x0800044b   Thumb Code     0  startup_stm32h723xx.o(.text)
    I2C5_ER_IRQHandler                       0x0800044b   Thumb Code     0  startup_stm32h723xx.o(.text)
    I2C5_EV_IRQHandler                       0x0800044b   Thumb Code     0  startup_stm32h723xx.o(.text)
    LPTIM1_IRQHandler                        0x0800044b   Thumb Code     0  startup_stm32h723xx.o(.text)
    LPTIM2_IRQHandler                        0x0800044b   Thumb Code     0  startup_stm32h723xx.o(.text)
    LPTIM3_IRQHandler                        0x0800044b   Thumb Code     0  startup_stm32h723xx.o(.text)
    LPTIM4_IRQHandler                        0x0800044b   Thumb Code     0  startup_stm32h723xx.o(.text)
    LPTIM5_IRQHandler                        0x0800044b   Thumb Code     0  startup_stm32h723xx.o(.text)
    LPUART1_IRQHandler                       0x0800044b   Thumb Code     0  startup_stm32h723xx.o(.text)
    LTDC_ER_IRQHandler                       0x0800044b   Thumb Code     0  startup_stm32h723xx.o(.text)
    LTDC_IRQHandler                          0x0800044b   Thumb Code     0  startup_stm32h723xx.o(.text)
    MDIOS_IRQHandler                         0x0800044b   Thumb Code     0  startup_stm32h723xx.o(.text)
    MDIOS_WKUP_IRQHandler                    0x0800044b   Thumb Code     0  startup_stm32h723xx.o(.text)
    MDMA_IRQHandler                          0x0800044b   Thumb Code     0  startup_stm32h723xx.o(.text)
    OCTOSPI1_IRQHandler                      0x0800044b   Thumb Code     0  startup_stm32h723xx.o(.text)
    OCTOSPI2_IRQHandler                      0x0800044b   Thumb Code     0  startup_stm32h723xx.o(.text)
    OTG_HS_EP1_IN_IRQHandler                 0x0800044b   Thumb Code     0  startup_stm32h723xx.o(.text)
    OTG_HS_EP1_OUT_IRQHandler                0x0800044b   Thumb Code     0  startup_stm32h723xx.o(.text)
    OTG_HS_IRQHandler                        0x0800044b   Thumb Code     0  startup_stm32h723xx.o(.text)
    OTG_HS_WKUP_IRQHandler                   0x0800044b   Thumb Code     0  startup_stm32h723xx.o(.text)
    PVD_AVD_IRQHandler                       0x0800044b   Thumb Code     0  startup_stm32h723xx.o(.text)
    RCC_IRQHandler                           0x0800044b   Thumb Code     0  startup_stm32h723xx.o(.text)
    RNG_IRQHandler                           0x0800044b   Thumb Code     0  startup_stm32h723xx.o(.text)
    RTC_Alarm_IRQHandler                     0x0800044b   Thumb Code     0  startup_stm32h723xx.o(.text)
    RTC_WKUP_IRQHandler                      0x0800044b   Thumb Code     0  startup_stm32h723xx.o(.text)
    SAI1_IRQHandler                          0x0800044b   Thumb Code     0  startup_stm32h723xx.o(.text)
    SAI4_IRQHandler                          0x0800044b   Thumb Code     0  startup_stm32h723xx.o(.text)
    SDMMC1_IRQHandler                        0x0800044b   Thumb Code     0  startup_stm32h723xx.o(.text)
    SDMMC2_IRQHandler                        0x0800044b   Thumb Code     0  startup_stm32h723xx.o(.text)
    SPDIF_RX_IRQHandler                      0x0800044b   Thumb Code     0  startup_stm32h723xx.o(.text)
    SPI1_IRQHandler                          0x0800044b   Thumb Code     0  startup_stm32h723xx.o(.text)
    SPI2_IRQHandler                          0x0800044b   Thumb Code     0  startup_stm32h723xx.o(.text)
    SPI3_IRQHandler                          0x0800044b   Thumb Code     0  startup_stm32h723xx.o(.text)
    SPI4_IRQHandler                          0x0800044b   Thumb Code     0  startup_stm32h723xx.o(.text)
    SPI5_IRQHandler                          0x0800044b   Thumb Code     0  startup_stm32h723xx.o(.text)
    SPI6_IRQHandler                          0x0800044b   Thumb Code     0  startup_stm32h723xx.o(.text)
    SWPMI1_IRQHandler                        0x0800044b   Thumb Code     0  startup_stm32h723xx.o(.text)
    TAMP_STAMP_IRQHandler                    0x0800044b   Thumb Code     0  startup_stm32h723xx.o(.text)
    TIM15_IRQHandler                         0x0800044b   Thumb Code     0  startup_stm32h723xx.o(.text)
    TIM16_IRQHandler                         0x0800044b   Thumb Code     0  startup_stm32h723xx.o(.text)
    TIM17_IRQHandler                         0x0800044b   Thumb Code     0  startup_stm32h723xx.o(.text)
    TIM1_BRK_IRQHandler                      0x0800044b   Thumb Code     0  startup_stm32h723xx.o(.text)
    TIM1_CC_IRQHandler                       0x0800044b   Thumb Code     0  startup_stm32h723xx.o(.text)
    TIM1_TRG_COM_IRQHandler                  0x0800044b   Thumb Code     0  startup_stm32h723xx.o(.text)
    TIM1_UP_IRQHandler                       0x0800044b   Thumb Code     0  startup_stm32h723xx.o(.text)
    TIM24_IRQHandler                         0x0800044b   Thumb Code     0  startup_stm32h723xx.o(.text)
    TIM2_IRQHandler                          0x0800044b   Thumb Code     0  startup_stm32h723xx.o(.text)
    TIM5_IRQHandler                          0x0800044b   Thumb Code     0  startup_stm32h723xx.o(.text)
    TIM6_DAC_IRQHandler                      0x0800044b   Thumb Code     0  startup_stm32h723xx.o(.text)
    TIM7_IRQHandler                          0x0800044b   Thumb Code     0  startup_stm32h723xx.o(.text)
    TIM8_BRK_TIM12_IRQHandler                0x0800044b   Thumb Code     0  startup_stm32h723xx.o(.text)
    TIM8_CC_IRQHandler                       0x0800044b   Thumb Code     0  startup_stm32h723xx.o(.text)
    TIM8_TRG_COM_TIM14_IRQHandler            0x0800044b   Thumb Code     0  startup_stm32h723xx.o(.text)
    TIM8_UP_TIM13_IRQHandler                 0x0800044b   Thumb Code     0  startup_stm32h723xx.o(.text)
    UART4_IRQHandler                         0x0800044b   Thumb Code     0  startup_stm32h723xx.o(.text)
    UART5_IRQHandler                         0x0800044b   Thumb Code     0  startup_stm32h723xx.o(.text)
    UART7_IRQHandler                         0x0800044b   Thumb Code     0  startup_stm32h723xx.o(.text)
    UART8_IRQHandler                         0x0800044b   Thumb Code     0  startup_stm32h723xx.o(.text)
    UART9_IRQHandler                         0x0800044b   Thumb Code     0  startup_stm32h723xx.o(.text)
    USART10_IRQHandler                       0x0800044b   Thumb Code     0  startup_stm32h723xx.o(.text)
    USART2_IRQHandler                        0x0800044b   Thumb Code     0  startup_stm32h723xx.o(.text)
    USART3_IRQHandler                        0x0800044b   Thumb Code     0  startup_stm32h723xx.o(.text)
    USART6_IRQHandler                        0x0800044b   Thumb Code     0  startup_stm32h723xx.o(.text)
    WAKEUP_PIN_IRQHandler                    0x0800044b   Thumb Code     0  startup_stm32h723xx.o(.text)
    WWDG_IRQHandler                          0x0800044b   Thumb Code     0  startup_stm32h723xx.o(.text)
    __user_initial_stackheap                 0x0800044d   Thumb Code     0  startup_stm32h723xx.o(.text)
    __aeabi_uldivmod                         0x08000475   Thumb Code     0  lludivv7m.o(.text)
    _ll_udiv                                 0x08000475   Thumb Code   238  lludivv7m.o(.text)
    strlen                                   0x08000563   Thumb Code    62  strlen.o(.text)
    __aeabi_memcpy                           0x080005a1   Thumb Code     0  rt_memcpy_v6.o(.text)
    __rt_memcpy                              0x080005a1   Thumb Code   138  rt_memcpy_v6.o(.text)
    _memcpy_lastbytes                        0x08000607   Thumb Code     0  rt_memcpy_v6.o(.text)
    __aeabi_memcpy4                          0x0800062b   Thumb Code     0  rt_memcpy_w.o(.text)
    __aeabi_memcpy8                          0x0800062b   Thumb Code     0  rt_memcpy_w.o(.text)
    __rt_memcpy_w                            0x0800062b   Thumb Code   100  rt_memcpy_w.o(.text)
    _memcpy_lastbytes_aligned                0x08000673   Thumb Code     0  rt_memcpy_w.o(.text)
    __aeabi_memset                           0x0800068f   Thumb Code    16  aeabi_memset.o(.text)
    __aeabi_memclr4                          0x0800069f   Thumb Code     0  rt_memclr_w.o(.text)
    __aeabi_memclr8                          0x0800069f   Thumb Code     0  rt_memclr_w.o(.text)
    __rt_memclr_w                            0x0800069f   Thumb Code    78  rt_memclr_w.o(.text)
    _memset_w                                0x080006a3   Thumb Code     0  rt_memclr_w.o(.text)
    __use_two_region_memory                  0x080006ed   Thumb Code     2  heapauxi.o(.text)
    __rt_heap_escrow$2region                 0x080006ef   Thumb Code     2  heapauxi.o(.text)
    __rt_heap_expand$2region                 0x080006f1   Thumb Code     2  heapauxi.o(.text)
    __aeabi_memclr                           0x080006f3   Thumb Code     0  rt_memclr.o(.text)
    __rt_memclr                              0x080006f3   Thumb Code    68  rt_memclr.o(.text)
    _memset                                  0x080006f7   Thumb Code     0  rt_memclr.o(.text)
    __user_setup_stackheap                   0x08000737   Thumb Code    74  sys_stackheap_outer.o(.text)
    exit                                     0x08000781   Thumb Code    18  exit.o(.text)
    __user_libspace                          0x08000795   Thumb Code     8  libspace.o(.text)
    __user_perproc_libspace                  0x08000795   Thumb Code     0  libspace.o(.text)
    __user_perthread_libspace                0x08000795   Thumb Code     0  libspace.o(.text)
    _sys_exit                                0x0800079d   Thumb Code     8  sys_exit.o(.text)
    __I$use$semihosting                      0x080007a9   Thumb Code     0  use_no_semi.o(.text)
    __use_no_semihosting_swi                 0x080007a9   Thumb Code     2  use_no_semi.o(.text)
    BusFault_Handler                         0x080007ab   Thumb Code     2  stm32h7xx_it.o(i.BusFault_Handler)
    __semihosting_library_function           0x080007ab   Thumb Code     0  indicate_semi.o(.text)
    DMA1_Stream0_IRQHandler                  0x080007ad   Thumb Code     6  stm32h7xx_it.o(i.DMA1_Stream0_IRQHandler)
    DMA1_Stream1_IRQHandler                  0x080007b9   Thumb Code     6  stm32h7xx_it.o(i.DMA1_Stream1_IRQHandler)
    DebugMon_Handler                         0x080009dd   Thumb Code     2  stm32h7xx_it.o(i.DebugMon_Handler)
    Error_Handler                            0x080009df   Thumb Code     4  main.o(i.Error_Handler)
    ExitRun0Mode                             0x080009e5   Thumb Code    22  system_stm32h7xx.o(i.ExitRun0Mode)
    FDCAN1_IT0_IRQHandler                    0x08000a01   Thumb Code     6  stm32h7xx_it.o(i.FDCAN1_IT0_IRQHandler)
    FDCAN1_IT1_IRQHandler                    0x08000a0d   Thumb Code     6  stm32h7xx_it.o(i.FDCAN1_IT1_IRQHandler)
    FDCAN_CAL_IRQHandler                     0x08000a19   Thumb Code     6  stm32h7xx_it.o(i.FDCAN_CAL_IRQHandler)
    HAL_DMA_Abort                            0x08000c69   Thumb Code   836  stm32h7xx_hal_dma.o(i.HAL_DMA_Abort)
    HAL_DMA_Abort_IT                         0x08000fc9   Thumb Code   602  stm32h7xx_hal_dma.o(i.HAL_DMA_Abort_IT)
    HAL_DMA_IRQHandler                       0x0800124d   Thumb Code  1756  stm32h7xx_hal_dma.o(i.HAL_DMA_IRQHandler)
    HAL_DMA_Init                             0x08001935   Thumb Code   922  stm32h7xx_hal_dma.o(i.HAL_DMA_Init)
    HAL_Delay                                0x08001cf1   Thumb Code    32  stm32h7xx_hal.o(i.HAL_Delay)
    HAL_FDCAN_ActivateNotification           0x08001d15   Thumb Code   126  stm32h7xx_hal_fdcan.o(i.HAL_FDCAN_ActivateNotification)
    HAL_FDCAN_AddMessageToTxFifoQ            0x08001d9d   Thumb Code   102  stm32h7xx_hal_fdcan.o(i.HAL_FDCAN_AddMessageToTxFifoQ)
    HAL_FDCAN_ClockCalibrationCallback       0x08001e03   Thumb Code     2  stm32h7xx_hal_fdcan.o(i.HAL_FDCAN_ClockCalibrationCallback)
    HAL_FDCAN_ConfigFifoWatermark            0x08001e05   Thumb Code    90  stm32h7xx_hal_fdcan.o(i.HAL_FDCAN_ConfigFifoWatermark)
    HAL_FDCAN_ConfigFilter                   0x08001e5f   Thumb Code   126  stm32h7xx_hal_fdcan.o(i.HAL_FDCAN_ConfigFilter)
    HAL_FDCAN_ConfigGlobalFilter             0x08001edd   Thumb Code    50  stm32h7xx_hal_fdcan.o(i.HAL_FDCAN_ConfigGlobalFilter)
    HAL_FDCAN_DeInit                         0x08001f0f   Thumb Code    42  stm32h7xx_hal_fdcan.o(i.HAL_FDCAN_DeInit)
    HAL_FDCAN_ErrorCallback                  0x08001f39   Thumb Code     2  stm32h7xx_hal_fdcan.o(i.HAL_FDCAN_ErrorCallback)
    HAL_FDCAN_ErrorStatusCallback            0x08001f3b   Thumb Code    16  bsp_fdcan.o(i.HAL_FDCAN_ErrorStatusCallback)
    HAL_FDCAN_GetRxMessage                   0x08001f4d   Thumb Code   392  stm32h7xx_hal_fdcan.o(i.HAL_FDCAN_GetRxMessage)
    HAL_FDCAN_HighPriorityMessageCallback    0x080020d9   Thumb Code     2  stm32h7xx_hal_fdcan.o(i.HAL_FDCAN_HighPriorityMessageCallback)
    HAL_FDCAN_IRQHandler                     0x080020dd   Thumb Code   788  stm32h7xx_hal_fdcan.o(i.HAL_FDCAN_IRQHandler)
    HAL_FDCAN_Init                           0x080023fd   Thumb Code   572  stm32h7xx_hal_fdcan.o(i.HAL_FDCAN_Init)
    HAL_FDCAN_MspDeInit                      0x08002641   Thumb Code    52  fdcan.o(i.HAL_FDCAN_MspDeInit)
    HAL_FDCAN_MspInit                        0x08002681   Thumb Code   172  fdcan.o(i.HAL_FDCAN_MspInit)
    HAL_FDCAN_RxBufferNewMessageCallback     0x08002739   Thumb Code     2  stm32h7xx_hal_fdcan.o(i.HAL_FDCAN_RxBufferNewMessageCallback)
    HAL_FDCAN_RxFifo0Callback                0x0800273d   Thumb Code    14  bsp_fdcan.o(i.HAL_FDCAN_RxFifo0Callback)
    HAL_FDCAN_RxFifo1Callback                0x08002751   Thumb Code     2  stm32h7xx_hal_fdcan.o(i.HAL_FDCAN_RxFifo1Callback)
    HAL_FDCAN_Start                          0x08002753   Thumb Code    50  stm32h7xx_hal_fdcan.o(i.HAL_FDCAN_Start)
    HAL_FDCAN_Stop                           0x08002785   Thumb Code   126  stm32h7xx_hal_fdcan.o(i.HAL_FDCAN_Stop)
    HAL_FDCAN_TT_GlobalTimeCallback          0x08002803   Thumb Code     2  stm32h7xx_hal_fdcan.o(i.HAL_FDCAN_TT_GlobalTimeCallback)
    HAL_FDCAN_TT_ScheduleSyncCallback        0x08002805   Thumb Code     2  stm32h7xx_hal_fdcan.o(i.HAL_FDCAN_TT_ScheduleSyncCallback)
    HAL_FDCAN_TT_StopWatchCallback           0x08002807   Thumb Code     2  stm32h7xx_hal_fdcan.o(i.HAL_FDCAN_TT_StopWatchCallback)
    HAL_FDCAN_TT_TimeMarkCallback            0x08002809   Thumb Code     2  stm32h7xx_hal_fdcan.o(i.HAL_FDCAN_TT_TimeMarkCallback)
    HAL_FDCAN_TimeoutOccurredCallback        0x0800280b   Thumb Code     2  stm32h7xx_hal_fdcan.o(i.HAL_FDCAN_TimeoutOccurredCallback)
    HAL_FDCAN_TimestampWraparoundCallback    0x0800280d   Thumb Code     2  stm32h7xx_hal_fdcan.o(i.HAL_FDCAN_TimestampWraparoundCallback)
    HAL_FDCAN_TxBufferAbortCallback          0x0800280f   Thumb Code     2  stm32h7xx_hal_fdcan.o(i.HAL_FDCAN_TxBufferAbortCallback)
    HAL_FDCAN_TxBufferCompleteCallback       0x08002811   Thumb Code     2  stm32h7xx_hal_fdcan.o(i.HAL_FDCAN_TxBufferCompleteCallback)
    HAL_FDCAN_TxEventFifoCallback            0x08002813   Thumb Code     2  stm32h7xx_hal_fdcan.o(i.HAL_FDCAN_TxEventFifoCallback)
    HAL_FDCAN_TxFifoEmptyCallback            0x08002815   Thumb Code     2  stm32h7xx_hal_fdcan.o(i.HAL_FDCAN_TxFifoEmptyCallback)
    HAL_GPIO_DeInit                          0x08002819   Thumb Code   310  stm32h7xx_hal_gpio.o(i.HAL_GPIO_DeInit)
    HAL_GPIO_Init                            0x08002979   Thumb Code   496  stm32h7xx_hal_gpio.o(i.HAL_GPIO_Init)
    HAL_GPIO_WritePin                        0x08002b95   Thumb Code    10  stm32h7xx_hal_gpio.o(i.HAL_GPIO_WritePin)
    HAL_GetTick                              0x08002ba1   Thumb Code     6  stm32h7xx_hal.o(i.HAL_GetTick)
    HAL_IncTick                              0x08002bad   Thumb Code    12  stm32h7xx_hal.o(i.HAL_IncTick)
    HAL_Init                                 0x08002bbd   Thumb Code    74  stm32h7xx_hal.o(i.HAL_Init)
    HAL_InitTick                             0x08002c19   Thumb Code   110  stm32h7xx_hal_timebase_tim.o(i.HAL_InitTick)
    HAL_MspInit                              0x08002c9d   Thumb Code    32  stm32h7xx_hal_msp.o(i.HAL_MspInit)
    HAL_NVIC_DisableIRQ                      0x08002cc1   Thumb Code    34  stm32h7xx_hal_cortex.o(i.HAL_NVIC_DisableIRQ)
    HAL_NVIC_EnableIRQ                       0x08002ce3   Thumb Code    26  stm32h7xx_hal_cortex.o(i.HAL_NVIC_EnableIRQ)
    HAL_NVIC_SetPriority                     0x08002cfd   Thumb Code    60  stm32h7xx_hal_cortex.o(i.HAL_NVIC_SetPriority)
    HAL_NVIC_SetPriorityGrouping             0x08002d3d   Thumb Code    28  stm32h7xx_hal_cortex.o(i.HAL_NVIC_SetPriorityGrouping)
    HAL_PWREx_ConfigSupply                   0x08002d61   Thumb Code    78  stm32h7xx_hal_pwr_ex.o(i.HAL_PWREx_ConfigSupply)
    HAL_RCCEx_GetD3PCLK1Freq                 0x08002db5   Thumb Code    26  stm32h7xx_hal_rcc_ex.o(i.HAL_RCCEx_GetD3PCLK1Freq)
    HAL_RCCEx_GetPLL2ClockFreq               0x08002dd9   Thumb Code   296  stm32h7xx_hal_rcc_ex.o(i.HAL_RCCEx_GetPLL2ClockFreq)
    HAL_RCCEx_GetPLL3ClockFreq               0x08002f1d   Thumb Code   296  stm32h7xx_hal_rcc_ex.o(i.HAL_RCCEx_GetPLL3ClockFreq)
    HAL_RCCEx_PeriphCLKConfig                0x08003061   Thumb Code  2362  stm32h7xx_hal_rcc_ex.o(i.HAL_RCCEx_PeriphCLKConfig)
    HAL_RCC_ClockConfig                      0x0800399d   Thumb Code   580  stm32h7xx_hal_rcc.o(i.HAL_RCC_ClockConfig)
    HAL_RCC_GetClockConfig                   0x08003bf9   Thumb Code    84  stm32h7xx_hal_rcc.o(i.HAL_RCC_GetClockConfig)
    HAL_RCC_GetHCLKFreq                      0x08003c55   Thumb Code    52  stm32h7xx_hal_rcc.o(i.HAL_RCC_GetHCLKFreq)
    HAL_RCC_GetPCLK1Freq                     0x08003c99   Thumb Code    26  stm32h7xx_hal_rcc.o(i.HAL_RCC_GetPCLK1Freq)
    HAL_RCC_GetPCLK2Freq                     0x08003cbd   Thumb Code    26  stm32h7xx_hal_rcc.o(i.HAL_RCC_GetPCLK2Freq)
    HAL_RCC_GetSysClockFreq                  0x08003ce1   Thumb Code   278  stm32h7xx_hal_rcc.o(i.HAL_RCC_GetSysClockFreq)
    HAL_RCC_OscConfig                        0x08003e19   Thumb Code  1318  stm32h7xx_hal_rcc.o(i.HAL_RCC_OscConfig)
    HAL_TIMEx_Break2Callback                 0x0800433f   Thumb Code     2  stm32h7xx_hal_tim_ex.o(i.HAL_TIMEx_Break2Callback)
    HAL_TIMEx_BreakCallback                  0x08004341   Thumb Code     2  stm32h7xx_hal_tim_ex.o(i.HAL_TIMEx_BreakCallback)
    HAL_TIMEx_CommutCallback                 0x08004343   Thumb Code     2  stm32h7xx_hal_tim_ex.o(i.HAL_TIMEx_CommutCallback)
    HAL_TIMEx_MasterConfigSynchronization    0x08004345   Thumb Code   146  stm32h7xx_hal_tim_ex.o(i.HAL_TIMEx_MasterConfigSynchronization)
    HAL_TIM_Base_Init                        0x080043fd   Thumb Code    98  stm32h7xx_hal_tim.o(i.HAL_TIM_Base_Init)
    HAL_TIM_Base_MspInit                     0x08004461   Thumb Code    86  tim.o(i.HAL_TIM_Base_MspInit)
    HAL_TIM_Base_Start_IT                    0x080044c5   Thumb Code   118  stm32h7xx_hal_tim.o(i.HAL_TIM_Base_Start_IT)
    HAL_TIM_ConfigClockSource                0x08004565   Thumb Code   248  stm32h7xx_hal_tim.o(i.HAL_TIM_ConfigClockSource)
    HAL_TIM_IC_CaptureCallback               0x08004661   Thumb Code     2  stm32h7xx_hal_tim.o(i.HAL_TIM_IC_CaptureCallback)
    HAL_TIM_IRQHandler                       0x08004663   Thumb Code   328  stm32h7xx_hal_tim.o(i.HAL_TIM_IRQHandler)
    HAL_TIM_OC_DelayElapsedCallback          0x080047ab   Thumb Code     2  stm32h7xx_hal_tim.o(i.HAL_TIM_OC_DelayElapsedCallback)
    HAL_TIM_PWM_PulseFinishedCallback        0x080047ad   Thumb Code     2  stm32h7xx_hal_tim.o(i.HAL_TIM_PWM_PulseFinishedCallback)
    HAL_TIM_PeriodElapsedCallback            0x080047b1   Thumb Code    86  main.o(i.HAL_TIM_PeriodElapsedCallback)
    HAL_TIM_TriggerCallback                  0x08004821   Thumb Code     2  stm32h7xx_hal_tim.o(i.HAL_TIM_TriggerCallback)
    HAL_UARTEx_DisableFifoMode               0x08004823   Thumb Code    64  stm32h7xx_hal_uart_ex.o(i.HAL_UARTEx_DisableFifoMode)
    HAL_UARTEx_RxEventCallback               0x08004863   Thumb Code     2  stm32h7xx_hal_uart.o(i.HAL_UARTEx_RxEventCallback)
    HAL_UARTEx_RxFifoFullCallback            0x08004865   Thumb Code     2  stm32h7xx_hal_uart_ex.o(i.HAL_UARTEx_RxFifoFullCallback)
    HAL_UARTEx_SetRxFifoThreshold            0x08004867   Thumb Code    76  stm32h7xx_hal_uart_ex.o(i.HAL_UARTEx_SetRxFifoThreshold)
    HAL_UARTEx_SetTxFifoThreshold            0x080048b3   Thumb Code    76  stm32h7xx_hal_uart_ex.o(i.HAL_UARTEx_SetTxFifoThreshold)
    HAL_UARTEx_TxFifoEmptyCallback           0x080048ff   Thumb Code     2  stm32h7xx_hal_uart_ex.o(i.HAL_UARTEx_TxFifoEmptyCallback)
    HAL_UARTEx_WakeupCallback                0x08004901   Thumb Code     2  stm32h7xx_hal_uart_ex.o(i.HAL_UARTEx_WakeupCallback)
    HAL_UART_ErrorCallback                   0x08004903   Thumb Code     2  stm32h7xx_hal_uart.o(i.HAL_UART_ErrorCallback)
    HAL_UART_IRQHandler                      0x08004905   Thumb Code   898  stm32h7xx_hal_uart.o(i.HAL_UART_IRQHandler)
    HAL_UART_Init                            0x08004ca1   Thumb Code   106  stm32h7xx_hal_uart.o(i.HAL_UART_Init)
    HAL_UART_MspInit                         0x08004d0d   Thumb Code   238  usart.o(i.HAL_UART_MspInit)
    HAL_UART_Receive_IT                      0x08004e11   Thumb Code    66  stm32h7xx_hal_uart.o(i.HAL_UART_Receive_IT)
    HAL_UART_RxCpltCallback                  0x08004e59   Thumb Code    88  usart.o(i.HAL_UART_RxCpltCallback)
    HAL_UART_Transmit                        0x08004ec1   Thumb Code   176  stm32h7xx_hal_uart.o(i.HAL_UART_Transmit)
    HAL_UART_TxCpltCallback                  0x08004f71   Thumb Code     2  stm32h7xx_hal_uart.o(i.HAL_UART_TxCpltCallback)
    HardFault_Handler                        0x08004f73   Thumb Code     2  stm32h7xx_it.o(i.HardFault_Handler)
    MX_DMA_Init                              0x08004f75   Thumb Code    56  dma.o(i.MX_DMA_Init)
    MX_FDCAN1_Init                           0x08004fb1   Thumb Code   114  fdcan.o(i.MX_FDCAN1_Init)
    MX_FREERTOS_Init                         0x0800502d   Thumb Code    32  freertos.o(i.MX_FREERTOS_Init)
    MX_GPIO_Init                             0x0800505d   Thumb Code   118  gpio.o(i.MX_GPIO_Init)
    MX_TIM3_Init                             0x080050dd   Thumb Code    94  tim.o(i.MX_TIM3_Init)
    MX_TIM4_Init                             0x08005145   Thumb Code    94  tim.o(i.MX_TIM4_Init)
    MX_USART1_UART_Init                      0x080051ad   Thumb Code    94  usart.o(i.MX_USART1_UART_Init)
    MemManage_Handler                        0x08005215   Thumb Code     2  stm32h7xx_it.o(i.MemManage_Handler)
    NMI_Handler                              0x08005217   Thumb Code     2  stm32h7xx_it.o(i.NMI_Handler)
    StartDefaultTask                         0x08005459   Thumb Code   142  freertos.o(i.StartDefaultTask)
    StartTask02                              0x080054f9   Thumb Code     8  freertos.o(i.StartTask02)
    SysTick_Handler                          0x08005501   Thumb Code    26  cmsis_os2.o(i.SysTick_Handler)
    SystemClock_Config                       0x0800551d   Thumb Code   146  main.o(i.SystemClock_Config)
    SystemInit                               0x080055b5   Thumb Code   184  system_stm32h7xx.o(i.SystemInit)
    TIM23_IRQHandler                         0x0800568d   Thumb Code     6  stm32h7xx_it.o(i.TIM23_IRQHandler)
    TIM3_IRQHandler                          0x08005699   Thumb Code     6  stm32h7xx_it.o(i.TIM3_IRQHandler)
    TIM4_IRQHandler                          0x080056a5   Thumb Code     6  stm32h7xx_it.o(i.TIM4_IRQHandler)
    TIM_Base_SetConfig                       0x080056b1   Thumb Code   182  stm32h7xx_hal_tim.o(i.TIM_Base_SetConfig)
    TIM_ETR_SetConfig                        0x08005791   Thumb Code    18  stm32h7xx_hal_tim.o(i.TIM_ETR_SetConfig)
    UART_AdvFeatureConfig                    0x08005845   Thumb Code   200  stm32h7xx_hal_uart.o(i.UART_AdvFeatureConfig)
    UART_CheckIdleState                      0x0800590d   Thumb Code   170  stm32h7xx_hal_uart.o(i.UART_CheckIdleState)
    UART_SetConfig                           0x08005eed   Thumb Code   914  stm32h7xx_hal_uart.o(i.UART_SetConfig)
    UART_Start_Receive_IT                    0x080062c9   Thumb Code   256  stm32h7xx_hal_uart.o(i.UART_Start_Receive_IT)
    UART_WaitOnFlagUntilTimeout              0x080063d9   Thumb Code   148  stm32h7xx_hal_uart.o(i.UART_WaitOnFlagUntilTimeout)
    USART1_IRQHandler                        0x0800646d   Thumb Code     6  stm32h7xx_it.o(i.USART1_IRQHandler)
    UsageFault_Handler                       0x08006479   Thumb Code     2  stm32h7xx_it.o(i.UsageFault_Handler)
    bsp_can_init                             0x0800649d   Thumb Code    28  bsp_fdcan.o(i.bsp_can_init)
    bsp_fdcan_set_baud                       0x080064c1   Thumb Code   238  bsp_fdcan.o(i.bsp_fdcan_set_baud)
    can_filter_init                          0x080065b1   Thumb Code    58  bsp_fdcan.o(i.can_filter_init)
    disable_motor_mode                       0x080065f1   Thumb Code    52  dm_motor_drv.o(i.disable_motor_mode)
    dm_motor_clear_para                      0x08006625   Thumb Code    30  dm_motor_drv.o(i.dm_motor_clear_para)
    dm_motor_ctrl_send                       0x08006649   Thumb Code    90  dm_motor_drv.o(i.dm_motor_ctrl_send)
    dm_motor_disable                         0x080066a3   Thumb Code    68  dm_motor_drv.o(i.dm_motor_disable)
    dm_motor_enable                          0x080066e9   Thumb Code    56  dm_motor_drv.o(i.dm_motor_enable)
    dm_motor_fbdata                          0x08006721   Thumb Code   142  dm_motor_drv.o(i.dm_motor_fbdata)
    dm_motor_init                            0x080067b1   Thumb Code   130  dm_motor_ctrl.o(i.dm_motor_init)
    enable_motor_mode                        0x08006855   Thumb Code    52  dm_motor_drv.o(i.enable_motor_mode)
    fdcan1_rx_callback                       0x08006889   Thumb Code    44  dm_motor_ctrl.o(i.fdcan1_rx_callback)
    fdcanx_receive                           0x080068bd   Thumb Code    98  bsp_fdcan.o(i.fdcanx_receive)
    fdcanx_send_data                         0x0800691f   Thumb Code   110  bsp_fdcan.o(i.fdcanx_send_data)
    float_to_uint                            0x0800698d   Thumb Code    40  dm_motor_drv.o(i.float_to_uint)
    main                                     0x080069b5   Thumb Code    86  main.o(i.main)
    mit_ctrl                                 0x08006a15   Thumb Code   192  dm_motor_drv.o(i.mit_ctrl)
    osDelay                                  0x08006add   Thumb Code    28  cmsis_os2.o(i.osDelay)
    osKernelInitialize                       0x08006af9   Thumb Code    32  cmsis_os2.o(i.osKernelInitialize)
    osKernelStart                            0x08006b1d   Thumb Code    48  cmsis_os2.o(i.osKernelStart)
    osThreadNew                              0x08006b55   Thumb Code   144  cmsis_os2.o(i.osThreadNew)
    pos_ctrl                                 0x08006be5   Thumb Code    76  dm_motor_drv.o(i.pos_ctrl)
    psi_ctrl                                 0x080073c9   Thumb Code    96  dm_motor_drv.o(i.psi_ctrl)
    pvPortMalloc                             0x08007431   Thumb Code   216  heap_4.o(i.pvPortMalloc)
    pxPortInitialiseStack                    0x0800750d   Thumb Code    42  port.o(i.pxPortInitialiseStack)
    read_all_motor_data                      0x0800753d   Thumb Code   334  dm_motor_ctrl.o(i.read_all_motor_data)
    read_motor_data                          0x0800768d   Thumb Code    44  dm_motor_drv.o(i.read_motor_data)
    receive_motor_data                       0x080076c1   Thumb Code   480  dm_motor_ctrl.o(i.receive_motor_data)
    save_motor_data                          0x080078a1   Thumb Code    36  dm_motor_drv.o(i.save_motor_data)
    spd_ctrl                                 0x080078cd   Thumb Code    44  dm_motor_drv.o(i.spd_ctrl)
    uint_to_float                            0x080078f9   Thumb Code    40  dm_motor_drv.o(i.uint_to_float)
    uxListRemove                             0x08007921   Thumb Code    38  list.o(i.uxListRemove)
    vApplicationGetIdleTaskMemory            0x08007949   Thumb Code    18  cmsis_os2.o(i.vApplicationGetIdleTaskMemory)
    vApplicationGetTimerTaskMemory           0x08007961   Thumb Code    20  cmsis_os2.o(i.vApplicationGetTimerTaskMemory)
    vListInitialise                          0x08007979   Thumb Code    22  list.o(i.vListInitialise)
    vListInitialiseItem                      0x0800798f   Thumb Code     6  list.o(i.vListInitialiseItem)
    vListInsert                              0x08007995   Thumb Code    48  list.o(i.vListInsert)
    vListInsertEnd                           0x080079c5   Thumb Code    24  list.o(i.vListInsertEnd)
    vPortEnterCritical                       0x080079dd   Thumb Code    54  port.o(i.vPortEnterCritical)
    vPortExitCritical                        0x08007a1d   Thumb Code    34  port.o(i.vPortExitCritical)
    vPortFree                                0x08007a45   Thumb Code    94  heap_4.o(i.vPortFree)
    vPortSetupTimerInterrupt                 0x08007aa9   Thumb Code    32  port.o(i.vPortSetupTimerInterrupt)
    vPortValidateInterruptPriority           0x08007acd   Thumb Code    74  port.o(i.vPortValidateInterruptPriority)
    vQueueAddToRegistry                      0x08007b21   Thumb Code    34  queue.o(i.vQueueAddToRegistry)
    vQueueWaitForMessageRestricted           0x08007b49   Thumb Code    68  queue.o(i.vQueueWaitForMessageRestricted)
    vTaskDelay                               0x08007b8d   Thumb Code    66  tasks.o(i.vTaskDelay)
    vTaskInternalSetTimeOutState             0x08007bd9   Thumb Code    12  tasks.o(i.vTaskInternalSetTimeOutState)
    vTaskMissedYield                         0x08007be9   Thumb Code     8  tasks.o(i.vTaskMissedYield)
    vTaskPlaceOnEventList                    0x08007bf5   Thumb Code    44  tasks.o(i.vTaskPlaceOnEventList)
    vTaskPlaceOnEventListRestricted          0x08007c25   Thumb Code    52  tasks.o(i.vTaskPlaceOnEventListRestricted)
    vTaskStartScheduler                      0x08007c5d   Thumb Code   118  tasks.o(i.vTaskStartScheduler)
    vTaskSuspendAll                          0x08007ce5   Thumb Code    10  tasks.o(i.vTaskSuspendAll)
    vTaskSwitchContext                       0x08007cf5   Thumb Code    90  tasks.o(i.vTaskSwitchContext)
    write_motor_data                         0x08007d59   Thumb Code    68  dm_motor_drv.o(i.write_motor_data)
    xPortStartScheduler                      0x08007da9   Thumb Code   222  port.o(i.xPortStartScheduler)
    xPortSysTickHandler                      0x08007e9d   Thumb Code    38  port.o(i.xPortSysTickHandler)
    xQueueGenericCreateStatic                0x08007ec9   Thumb Code   102  queue.o(i.xQueueGenericCreateStatic)
    xQueueGenericReset                       0x08007f31   Thumb Code   144  queue.o(i.xQueueGenericReset)
    xQueueGenericSend                        0x08007fc5   Thumb Code   346  queue.o(i.xQueueGenericSend)
    xQueueGenericSendFromISR                 0x08008125   Thumb Code   190  queue.o(i.xQueueGenericSendFromISR)
    xQueueReceive                            0x080081e5   Thumb Code   310  queue.o(i.xQueueReceive)
    xTaskCheckForTimeOut                     0x08008321   Thumb Code   116  tasks.o(i.xTaskCheckForTimeOut)
    xTaskCreate                              0x08008399   Thumb Code    90  tasks.o(i.xTaskCreate)
    xTaskCreateStatic                        0x080083f3   Thumb Code    86  tasks.o(i.xTaskCreateStatic)
    xTaskGetSchedulerState                   0x08008449   Thumb Code    22  tasks.o(i.xTaskGetSchedulerState)
    xTaskGetTickCount                        0x08008465   Thumb Code     6  tasks.o(i.xTaskGetTickCount)
    xTaskIncrementTick                       0x08008471   Thumb Code   192  tasks.o(i.xTaskIncrementTick)
    xTaskPriorityDisinherit                  0x08008539   Thumb Code   116  tasks.o(i.xTaskPriorityDisinherit)
    xTaskRemoveFromEventList                 0x080085b5   Thumb Code   100  tasks.o(i.xTaskRemoveFromEventList)
    xTaskResumeAll                           0x08008625   Thumb Code   184  tasks.o(i.xTaskResumeAll)
    xTimerCreateTimerTask                    0x080086e9   Thumb Code    78  timers.o(i.xTimerCreateTimerTask)
    xTimerGenericCommand                     0x08008749   Thumb Code    98  timers.o(i.xTimerGenericCommand)
    _fp_init                                 0x080087b1   Thumb Code    10  fpinit.o(x$fpl$fpinit)
    __fplib_config_fpu_vfp                   0x080087b9   Thumb Code     0  fpinit.o(x$fpl$fpinit)
    __fplib_config_pureend_doubles           0x080087b9   Thumb Code     0  fpinit.o(x$fpl$fpinit)
    defaultTask_attributes                   0x080087bc   Data          36  freertos.o(.constdata)
    myTask02_attributes                      0x080087e0   Data          36  freertos.o(.constdata)
    UARTPrescTable                           0x08008868   Data          24  stm32h7xx_hal_uart.o(.constdata)
    D1CorePrescTable                         0x08008890   Data          16  system_stm32h7xx.o(.constdata)
    Region$$Table$$Base                      0x080088fc   Number         0  anon$$obj.o(Region$$Table)
    Region$$Table$$Limit                     0x0800893c   Number         0  anon$$obj.o(Region$$Table)
    g_target_motor_speed                     0x20000000   Data           4  main.o(.data)
    target_rpm                               0x20000004   Data           4  main.o(.data)
    SystemCoreClock                          0x20000008   Data           4  system_stm32h7xx.o(.data)
    SystemD2Clock                            0x2000000c   Data           4  system_stm32h7xx.o(.data)
    pxCurrentTCB                             0x20000010   Data           4  tasks.o(.data)
    defaultTaskControlBlock                  0x20000064   Data          92  freertos.o(.bss)
    myTask02Buffer                           0x200000c0   Data       20000  freertos.o(.bss)
    hfdcan1                                  0x20004ee0   Data         160  fdcan.o(.bss)
    htim23                                   0x20004f80   Data          76  stm32h7xx_hal_timebase_tim.o(.bss)
    __libspace_start                         0x20005c60   Data          96  libspace.o(.bss)
    __temporary_stack_top$libspace           0x20005cc0   Data           0  libspace.o(.bss)
    defaultTaskHandle                        0x24000000   Data           4  freertos.o(.data)
    myTask02Handle                           0x24000004   Data           4  freertos.o(.data)
    uart_cmd_received_flag                   0x24000008   Data           1  usart.o(.data)
    uart_rx_buffer                           0x24000009   Data           1  usart.o(.data)
    uart_cmd_index                           0x2400000a   Data           2  usart.o(.data)
    uwTickFreq                               0x2400000c   Data           1  stm32h7xx_hal.o(.data)
    uwTickPrio                               0x24000010   Data           4  stm32h7xx_hal.o(.data)
    uwTick                                   0x24000014   Data           4  stm32h7xx_hal.o(.data)
    defaultTaskBuffer                        0x24000044   Data       12000  freertos.o(.bss)
    myTask02ControlBlock                     0x24002f24   Data          92  freertos.o(.bss)
    htim3                                    0x24002f80   Data          76  tim.o(.bss)
    htim4                                    0x24002fcc   Data          76  tim.o(.bss)
    huart1                                   0x24003018   Data         148  usart.o(.bss)
    hdma_usart1_rx                           0x240030ac   Data         120  usart.o(.bss)
    hdma_usart1_tx                           0x24003124   Data         120  usart.o(.bss)
    uart_cmd_buffer                          0x2400319c   Data          64  usart.o(.bss)
    xQueueRegistry                           0x240031dc   Data          64  queue.o(.bss)
    motor                                    0x24006e1c   Data        2720  dm_motor_ctrl.o(.bss)



==============================================================================

Memory Map of the image

  Image Entry point : 0x080002cd

  Load Region LR_IROM1 (Base: 0x08000000, Size: 0x000089e4, Max: 0x00100000, ABSOLUTE)

    Execution Region ER_IROM1 (Exec base: 0x08000000, Load base: 0x08000000, Size: 0x0000893c, Max: 0x00100000, ABSOLUTE)

    Exec Addr    Load Addr    Size         Type   Attr      Idx    E Section Name        Object

    0x08000000   0x08000000   0x000002cc   Data   RO            3    RESET               startup_stm32h723xx.o
    0x080002cc   0x080002cc   0x00000008   Code   RO         7395  * !!!main             c_w.l(__main.o)
    0x080002d4   0x080002d4   0x00000034   Code   RO         7566    !!!scatter          c_w.l(__scatter.o)
    0x08000308   0x08000308   0x0000001a   Code   RO         7568    !!handler_copy      c_w.l(__scatter_copy.o)
    0x08000322   0x08000322   0x00000002   PAD
    0x08000324   0x08000324   0x0000001c   Code   RO         7570    !!handler_zi        c_w.l(__scatter_zi.o)
    0x08000340   0x08000340   0x00000002   Code   RO         7434    .ARM.Collect$$libinit$$00000000  c_w.l(libinit.o)
    0x08000342   0x08000342   0x00000004   Code   RO         7446    .ARM.Collect$$libinit$$00000001  c_w.l(libinit2.o)
    0x08000346   0x08000346   0x00000000   Code   RO         7449    .ARM.Collect$$libinit$$00000004  c_w.l(libinit2.o)
    0x08000346   0x08000346   0x00000000   Code   RO         7452    .ARM.Collect$$libinit$$0000000A  c_w.l(libinit2.o)
    0x08000346   0x08000346   0x00000000   Code   RO         7454    .ARM.Collect$$libinit$$0000000C  c_w.l(libinit2.o)
    0x08000346   0x08000346   0x00000000   Code   RO         7456    .ARM.Collect$$libinit$$0000000E  c_w.l(libinit2.o)
    0x08000346   0x08000346   0x00000000   Code   RO         7459    .ARM.Collect$$libinit$$00000011  c_w.l(libinit2.o)
    0x08000346   0x08000346   0x00000000   Code   RO         7461    .ARM.Collect$$libinit$$00000013  c_w.l(libinit2.o)
    0x08000346   0x08000346   0x00000000   Code   RO         7463    .ARM.Collect$$libinit$$00000015  c_w.l(libinit2.o)
    0x08000346   0x08000346   0x00000000   Code   RO         7465    .ARM.Collect$$libinit$$00000017  c_w.l(libinit2.o)
    0x08000346   0x08000346   0x00000000   Code   RO         7467    .ARM.Collect$$libinit$$00000019  c_w.l(libinit2.o)
    0x08000346   0x08000346   0x00000000   Code   RO         7469    .ARM.Collect$$libinit$$0000001B  c_w.l(libinit2.o)
    0x08000346   0x08000346   0x00000000   Code   RO         7471    .ARM.Collect$$libinit$$0000001D  c_w.l(libinit2.o)
    0x08000346   0x08000346   0x00000000   Code   RO         7473    .ARM.Collect$$libinit$$0000001F  c_w.l(libinit2.o)
    0x08000346   0x08000346   0x00000000   Code   RO         7475    .ARM.Collect$$libinit$$00000021  c_w.l(libinit2.o)
    0x08000346   0x08000346   0x00000000   Code   RO         7477    .ARM.Collect$$libinit$$00000023  c_w.l(libinit2.o)
    0x08000346   0x08000346   0x00000000   Code   RO         7479    .ARM.Collect$$libinit$$00000025  c_w.l(libinit2.o)
    0x08000346   0x08000346   0x00000000   Code   RO         7483    .ARM.Collect$$libinit$$0000002C  c_w.l(libinit2.o)
    0x08000346   0x08000346   0x00000000   Code   RO         7485    .ARM.Collect$$libinit$$0000002E  c_w.l(libinit2.o)
    0x08000346   0x08000346   0x00000000   Code   RO         7487    .ARM.Collect$$libinit$$00000030  c_w.l(libinit2.o)
    0x08000346   0x08000346   0x00000000   Code   RO         7489    .ARM.Collect$$libinit$$00000032  c_w.l(libinit2.o)
    0x08000346   0x08000346   0x00000002   Code   RO         7490    .ARM.Collect$$libinit$$00000033  c_w.l(libinit2.o)
    0x08000348   0x08000348   0x00000002   Code   RO         7521    .ARM.Collect$$libshutdown$$00000000  c_w.l(libshutdown.o)
    0x0800034a   0x0800034a   0x00000000   Code   RO         7547    .ARM.Collect$$libshutdown$$00000002  c_w.l(libshutdown2.o)
    0x0800034a   0x0800034a   0x00000000   Code   RO         7549    .ARM.Collect$$libshutdown$$00000004  c_w.l(libshutdown2.o)
    0x0800034a   0x0800034a   0x00000000   Code   RO         7551    .ARM.Collect$$libshutdown$$00000006  c_w.l(libshutdown2.o)
    0x0800034a   0x0800034a   0x00000000   Code   RO         7554    .ARM.Collect$$libshutdown$$00000009  c_w.l(libshutdown2.o)
    0x0800034a   0x0800034a   0x00000000   Code   RO         7557    .ARM.Collect$$libshutdown$$0000000C  c_w.l(libshutdown2.o)
    0x0800034a   0x0800034a   0x00000000   Code   RO         7559    .ARM.Collect$$libshutdown$$0000000E  c_w.l(libshutdown2.o)
    0x0800034a   0x0800034a   0x00000000   Code   RO         7562    .ARM.Collect$$libshutdown$$00000011  c_w.l(libshutdown2.o)
    0x0800034a   0x0800034a   0x00000002   Code   RO         7563    .ARM.Collect$$libshutdown$$00000012  c_w.l(libshutdown2.o)
    0x0800034c   0x0800034c   0x00000000   Code   RO         7397    .ARM.Collect$$rtentry$$00000000  c_w.l(__rtentry.o)
    0x0800034c   0x0800034c   0x00000000   Code   RO         7405    .ARM.Collect$$rtentry$$00000002  c_w.l(__rtentry2.o)
    0x0800034c   0x0800034c   0x00000006   Code   RO         7417    .ARM.Collect$$rtentry$$00000004  c_w.l(__rtentry4.o)
    0x08000352   0x08000352   0x00000000   Code   RO         7407    .ARM.Collect$$rtentry$$00000009  c_w.l(__rtentry2.o)
    0x08000352   0x08000352   0x00000004   Code   RO         7408    .ARM.Collect$$rtentry$$0000000A  c_w.l(__rtentry2.o)
    0x08000356   0x08000356   0x00000000   Code   RO         7410    .ARM.Collect$$rtentry$$0000000C  c_w.l(__rtentry2.o)
    0x08000356   0x08000356   0x00000008   Code   RO         7411    .ARM.Collect$$rtentry$$0000000D  c_w.l(__rtentry2.o)
    0x0800035e   0x0800035e   0x00000002   Code   RO         7438    .ARM.Collect$$rtexit$$00000000  c_w.l(rtexit.o)
    0x08000360   0x08000360   0x00000000   Code   RO         7494    .ARM.Collect$$rtexit$$00000002  c_w.l(rtexit2.o)
    0x08000360   0x08000360   0x00000004   Code   RO         7495    .ARM.Collect$$rtexit$$00000003  c_w.l(rtexit2.o)
    0x08000364   0x08000364   0x00000006   Code   RO         7496    .ARM.Collect$$rtexit$$00000004  c_w.l(rtexit2.o)
    0x0800036a   0x0800036a   0x00000002   PAD
    0x0800036c   0x0800036c   0x000000be   Code   RO         6998    .emb_text           port.o
    0x0800042a   0x0800042a   0x00000002   PAD
    0x0800042c   0x0800042c   0x00000048   Code   RO            4    .text               startup_stm32h723xx.o
    0x08000474   0x08000474   0x000000ee   Code   RO         7379    .text               c_w.l(lludivv7m.o)
    0x08000562   0x08000562   0x0000003e   Code   RO         7381    .text               c_w.l(strlen.o)
    0x080005a0   0x080005a0   0x0000008a   Code   RO         7383    .text               c_w.l(rt_memcpy_v6.o)
    0x0800062a   0x0800062a   0x00000064   Code   RO         7385    .text               c_w.l(rt_memcpy_w.o)
    0x0800068e   0x0800068e   0x00000010   Code   RO         7389    .text               c_w.l(aeabi_memset.o)
    0x0800069e   0x0800069e   0x0000004e   Code   RO         7391    .text               c_w.l(rt_memclr_w.o)
    0x080006ec   0x080006ec   0x00000006   Code   RO         7393    .text               c_w.l(heapauxi.o)
    0x080006f2   0x080006f2   0x00000044   Code   RO         7402    .text               c_w.l(rt_memclr.o)
    0x08000736   0x08000736   0x0000004a   Code   RO         7421    .text               c_w.l(sys_stackheap_outer.o)
    0x08000780   0x08000780   0x00000012   Code   RO         7423    .text               c_w.l(exit.o)
    0x08000792   0x08000792   0x00000002   PAD
    0x08000794   0x08000794   0x00000008   Code   RO         7435    .text               c_w.l(libspace.o)
    0x0800079c   0x0800079c   0x0000000c   Code   RO         7491    .text               c_w.l(sys_exit.o)
    0x080007a8   0x080007a8   0x00000002   Code   RO         7510    .text               c_w.l(use_no_semi.o)
    0x080007aa   0x080007aa   0x00000000   Code   RO         7512    .text               c_w.l(indicate_semi.o)
    0x080007aa   0x080007aa   0x00000002   Code   RO          513    i.BusFault_Handler  stm32h7xx_it.o
    0x080007ac   0x080007ac   0x0000000c   Code   RO          514    i.DMA1_Stream0_IRQHandler  stm32h7xx_it.o
    0x080007b8   0x080007b8   0x0000000c   Code   RO          515    i.DMA1_Stream1_IRQHandler  stm32h7xx_it.o
    0x080007c4   0x080007c4   0x000000b4   Code   RO         2480    i.DMA_CalcBaseAndBitshift  stm32h7xx_hal_dma.o
    0x08000878   0x08000878   0x0000009c   Code   RO         2481    i.DMA_CalcDMAMUXChannelBaseAndMask  stm32h7xx_hal_dma.o
    0x08000914   0x08000914   0x00000074   Code   RO         2482    i.DMA_CalcDMAMUXRequestGenBaseAndMask  stm32h7xx_hal_dma.o
    0x08000988   0x08000988   0x00000054   Code   RO         2483    i.DMA_CheckFifoParam  stm32h7xx_hal_dma.o
    0x080009dc   0x080009dc   0x00000002   Code   RO          516    i.DebugMon_Handler  stm32h7xx_it.o
    0x080009de   0x080009de   0x00000004   Code   RO           13    i.Error_Handler     main.o
    0x080009e2   0x080009e2   0x00000002   PAD
    0x080009e4   0x080009e4   0x0000001c   Code   RO         5277    i.ExitRun0Mode      system_stm32h7xx.o
    0x08000a00   0x08000a00   0x0000000c   Code   RO          517    i.FDCAN1_IT0_IRQHandler  stm32h7xx_it.o
    0x08000a0c   0x08000a0c   0x0000000c   Code   RO          518    i.FDCAN1_IT1_IRQHandler  stm32h7xx_it.o
    0x08000a18   0x08000a18   0x0000000c   Code   RO          519    i.FDCAN_CAL_IRQHandler  stm32h7xx_it.o
    0x08000a24   0x08000a24   0x000001c8   Code   RO         4121    i.FDCAN_CalcultateRamBlockAddresses  stm32h7xx_hal_fdcan.o
    0x08000bec   0x08000bec   0x0000007c   Code   RO         4122    i.FDCAN_CopyMessageToRAM  stm32h7xx_hal_fdcan.o
    0x08000c68   0x08000c68   0x00000360   Code   RO         2485    i.HAL_DMA_Abort     stm32h7xx_hal_dma.o
    0x08000fc8   0x08000fc8   0x00000284   Code   RO         2486    i.HAL_DMA_Abort_IT  stm32h7xx_hal_dma.o
    0x0800124c   0x0800124c   0x000006e8   Code   RO         2490    i.HAL_DMA_IRQHandler  stm32h7xx_hal_dma.o
    0x08001934   0x08001934   0x000003bc   Code   RO         2491    i.HAL_DMA_Init      stm32h7xx_hal_dma.o
    0x08001cf0   0x08001cf0   0x00000024   Code   RO         3182    i.HAL_Delay         stm32h7xx_hal.o
    0x08001d14   0x08001d14   0x00000088   Code   RO         4124    i.HAL_FDCAN_ActivateNotification  stm32h7xx_hal_fdcan.o
    0x08001d9c   0x08001d9c   0x00000066   Code   RO         4126    i.HAL_FDCAN_AddMessageToTxFifoQ  stm32h7xx_hal_fdcan.o
    0x08001e02   0x08001e02   0x00000002   Code   RO         4127    i.HAL_FDCAN_ClockCalibrationCallback  stm32h7xx_hal_fdcan.o
    0x08001e04   0x08001e04   0x0000005a   Code   RO         4130    i.HAL_FDCAN_ConfigFifoWatermark  stm32h7xx_hal_fdcan.o
    0x08001e5e   0x08001e5e   0x0000007e   Code   RO         4131    i.HAL_FDCAN_ConfigFilter  stm32h7xx_hal_fdcan.o
    0x08001edc   0x08001edc   0x00000032   Code   RO         4132    i.HAL_FDCAN_ConfigGlobalFilter  stm32h7xx_hal_fdcan.o
    0x08001f0e   0x08001f0e   0x0000002a   Code   RO         4139    i.HAL_FDCAN_DeInit  stm32h7xx_hal_fdcan.o
    0x08001f38   0x08001f38   0x00000002   Code   RO         4153    i.HAL_FDCAN_ErrorCallback  stm32h7xx_hal_fdcan.o
    0x08001f3a   0x08001f3a   0x00000010   Code   RO         7273    i.HAL_FDCAN_ErrorStatusCallback  bsp_fdcan.o
    0x08001f4a   0x08001f4a   0x00000002   PAD
    0x08001f4c   0x08001f4c   0x0000018c   Code   RO         4165    i.HAL_FDCAN_GetRxMessage  stm32h7xx_hal_fdcan.o
    0x080020d8   0x080020d8   0x00000002   Code   RO         4171    i.HAL_FDCAN_HighPriorityMessageCallback  stm32h7xx_hal_fdcan.o
    0x080020da   0x080020da   0x00000002   PAD
    0x080020dc   0x080020dc   0x00000320   Code   RO         4172    i.HAL_FDCAN_IRQHandler  stm32h7xx_hal_fdcan.o
    0x080023fc   0x080023fc   0x00000244   Code   RO         4173    i.HAL_FDCAN_Init    stm32h7xx_hal_fdcan.o
    0x08002640   0x08002640   0x00000040   Code   RO          356    i.HAL_FDCAN_MspDeInit  fdcan.o
    0x08002680   0x08002680   0x000000b8   Code   RO          357    i.HAL_FDCAN_MspInit  fdcan.o
    0x08002738   0x08002738   0x00000002   Code   RO         4182    i.HAL_FDCAN_RxBufferNewMessageCallback  stm32h7xx_hal_fdcan.o
    0x0800273a   0x0800273a   0x00000002   PAD
    0x0800273c   0x0800273c   0x00000014   Code   RO         7274    i.HAL_FDCAN_RxFifo0Callback  bsp_fdcan.o
    0x08002750   0x08002750   0x00000002   Code   RO         4184    i.HAL_FDCAN_RxFifo1Callback  stm32h7xx_hal_fdcan.o
    0x08002752   0x08002752   0x00000032   Code   RO         4185    i.HAL_FDCAN_Start   stm32h7xx_hal_fdcan.o
    0x08002784   0x08002784   0x0000007e   Code   RO         4186    i.HAL_FDCAN_Stop    stm32h7xx_hal_fdcan.o
    0x08002802   0x08002802   0x00000002   Code   RO         4207    i.HAL_FDCAN_TT_GlobalTimeCallback  stm32h7xx_hal_fdcan.o
    0x08002804   0x08002804   0x00000002   Code   RO         4208    i.HAL_FDCAN_TT_ScheduleSyncCallback  stm32h7xx_hal_fdcan.o
    0x08002806   0x08002806   0x00000002   Code   RO         4213    i.HAL_FDCAN_TT_StopWatchCallback  stm32h7xx_hal_fdcan.o
    0x08002808   0x08002808   0x00000002   Code   RO         4214    i.HAL_FDCAN_TT_TimeMarkCallback  stm32h7xx_hal_fdcan.o
    0x0800280a   0x0800280a   0x00000002   Code   RO         4215    i.HAL_FDCAN_TimeoutOccurredCallback  stm32h7xx_hal_fdcan.o
    0x0800280c   0x0800280c   0x00000002   Code   RO         4216    i.HAL_FDCAN_TimestampWraparoundCallback  stm32h7xx_hal_fdcan.o
    0x0800280e   0x0800280e   0x00000002   Code   RO         4217    i.HAL_FDCAN_TxBufferAbortCallback  stm32h7xx_hal_fdcan.o
    0x08002810   0x08002810   0x00000002   Code   RO         4218    i.HAL_FDCAN_TxBufferCompleteCallback  stm32h7xx_hal_fdcan.o
    0x08002812   0x08002812   0x00000002   Code   RO         4219    i.HAL_FDCAN_TxEventFifoCallback  stm32h7xx_hal_fdcan.o
    0x08002814   0x08002814   0x00000002   Code   RO         4220    i.HAL_FDCAN_TxFifoEmptyCallback  stm32h7xx_hal_fdcan.o
    0x08002816   0x08002816   0x00000002   PAD
    0x08002818   0x08002818   0x00000160   Code   RO         2330    i.HAL_GPIO_DeInit   stm32h7xx_hal_gpio.o
    0x08002978   0x08002978   0x0000021c   Code   RO         2333    i.HAL_GPIO_Init     stm32h7xx_hal_gpio.o
    0x08002b94   0x08002b94   0x0000000a   Code   RO         2337    i.HAL_GPIO_WritePin  stm32h7xx_hal_gpio.o
    0x08002b9e   0x08002b9e   0x00000002   PAD
    0x08002ba0   0x08002ba0   0x0000000c   Code   RO         3198    i.HAL_GetTick       stm32h7xx_hal.o
    0x08002bac   0x08002bac   0x00000010   Code   RO         3204    i.HAL_IncTick       stm32h7xx_hal.o
    0x08002bbc   0x08002bbc   0x0000005c   Code   RO         3205    i.HAL_Init          stm32h7xx_hal.o
    0x08002c18   0x08002c18   0x00000084   Code   RO          649    i.HAL_InitTick      stm32h7xx_hal_timebase_tim.o
    0x08002c9c   0x08002c9c   0x00000024   Code   RO          625    i.HAL_MspInit       stm32h7xx_hal_msp.o
    0x08002cc0   0x08002cc0   0x00000022   Code   RO         1714    i.HAL_NVIC_DisableIRQ  stm32h7xx_hal_cortex.o
    0x08002ce2   0x08002ce2   0x0000001a   Code   RO         1715    i.HAL_NVIC_EnableIRQ  stm32h7xx_hal_cortex.o
    0x08002cfc   0x08002cfc   0x00000040   Code   RO         1721    i.HAL_NVIC_SetPriority  stm32h7xx_hal_cortex.o
    0x08002d3c   0x08002d3c   0x00000024   Code   RO         1722    i.HAL_NVIC_SetPriorityGrouping  stm32h7xx_hal_cortex.o
    0x08002d60   0x08002d60   0x00000054   Code   RO         2934    i.HAL_PWREx_ConfigSupply  stm32h7xx_hal_pwr_ex.o
    0x08002db4   0x08002db4   0x00000024   Code   RO         1976    i.HAL_RCCEx_GetD3PCLK1Freq  stm32h7xx_hal_rcc_ex.o
    0x08002dd8   0x08002dd8   0x00000144   Code   RO         1978    i.HAL_RCCEx_GetPLL2ClockFreq  stm32h7xx_hal_rcc_ex.o
    0x08002f1c   0x08002f1c   0x00000144   Code   RO         1979    i.HAL_RCCEx_GetPLL3ClockFreq  stm32h7xx_hal_rcc_ex.o
    0x08003060   0x08003060   0x0000093a   Code   RO         1985    i.HAL_RCCEx_PeriphCLKConfig  stm32h7xx_hal_rcc_ex.o
    0x0800399a   0x0800399a   0x00000002   PAD
    0x0800399c   0x0800399c   0x0000025c   Code   RO         1861    i.HAL_RCC_ClockConfig  stm32h7xx_hal_rcc.o
    0x08003bf8   0x08003bf8   0x0000005c   Code   RO         1865    i.HAL_RCC_GetClockConfig  stm32h7xx_hal_rcc.o
    0x08003c54   0x08003c54   0x00000044   Code   RO         1866    i.HAL_RCC_GetHCLKFreq  stm32h7xx_hal_rcc.o
    0x08003c98   0x08003c98   0x00000024   Code   RO         1868    i.HAL_RCC_GetPCLK1Freq  stm32h7xx_hal_rcc.o
    0x08003cbc   0x08003cbc   0x00000024   Code   RO         1869    i.HAL_RCC_GetPCLK2Freq  stm32h7xx_hal_rcc.o
    0x08003ce0   0x08003ce0   0x00000138   Code   RO         1870    i.HAL_RCC_GetSysClockFreq  stm32h7xx_hal_rcc.o
    0x08003e18   0x08003e18   0x00000526   Code   RO         1873    i.HAL_RCC_OscConfig  stm32h7xx_hal_rcc.o
    0x0800433e   0x0800433e   0x00000002   Code   RO         1404    i.HAL_TIMEx_Break2Callback  stm32h7xx_hal_tim_ex.o
    0x08004340   0x08004340   0x00000002   Code   RO         1405    i.HAL_TIMEx_BreakCallback  stm32h7xx_hal_tim_ex.o
    0x08004342   0x08004342   0x00000002   Code   RO         1406    i.HAL_TIMEx_CommutCallback  stm32h7xx_hal_tim_ex.o
    0x08004344   0x08004344   0x000000b8   Code   RO         1427    i.HAL_TIMEx_MasterConfigSynchronization  stm32h7xx_hal_tim_ex.o
    0x080043fc   0x080043fc   0x00000062   Code   RO          690    i.HAL_TIM_Base_Init  stm32h7xx_hal_tim.o
    0x0800445e   0x0800445e   0x00000002   PAD
    0x08004460   0x08004460   0x00000064   Code   RO          417    i.HAL_TIM_Base_MspInit  tim.o
    0x080044c4   0x080044c4   0x000000a0   Code   RO          695    i.HAL_TIM_Base_Start_IT  stm32h7xx_hal_tim.o
    0x08004564   0x08004564   0x000000fc   Code   RO          699    i.HAL_TIM_ConfigClockSource  stm32h7xx_hal_tim.o
    0x08004660   0x08004660   0x00000002   Code   RO          724    i.HAL_TIM_IC_CaptureCallback  stm32h7xx_hal_tim.o
    0x08004662   0x08004662   0x00000148   Code   RO          738    i.HAL_TIM_IRQHandler  stm32h7xx_hal_tim.o
    0x080047aa   0x080047aa   0x00000002   Code   RO          741    i.HAL_TIM_OC_DelayElapsedCallback  stm32h7xx_hal_tim.o
    0x080047ac   0x080047ac   0x00000002   Code   RO          768    i.HAL_TIM_PWM_PulseFinishedCallback  stm32h7xx_hal_tim.o
    0x080047ae   0x080047ae   0x00000002   PAD
    0x080047b0   0x080047b0   0x00000070   Code   RO           14    i.HAL_TIM_PeriodElapsedCallback  main.o
    0x08004820   0x08004820   0x00000002   Code   RO          781    i.HAL_TIM_TriggerCallback  stm32h7xx_hal_tim.o
    0x08004822   0x08004822   0x00000040   Code   RO         5159    i.HAL_UARTEx_DisableFifoMode  stm32h7xx_hal_uart_ex.o
    0x08004862   0x08004862   0x00000002   Code   RO         4748    i.HAL_UARTEx_RxEventCallback  stm32h7xx_hal_uart.o
    0x08004864   0x08004864   0x00000002   Code   RO         5167    i.HAL_UARTEx_RxFifoFullCallback  stm32h7xx_hal_uart_ex.o
    0x08004866   0x08004866   0x0000004c   Code   RO         5168    i.HAL_UARTEx_SetRxFifoThreshold  stm32h7xx_hal_uart_ex.o
    0x080048b2   0x080048b2   0x0000004c   Code   RO         5169    i.HAL_UARTEx_SetTxFifoThreshold  stm32h7xx_hal_uart_ex.o
    0x080048fe   0x080048fe   0x00000002   Code   RO         5171    i.HAL_UARTEx_TxFifoEmptyCallback  stm32h7xx_hal_uart_ex.o
    0x08004900   0x08004900   0x00000002   Code   RO         5172    i.HAL_UARTEx_WakeupCallback  stm32h7xx_hal_uart_ex.o
    0x08004902   0x08004902   0x00000002   Code   RO         4764    i.HAL_UART_ErrorCallback  stm32h7xx_hal_uart.o
    0x08004904   0x08004904   0x0000039c   Code   RO         4767    i.HAL_UART_IRQHandler  stm32h7xx_hal_uart.o
    0x08004ca0   0x08004ca0   0x0000006a   Code   RO         4768    i.HAL_UART_Init     stm32h7xx_hal_uart.o
    0x08004d0a   0x08004d0a   0x00000002   PAD
    0x08004d0c   0x08004d0c   0x00000104   Code   RO          465    i.HAL_UART_MspInit  usart.o
    0x08004e10   0x08004e10   0x00000048   Code   RO         4773    i.HAL_UART_Receive_IT  stm32h7xx_hal_uart.o
    0x08004e58   0x08004e58   0x00000068   Code   RO          466    i.HAL_UART_RxCpltCallback  usart.o
    0x08004ec0   0x08004ec0   0x000000b0   Code   RO         4777    i.HAL_UART_Transmit  stm32h7xx_hal_uart.o
    0x08004f70   0x08004f70   0x00000002   Code   RO         4780    i.HAL_UART_TxCpltCallback  stm32h7xx_hal_uart.o
    0x08004f72   0x08004f72   0x00000002   Code   RO          520    i.HardFault_Handler  stm32h7xx_it.o
    0x08004f74   0x08004f74   0x0000003c   Code   RO          332    i.MX_DMA_Init       dma.o
    0x08004fb0   0x08004fb0   0x0000007c   Code   RO          358    i.MX_FDCAN1_Init    fdcan.o
    0x0800502c   0x0800502c   0x00000030   Code   RO          275    i.MX_FREERTOS_Init  freertos.o
    0x0800505c   0x0800505c   0x00000080   Code   RO          251    i.MX_GPIO_Init      gpio.o
    0x080050dc   0x080050dc   0x00000068   Code   RO          418    i.MX_TIM3_Init      tim.o
    0x08005144   0x08005144   0x00000068   Code   RO          419    i.MX_TIM4_Init      tim.o
    0x080051ac   0x080051ac   0x00000068   Code   RO          467    i.MX_USART1_UART_Init  usart.o
    0x08005214   0x08005214   0x00000002   Code   RO          521    i.MemManage_Handler  stm32h7xx_it.o
    0x08005216   0x08005216   0x00000002   Code   RO          522    i.NMI_Handler       stm32h7xx_it.o
    0x08005218   0x08005218   0x00000120   Code   RO         1988    i.RCCEx_PLL2_Config  stm32h7xx_hal_rcc_ex.o
    0x08005338   0x08005338   0x00000120   Code   RO         1989    i.RCCEx_PLL3_Config  stm32h7xx_hal_rcc_ex.o
    0x08005458   0x08005458   0x000000a0   Code   RO          276    i.StartDefaultTask  freertos.o
    0x080054f8   0x080054f8   0x00000008   Code   RO          277    i.StartTask02       freertos.o
    0x08005500   0x08005500   0x0000001a   Code   RO         6430    i.SysTick_Handler   cmsis_os2.o
    0x0800551a   0x0800551a   0x00000002   PAD
    0x0800551c   0x0800551c   0x00000098   Code   RO           15    i.SystemClock_Config  main.o
    0x080055b4   0x080055b4   0x000000d8   Code   RO         5279    i.SystemInit        system_stm32h7xx.o
    0x0800568c   0x0800568c   0x0000000c   Code   RO          523    i.TIM23_IRQHandler  stm32h7xx_it.o
    0x08005698   0x08005698   0x0000000c   Code   RO          524    i.TIM3_IRQHandler   stm32h7xx_it.o
    0x080056a4   0x080056a4   0x0000000c   Code   RO          525    i.TIM4_IRQHandler   stm32h7xx_it.o
    0x080056b0   0x080056b0   0x000000e0   Code   RO          783    i.TIM_Base_SetConfig  stm32h7xx_hal_tim.o
    0x08005790   0x08005790   0x00000012   Code   RO          794    i.TIM_ETR_SetConfig  stm32h7xx_hal_tim.o
    0x080057a2   0x080057a2   0x00000002   PAD
    0x080057a4   0x080057a4   0x00000014   Code   RO          795    i.TIM_ITRx_SetConfig  stm32h7xx_hal_tim.o
    0x080057b8   0x080057b8   0x00000022   Code   RO          803    i.TIM_TI1_ConfigInputStage  stm32h7xx_hal_tim.o
    0x080057da   0x080057da   0x00000024   Code   RO          805    i.TIM_TI2_ConfigInputStage  stm32h7xx_hal_tim.o
    0x080057fe   0x080057fe   0x00000002   PAD
    0x08005800   0x08005800   0x00000044   Code   RO         5173    i.UARTEx_SetNbDataToProcess  stm32h7xx_hal_uart_ex.o
    0x08005844   0x08005844   0x000000c8   Code   RO         4782    i.UART_AdvFeatureConfig  stm32h7xx_hal_uart.o
    0x0800590c   0x0800590c   0x000000aa   Code   RO         4783    i.UART_CheckIdleState  stm32h7xx_hal_uart.o
    0x080059b6   0x080059b6   0x00000010   Code   RO         4784    i.UART_DMAAbortOnError  stm32h7xx_hal_uart.o
    0x080059c6   0x080059c6   0x00000002   PAD
    0x080059c8   0x080059c8   0x00000054   Code   RO         4794    i.UART_EndRxTransfer  stm32h7xx_hal_uart.o
    0x08005a1c   0x08005a1c   0x000000c8   Code   RO         4796    i.UART_RxISR_16BIT  stm32h7xx_hal_uart.o
    0x08005ae4   0x08005ae4   0x000001a0   Code   RO         4797    i.UART_RxISR_16BIT_FIFOEN  stm32h7xx_hal_uart.o
    0x08005c84   0x08005c84   0x000000c8   Code   RO         4798    i.UART_RxISR_8BIT   stm32h7xx_hal_uart.o
    0x08005d4c   0x08005d4c   0x000001a0   Code   RO         4799    i.UART_RxISR_8BIT_FIFOEN  stm32h7xx_hal_uart.o
    0x08005eec   0x08005eec   0x000003dc   Code   RO         4800    i.UART_SetConfig    stm32h7xx_hal_uart.o
    0x080062c8   0x080062c8   0x00000110   Code   RO         4802    i.UART_Start_Receive_IT  stm32h7xx_hal_uart.o
    0x080063d8   0x080063d8   0x00000094   Code   RO         4807    i.UART_WaitOnFlagUntilTimeout  stm32h7xx_hal_uart.o
    0x0800646c   0x0800646c   0x0000000c   Code   RO          526    i.USART1_IRQHandler  stm32h7xx_it.o
    0x08006478   0x08006478   0x00000002   Code   RO          527    i.UsageFault_Handler  stm32h7xx_it.o
    0x0800647a   0x0800647a   0x00000022   Code   RO         1728    i.__NVIC_SetPriority  stm32h7xx_hal_cortex.o
    0x0800649c   0x0800649c   0x00000024   Code   RO         7275    i.bsp_can_init      bsp_fdcan.o
    0x080064c0   0x080064c0   0x000000ee   Code   RO         7276    i.bsp_fdcan_set_baud  bsp_fdcan.o
    0x080065ae   0x080065ae   0x00000002   PAD
    0x080065b0   0x080065b0   0x00000040   Code   RO         7277    i.can_filter_init   bsp_fdcan.o
    0x080065f0   0x080065f0   0x00000034   Code   RO         7079    i.disable_motor_mode  dm_motor_drv.o
    0x08006624   0x08006624   0x00000024   Code   RO         7081    i.dm_motor_clear_para  dm_motor_drv.o
    0x08006648   0x08006648   0x0000005a   Code   RO         7082    i.dm_motor_ctrl_send  dm_motor_drv.o
    0x080066a2   0x080066a2   0x00000044   Code   RO         7083    i.dm_motor_disable  dm_motor_drv.o
    0x080066e6   0x080066e6   0x00000002   PAD
    0x080066e8   0x080066e8   0x00000038   Code   RO         7084    i.dm_motor_enable   dm_motor_drv.o
    0x08006720   0x08006720   0x0000008e   Code   RO         7085    i.dm_motor_fbdata   dm_motor_drv.o
    0x080067ae   0x080067ae   0x00000002   PAD
    0x080067b0   0x080067b0   0x000000a4   Code   RO         7221    i.dm_motor_init     dm_motor_ctrl.o
    0x08006854   0x08006854   0x00000034   Code   RO         7086    i.enable_motor_mode  dm_motor_drv.o
    0x08006888   0x08006888   0x00000034   Code   RO         7222    i.fdcan1_rx_callback  dm_motor_ctrl.o
    0x080068bc   0x080068bc   0x00000062   Code   RO         7279    i.fdcanx_receive    bsp_fdcan.o
    0x0800691e   0x0800691e   0x0000006e   Code   RO         7280    i.fdcanx_send_data  bsp_fdcan.o
    0x0800698c   0x0800698c   0x00000028   Code   RO         7087    i.float_to_uint     dm_motor_drv.o
    0x080069b4   0x080069b4   0x00000060   Code   RO           16    i.main              main.o
    0x08006a14   0x08006a14   0x000000c8   Code   RO         7088    i.mit_ctrl          dm_motor_drv.o
    0x08006adc   0x08006adc   0x0000001c   Code   RO         6432    i.osDelay           cmsis_os2.o
    0x08006af8   0x08006af8   0x00000024   Code   RO         6446    i.osKernelInitialize  cmsis_os2.o
    0x08006b1c   0x08006b1c   0x00000038   Code   RO         6449    i.osKernelStart     cmsis_os2.o
    0x08006b54   0x08006b54   0x00000090   Code   RO         6491    i.osThreadNew       cmsis_os2.o
    0x08006be4   0x08006be4   0x0000004c   Code   RO         7089    i.pos_ctrl          dm_motor_drv.o
    0x08006c30   0x08006c30   0x0000005c   Code   RO         5891    i.prvAddCurrentTaskToDelayedList  tasks.o
    0x08006c8c   0x08006c8c   0x000000d0   Code   RO         5892    i.prvAddNewTaskToReadyList  tasks.o
    0x08006d5c   0x08006d5c   0x00000058   Code   RO         6256    i.prvCheckForValidListAndQueue  timers.o
    0x08006db4   0x08006db4   0x00000026   Code   RO         5488    i.prvCopyDataFromQueue  queue.o
    0x08006dda   0x08006dda   0x0000006c   Code   RO         5489    i.prvCopyDataToQueue  queue.o
    0x08006e46   0x08006e46   0x00000034   Code   RO         5893    i.prvDeleteTCB      tasks.o
    0x08006e7a   0x08006e7a   0x00000002   PAD
    0x08006e7c   0x08006e7c   0x00000050   Code   RO         6943    i.prvHeapInit       heap_4.o
    0x08006ecc   0x08006ecc   0x00000060   Code   RO         5894    i.prvIdleTask       tasks.o
    0x08006f2c   0x08006f2c   0x00000022   Code   RO         5491    i.prvInitialiseNewQueue  queue.o
    0x08006f4e   0x08006f4e   0x000000b0   Code   RO         5895    i.prvInitialiseNewTask  tasks.o
    0x08006ffe   0x08006ffe   0x00000002   PAD
    0x08007000   0x08007000   0x0000004c   Code   RO         6944    i.prvInsertBlockIntoFreeList  heap_4.o
    0x0800704c   0x0800704c   0x0000003c   Code   RO         6258    i.prvInsertTimerInActiveList  timers.o
    0x08007088   0x08007088   0x0000001c   Code   RO         5492    i.prvIsQueueEmpty   queue.o
    0x080070a4   0x080070a4   0x000000f8   Code   RO         6259    i.prvProcessReceivedCommands  timers.o
    0x0800719c   0x0800719c   0x000000c0   Code   RO         6260    i.prvProcessTimerOrBlockTask  timers.o
    0x0800725c   0x0800725c   0x00000020   Code   RO         5897    i.prvResetNextTaskUnblockTime  tasks.o
    0x0800727c   0x0800727c   0x00000028   Code   RO         6261    i.prvSampleTimeNow  timers.o
    0x080072a4   0x080072a4   0x0000006c   Code   RO         6262    i.prvSwitchTimerLists  timers.o
    0x08007310   0x08007310   0x00000028   Code   RO         6999    i.prvTaskExitError  port.o
    0x08007338   0x08007338   0x00000024   Code   RO         6263    i.prvTimerTask      timers.o
    0x0800735c   0x0800735c   0x0000006a   Code   RO         5493    i.prvUnlockQueue    queue.o
    0x080073c6   0x080073c6   0x00000002   PAD
    0x080073c8   0x080073c8   0x00000068   Code   RO         7090    i.psi_ctrl          dm_motor_drv.o
    0x08007430   0x08007430   0x000000dc   Code   RO         6945    i.pvPortMalloc      heap_4.o
    0x0800750c   0x0800750c   0x00000030   Code   RO         7000    i.pxPortInitialiseStack  port.o
    0x0800753c   0x0800753c   0x0000014e   Code   RO         7223    i.read_all_motor_data  dm_motor_ctrl.o
    0x0800768a   0x0800768a   0x00000002   PAD
    0x0800768c   0x0800768c   0x00000034   Code   RO         7092    i.read_motor_data   dm_motor_drv.o
    0x080076c0   0x080076c0   0x000001e0   Code   RO         7224    i.receive_motor_data  dm_motor_ctrl.o
    0x080078a0   0x080078a0   0x0000002c   Code   RO         7093    i.save_motor_data   dm_motor_drv.o
    0x080078cc   0x080078cc   0x0000002c   Code   RO         7095    i.spd_ctrl          dm_motor_drv.o
    0x080078f8   0x080078f8   0x00000028   Code   RO         7096    i.uint_to_float     dm_motor_drv.o
    0x08007920   0x08007920   0x00000026   Code   RO         5448    i.uxListRemove      list.o
    0x08007946   0x08007946   0x00000002   PAD
    0x08007948   0x08007948   0x00000018   Code   RO         6503    i.vApplicationGetIdleTaskMemory  cmsis_os2.o
    0x08007960   0x08007960   0x00000018   Code   RO         6504    i.vApplicationGetTimerTaskMemory  cmsis_os2.o
    0x08007978   0x08007978   0x00000016   Code   RO         5449    i.vListInitialise   list.o
    0x0800798e   0x0800798e   0x00000006   Code   RO         5450    i.vListInitialiseItem  list.o
    0x08007994   0x08007994   0x00000030   Code   RO         5451    i.vListInsert       list.o
    0x080079c4   0x080079c4   0x00000018   Code   RO         5452    i.vListInsertEnd    list.o
    0x080079dc   0x080079dc   0x00000040   Code   RO         7002    i.vPortEnterCritical  port.o
    0x08007a1c   0x08007a1c   0x00000028   Code   RO         7003    i.vPortExitCritical  port.o
    0x08007a44   0x08007a44   0x00000064   Code   RO         6946    i.vPortFree         heap_4.o
    0x08007aa8   0x08007aa8   0x00000024   Code   RO         7004    i.vPortSetupTimerInterrupt  port.o
    0x08007acc   0x08007acc   0x00000054   Code   RO         7005    i.vPortValidateInterruptPriority  port.o
    0x08007b20   0x08007b20   0x00000028   Code   RO         5499    i.vQueueAddToRegistry  queue.o
    0x08007b48   0x08007b48   0x00000044   Code   RO         5503    i.vQueueWaitForMessageRestricted  queue.o
    0x08007b8c   0x08007b8c   0x0000004c   Code   RO         5910    i.vTaskDelay        tasks.o
    0x08007bd8   0x08007bd8   0x00000010   Code   RO         5915    i.vTaskInternalSetTimeOutState  tasks.o
    0x08007be8   0x08007be8   0x0000000c   Code   RO         5916    i.vTaskMissedYield  tasks.o
    0x08007bf4   0x08007bf4   0x00000030   Code   RO         5918    i.vTaskPlaceOnEventList  tasks.o
    0x08007c24   0x08007c24   0x00000038   Code   RO         5919    i.vTaskPlaceOnEventListRestricted  tasks.o
    0x08007c5c   0x08007c5c   0x00000088   Code   RO         5927    i.vTaskStartScheduler  tasks.o
    0x08007ce4   0x08007ce4   0x00000010   Code   RO         5929    i.vTaskSuspendAll   tasks.o
    0x08007cf4   0x08007cf4   0x00000064   Code   RO         5930    i.vTaskSwitchContext  tasks.o
    0x08007d58   0x08007d58   0x00000050   Code   RO         7097    i.write_motor_data  dm_motor_drv.o
    0x08007da8   0x08007da8   0x000000f4   Code   RO         7006    i.xPortStartScheduler  port.o
    0x08007e9c   0x08007e9c   0x0000002c   Code   RO         7007    i.xPortSysTickHandler  port.o
    0x08007ec8   0x08007ec8   0x00000066   Code   RO         5509    i.xQueueGenericCreateStatic  queue.o
    0x08007f2e   0x08007f2e   0x00000002   PAD
    0x08007f30   0x08007f30   0x00000094   Code   RO         5510    i.xQueueGenericReset  queue.o
    0x08007fc4   0x08007fc4   0x00000160   Code   RO         5511    i.xQueueGenericSend  queue.o
    0x08008124   0x08008124   0x000000be   Code   RO         5512    i.xQueueGenericSendFromISR  queue.o
    0x080081e2   0x080081e2   0x00000002   PAD
    0x080081e4   0x080081e4   0x0000013c   Code   RO         5521    i.xQueueReceive     queue.o
    0x08008320   0x08008320   0x00000078   Code   RO         5932    i.xTaskCheckForTimeOut  tasks.o
    0x08008398   0x08008398   0x0000005a   Code   RO         5933    i.xTaskCreate       tasks.o
    0x080083f2   0x080083f2   0x00000056   Code   RO         5934    i.xTaskCreateStatic  tasks.o
    0x08008448   0x08008448   0x0000001c   Code   RO         5938    i.xTaskGetSchedulerState  tasks.o
    0x08008464   0x08008464   0x0000000c   Code   RO         5939    i.xTaskGetTickCount  tasks.o
    0x08008470   0x08008470   0x000000c8   Code   RO         5941    i.xTaskIncrementTick  tasks.o
    0x08008538   0x08008538   0x0000007c   Code   RO         5944    i.xTaskPriorityDisinherit  tasks.o
    0x080085b4   0x080085b4   0x00000070   Code   RO         5946    i.xTaskRemoveFromEventList  tasks.o
    0x08008624   0x08008624   0x000000c4   Code   RO         5947    i.xTaskResumeAll    tasks.o
    0x080086e8   0x080086e8   0x00000060   Code   RO         6272    i.xTimerCreateTimerTask  timers.o
    0x08008748   0x08008748   0x00000068   Code   RO         6273    i.xTimerGenericCommand  timers.o
    0x080087b0   0x080087b0   0x0000000a   Code   RO         7506    x$fpl$fpinit        fz_wv.l(fpinit.o)
    0x080087ba   0x080087ba   0x00000002   PAD
    0x080087bc   0x080087bc   0x00000048   Data   RO          282    .constdata          freertos.o
    0x08008804   0x08008804   0x00000008   Data   RO         2497    .constdata          stm32h7xx_hal_dma.o
    0x0800880c   0x0800880c   0x0000005c   Data   RO         4221    .constdata          stm32h7xx_hal_fdcan.o
    0x08008868   0x08008868   0x00000018   Data   RO         4808    .constdata          stm32h7xx_hal_uart.o
    0x08008880   0x08008880   0x00000010   Data   RO         5174    .constdata          stm32h7xx_hal_uart_ex.o
    0x08008890   0x08008890   0x00000010   Data   RO         5280    .constdata          system_stm32h7xx.o
    0x080088a0   0x080088a0   0x00000042   Data   RO           17    .conststring        main.o
    0x080088e2   0x080088e2   0x00000002   PAD
    0x080088e4   0x080088e4   0x00000018   Data   RO          283    .conststring        freertos.o
    0x080088fc   0x080088fc   0x00000040   Data   RO         7564    Region$$Table       anon$$obj.o


    Execution Region RW_IRAM1 (Exec base: 0x20000000, Load base: 0x0800893c, Size: 0x00007cc0, Max: 0x00020000, ABSOLUTE)

    Exec Addr    Load Addr    Size         Type   Attr      Idx    E Section Name        Object

    0x20000000   0x0800893c   0x00000008   Data   RW           18    .data               main.o
    0x20000008   0x08008944   0x00000008   Data   RW         5281    .data               system_stm32h7xx.o
    0x20000010   0x0800894c   0x0000003c   Data   RW         5950    .data               tasks.o
    0x2000004c   0x08008988   0x00000014   Data   RW         6281    .data               timers.o
    0x20000060   0x0800899c   0x00000004   Data   RW         6506    .data               cmsis_os2.o
    0x20000064        -       0x0000005c   Zero   RW          279    .bss                freertos.o
    0x200000c0        -       0x00004e20   Zero   RW          280    .bss                freertos.o
    0x20004ee0        -       0x000000a0   Zero   RW          359    .bss                fdcan.o
    0x20004f80        -       0x0000004c   Zero   RW          652    .bss                stm32h7xx_hal_timebase_tim.o
    0x20004fcc        -       0x000004c4   Zero   RW         5949    .bss                tasks.o
    0x20005490        -       0x00000118   Zero   RW         6280    .bss                timers.o
    0x200055a8        -       0x000006b8   Zero   RW         6505    .bss                cmsis_os2.o
    0x20005c60        -       0x00000060   Zero   RW         7436    .bss                c_w.l(libspace.o)
    0x20005cc0        -       0x00002000   Zero   RW            2    HEAP                startup_stm32h723xx.o


    Execution Region RW_IRAM2 (Exec base: 0x24000000, Load base: 0x080089a0, Size: 0x00007cc0, Max: 0x00020000, ABSOLUTE)

    Exec Addr    Load Addr    Size         Type   Attr      Idx    E Section Name        Object

    0x24000000   0x080089a0   0x00000008   Data   RW          284    .data               freertos.o
    0x24000008   0x080089a8   0x00000004   Data   RW          469    .data               usart.o
    0x2400000c   0x080089ac   0x0000000c   Data   RW         3229    .data               stm32h7xx_hal.o
    0x24000018   0x080089b8   0x00000020   Data   RW         6952    .data               heap_4.o
    0x24000038   0x080089d8   0x0000000c   Data   RW         7008    .data               port.o
    0x24000044        -       0x00002ee0   Zero   RW          278    .bss                freertos.o
    0x24002f24        -       0x0000005c   Zero   RW          281    .bss                freertos.o
    0x24002f80        -       0x00000098   Zero   RW          420    .bss                tim.o
    0x24003018        -       0x000001c4   Zero   RW          468    .bss                usart.o
    0x240031dc        -       0x00000040   Zero   RW         5525    .bss                queue.o
    0x2400321c        -       0x00003c00   Zero   RW         6951    .bss                heap_4.o
    0x24006e1c        -       0x00000aa0   Zero   RW         7225    .bss                dm_motor_ctrl.o
    0x240078bc   0x080089e4   0x00000004   PAD
    0x240078c0        -       0x00000400   Zero   RW            1    STACK               startup_stm32h723xx.o


==============================================================================

Image component sizes


      Code (inc. data)   RO Data    RW Data    ZI Data      Debug   Object Name

       582         32          0          0          0       5846   bsp_fdcan.o
       338         22          0          4       1720      71635   cmsis_os2.o
      1030        170          0          0       2720       4687   dm_motor_ctrl.o
      1176         50          0          0          0      14672   dm_motor_drv.o
        60          4          0          0          0        962   dma.o
         0          0          0          0          0      19584   event_groups.o
       372         34          0          0        160       2709   fdcan.o
       216         34         96          8      32184       3112   freertos.o
       128         10          0          0          0       1115   gpio.o
       476         24          0         32      15360       5159   heap_4.o
       138          0          0          0          0       3846   list.o
       364         42         66          8          0    1247262   main.o
       790         84          0         12          0      11961   port.o
      1530         22          0          0         64      18020   queue.o
        72         30        716          0       9216        876   startup_stm32h723xx.o
       156         32          0         12          0      23230   stm32h7xx_hal.o
       194         12          0          0          0      39692   stm32h7xx_hal_cortex.o
      4768        176          8          0          0      10179   stm32h7xx_hal_dma.o
      3108         50         92          0          0      25016   stm32h7xx_hal_fdcan.o
       902         86          0          0          0       3374   stm32h7xx_hal_gpio.o
        36          4          0          0          0       1002   stm32h7xx_hal_msp.o
        84          6          0          0          0        817   stm32h7xx_hal_pwr_ex.o
      2466        110          0          0          0       8073   stm32h7xx_hal_rcc.o
      3622        112          0          0          0       8021   stm32h7xx_hal_rcc_ex.o
      1178        100          0          0          0      10901   stm32h7xx_hal_tim.o
       190         38          0          0          0       3408   stm32h7xx_hal_tim_ex.o
       132         22          0          0         76       1668   stm32h7xx_hal_timebase_tim.o
      4394        206         24          0          0      38102   stm32h7xx_hal_uart.o
       290          6         16          0          0       5750   stm32h7xx_hal_uart_ex.o
       120         54          0          0          0       7431   stm32h7xx_it.o
         0          0          0          0          0        416   stream_buffer.o
       244         38         16          8          0       2117   system_stm32h7xx.o
      2084        162          0         60       1220      27748   tasks.o
       308         34          0          0        152       2675   tim.o
       972         84          0         20        280      32707   timers.o
       468         48          0          4        452       3291   usart.o

    ----------------------------------------------------------------------
     33038       1938       1100        168      63608    1667064   Object Totals
         0          0         64          0          0          0   (incl. Generated)
        50          0          2          0          4          0   (incl. Padding)

    ----------------------------------------------------------------------

      Code (inc. data)   RO Data    RW Data    ZI Data      Debug   Library Member Name

         8          0          0          0          0         68   __main.o
         0          0          0          0          0          0   __rtentry.o
        12          0          0          0          0          0   __rtentry2.o
         6          0          0          0          0          0   __rtentry4.o
        52          8          0          0          0          0   __scatter.o
        26          0          0          0          0          0   __scatter_copy.o
        28          0          0          0          0          0   __scatter_zi.o
        16          0          0          0          0         68   aeabi_memset.o
        18          0          0          0          0         80   exit.o
         6          0          0          0          0        152   heapauxi.o
         0          0          0          0          0          0   indicate_semi.o
         2          0          0          0          0          0   libinit.o
         6          0          0          0          0          0   libinit2.o
         2          0          0          0          0          0   libshutdown.o
         2          0          0          0          0          0   libshutdown2.o
         8          4          0          0         96         68   libspace.o
       238          0          0          0          0        100   lludivv7m.o
        68          0          0          0          0         68   rt_memclr.o
        78          0          0          0          0         80   rt_memclr_w.o
       138          0          0          0          0         68   rt_memcpy_v6.o
       100          0          0          0          0         80   rt_memcpy_w.o
         2          0          0          0          0          0   rtexit.o
        10          0          0          0          0          0   rtexit2.o
        62          0          0          0          0         76   strlen.o
        12          4          0          0          0         68   sys_exit.o
        74          0          0          0          0         80   sys_stackheap_outer.o
         2          0          0          0          0         68   use_no_semi.o
        10          0          0          0          0        116   fpinit.o

    ----------------------------------------------------------------------
       994         16          0          0         96       1240   Library Totals
         8          0          0          0          0          0   (incl. Padding)

    ----------------------------------------------------------------------

      Code (inc. data)   RO Data    RW Data    ZI Data      Debug   Library Name

       976         16          0          0         96       1124   c_w.l
        10          0          0          0          0        116   fz_wv.l

    ----------------------------------------------------------------------
       994         16          0          0         96       1240   Library Totals

    ----------------------------------------------------------------------

==============================================================================


      Code (inc. data)   RO Data    RW Data    ZI Data      Debug   

     34032       1954       1100        168      63704    1645284   Grand Totals
     34032       1954       1100        168      63704    1645284   ELF Image Totals
     34032       1954       1100        168          0          0   ROM Totals

==============================================================================

    Total RO  Size (Code + RO Data)                35132 (  34.31kB)
    Total RW  Size (RW Data + ZI Data)             63872 (  62.38kB)
    Total ROM Size (Code + RO Data + RW Data)      35300 (  34.47kB)

==============================================================================

