Component: ARM Compiler 5.06 update 7 (build 960) Tool: armlink [4d3601]

==============================================================================

Section Cross References

    startup_stm32h723xx.o(STACK) refers (Special) to heapauxi.o(.text) for __use_two_region_memory
    startup_stm32h723xx.o(HEAP) refers (Special) to heapauxi.o(.text) for __use_two_region_memory
    startup_stm32h723xx.o(RESET) refers (Special) to heapauxi.o(.text) for __use_two_region_memory
    startup_stm32h723xx.o(RESET) refers to startup_stm32h723xx.o(STACK) for __initial_sp
    startup_stm32h723xx.o(RESET) refers to startup_stm32h723xx.o(.text) for Reset_Handler
    startup_stm32h723xx.o(RESET) refers to stm32h7xx_it.o(i.NMI_Handler) for NMI_Handler
    startup_stm32h723xx.o(RESET) refers to stm32h7xx_it.o(i.HardFault_Handler) for HardFault_Handler
    startup_stm32h723xx.o(RESET) refers to stm32h7xx_it.o(i.MemManage_Handler) for MemManage_Handler
    startup_stm32h723xx.o(RESET) refers to stm32h7xx_it.o(i.BusFault_Handler) for BusFault_Handler
    startup_stm32h723xx.o(RESET) refers to stm32h7xx_it.o(i.UsageFault_Handler) for UsageFault_Handler
    startup_stm32h723xx.o(RESET) refers to stm32h7xx_it.o(i.SVC_Handler) for SVC_Handler
    startup_stm32h723xx.o(RESET) refers to stm32h7xx_it.o(i.DebugMon_Handler) for DebugMon_Handler
    startup_stm32h723xx.o(RESET) refers to stm32h7xx_it.o(i.PendSV_Handler) for PendSV_Handler
    startup_stm32h723xx.o(RESET) refers to stm32h7xx_it.o(i.SysTick_Handler) for SysTick_Handler
    startup_stm32h723xx.o(RESET) refers to stm32h7xx_it.o(i.DMA1_Stream0_IRQHandler) for DMA1_Stream0_IRQHandler
    startup_stm32h723xx.o(RESET) refers to stm32h7xx_it.o(i.DMA1_Stream1_IRQHandler) for DMA1_Stream1_IRQHandler
    startup_stm32h723xx.o(RESET) refers to stm32h7xx_it.o(i.FDCAN1_IT0_IRQHandler) for FDCAN1_IT0_IRQHandler
    startup_stm32h723xx.o(RESET) refers to stm32h7xx_it.o(i.FDCAN1_IT1_IRQHandler) for FDCAN1_IT1_IRQHandler
    startup_stm32h723xx.o(RESET) refers to stm32h7xx_it.o(i.TIM3_IRQHandler) for TIM3_IRQHandler
    startup_stm32h723xx.o(RESET) refers to stm32h7xx_it.o(i.TIM4_IRQHandler) for TIM4_IRQHandler
    startup_stm32h723xx.o(RESET) refers to stm32h7xx_it.o(i.USART1_IRQHandler) for USART1_IRQHandler
    startup_stm32h723xx.o(RESET) refers to stm32h7xx_it.o(i.FDCAN_CAL_IRQHandler) for FDCAN_CAL_IRQHandler
    startup_stm32h723xx.o(.text) refers (Special) to heapauxi.o(.text) for __use_two_region_memory
    startup_stm32h723xx.o(.text) refers to system_stm32h7xx.o(i.SystemInit) for SystemInit
    startup_stm32h723xx.o(.text) refers to __main.o(!!!main) for __main
    startup_stm32h723xx.o(.text) refers to startup_stm32h723xx.o(HEAP) for Heap_Mem
    startup_stm32h723xx.o(.text) refers to startup_stm32h723xx.o(STACK) for Stack_Mem
    main.o(i.HAL_TIM_PeriodElapsedCallback) refers to dm_motor_ctrl.o(i.read_all_motor_data) for read_all_motor_data
    main.o(i.HAL_TIM_PeriodElapsedCallback) refers to dm_motor_drv.o(i.dm_motor_ctrl_send) for dm_motor_ctrl_send
    main.o(i.HAL_TIM_PeriodElapsedCallback) refers to dm_motor_ctrl.o(.bss) for motor
    main.o(i.HAL_TIM_PeriodElapsedCallback) refers to fdcan.o(.bss) for hfdcan1
    main.o(i.HAL_TIM_PeriodElapsedCallback) refers to main.o(.data) for .data
    main.o(i.SystemClock_Config) refers to rt_memclr_w.o(.text) for __aeabi_memclr4
    main.o(i.SystemClock_Config) refers to stm32h7xx_hal_pwr_ex.o(i.HAL_PWREx_ConfigSupply) for HAL_PWREx_ConfigSupply
    main.o(i.SystemClock_Config) refers to stm32h7xx_hal_rcc.o(i.HAL_RCC_OscConfig) for HAL_RCC_OscConfig
    main.o(i.SystemClock_Config) refers to stm32h7xx_hal_rcc.o(i.HAL_RCC_ClockConfig) for HAL_RCC_ClockConfig
    main.o(i.main) refers to stm32h7xx_hal.o(i.HAL_Init) for HAL_Init
    main.o(i.main) refers to main.o(i.SystemClock_Config) for SystemClock_Config
    main.o(i.main) refers to gpio.o(i.MX_GPIO_Init) for MX_GPIO_Init
    main.o(i.main) refers to dma.o(i.MX_DMA_Init) for MX_DMA_Init
    main.o(i.main) refers to fdcan.o(i.MX_FDCAN1_Init) for MX_FDCAN1_Init
    main.o(i.main) refers to tim.o(i.MX_TIM3_Init) for MX_TIM3_Init
    main.o(i.main) refers to usart.o(i.MX_USART1_UART_Init) for MX_USART1_UART_Init
    main.o(i.main) refers to tim.o(i.MX_TIM4_Init) for MX_TIM4_Init
    main.o(i.main) refers to stm32h7xx_hal_uart.o(i.HAL_UART_Receive_IT) for HAL_UART_Receive_IT
    main.o(i.main) refers to strlen.o(.text) for strlen
    main.o(i.main) refers to stm32h7xx_hal_uart.o(i.HAL_UART_Transmit) for HAL_UART_Transmit
    main.o(i.main) refers to stm32h7xx_hal_gpio.o(i.HAL_GPIO_WritePin) for HAL_GPIO_WritePin
    main.o(i.main) refers to stm32h7xx_hal.o(i.HAL_Delay) for HAL_Delay
    main.o(i.main) refers to bsp_fdcan.o(i.bsp_fdcan_set_baud) for bsp_fdcan_set_baud
    main.o(i.main) refers to bsp_fdcan.o(i.bsp_can_init) for bsp_can_init
    main.o(i.main) refers to dm_motor_ctrl.o(i.dm_motor_init) for dm_motor_init
[...]
    i.HAL_TIM_Base_Init                      0x080041b8   Section        0  stm32h7xx_hal_tim.o(i.HAL_TIM_Base_Init)
    i.HAL_TIM_Base_MspInit                   0x0800421c   Section        0  tim.o(i.HAL_TIM_Base_MspInit)
    i.HAL_TIM_Base_Start_IT                  0x08004280   Section        0  stm32h7xx_hal_tim.o(i.HAL_TIM_Base_Start_IT)
    i.HAL_TIM_ConfigClockSource              0x08004320   Section        0  stm32h7xx_hal_tim.o(i.HAL_TIM_ConfigClockSource)
    i.HAL_TIM_IC_CaptureCallback             0x0800441c   Section        0  stm32h7xx_hal_tim.o(i.HAL_TIM_IC_CaptureCallback)
    i.HAL_TIM_IRQHandler                     0x0800441e   Section        0  stm32h7xx_hal_tim.o(i.HAL_TIM_IRQHandler)
    i.HAL_TIM_OC_DelayElapsedCallback        0x08004566   Section        0  stm32h7xx_hal_tim.o(i.HAL_TIM_OC_DelayElapsedCallback)
    i.HAL_TIM_PWM_PulseFinishedCallback      0x08004568   Section        0  stm32h7xx_hal_tim.o(i.HAL_TIM_PWM_PulseFinishedCallback)
    i.HAL_TIM_PeriodElapsedCallback          0x0800456c   Section        0  main.o(i.HAL_TIM_PeriodElapsedCallback)
    i.HAL_TIM_TriggerCallback                0x080045c8   Section        0  stm32h7xx_hal_tim.o(i.HAL_TIM_TriggerCallback)
    i.HAL_UARTEx_DisableFifoMode             0x080045ca   Section        0  stm32h7xx_hal_uart_ex.o(i.HAL_UARTEx_DisableFifoMode)
    i.HAL_UARTEx_RxEventCallback             0x0800460a   Section        0  stm32h7xx_hal_uart.o(i.HAL_UARTEx_RxEventCallback)
    i.HAL_UARTEx_RxFifoFullCallback          0x0800460c   Section        0  stm32h7xx_hal_uart_ex.o(i.HAL_UARTEx_RxFifoFullCallback)
    i.HAL_UARTEx_SetRxFifoThreshold          0x0800460e   Section        0  stm32h7xx_hal_uart_ex.o(i.HAL_UARTEx_SetRxFifoThreshold)
    i.HAL_UARTEx_SetTxFifoThreshold          0x0800465a   Section        0  stm32h7xx_hal_uart_ex.o(i.HAL_UARTEx_SetTxFifoThreshold)
    i.HAL_UARTEx_TxFifoEmptyCallback         0x080046a6   Section        0  stm32h7xx_hal_uart_ex.o(i.HAL_UARTEx_TxFifoEmptyCallback)
    i.HAL_UARTEx_WakeupCallback              0x080046a8   Section        0  stm32h7xx_hal_uart_ex.o(i.HAL_UARTEx_WakeupCallback)
    i.HAL_UART_ErrorCallback                 0x080046aa   Section        0  stm32h7xx_hal_uart.o(i.HAL_UART_ErrorCallback)
    i.HAL_UART_IRQHandler                    0x080046ac   Section        0  stm32h7xx_hal_uart.o(i.HAL_UART_IRQHandler)
    i.HAL_UART_Init                          0x08004a48   Section        0  stm32h7xx_hal_uart.o(i.HAL_UART_Init)
    i.HAL_UART_MspInit                       0x08004ab4   Section        0  usart.o(i.HAL_UART_MspInit)
    i.HAL_UART_Receive_IT                    0x08004bb8   Section        0  stm32h7xx_hal_uart.o(i.HAL_UART_Receive_IT)
    i.HAL_UART_RxCpltCallback                0x08004c00   Section        0  usart.o(i.HAL_UART_RxCpltCallback)
    i.HAL_UART_Transmit                      0x08004c68   Section        0  stm32h7xx_hal_uart.o(i.HAL_UART_Transmit)
    i.HAL_UART_TxCpltCallback                0x08004d18   Section        0  stm32h7xx_hal_uart.o(i.HAL_UART_TxCpltCallback)
    i.HardFault_Handler                      0x08004d1a   Section        0  stm32h7xx_it.o(i.HardFault_Handler)
    i.MX_DMA_Init                            0x08004d1c   Section        0  dma.o(i.MX_DMA_Init)
    i.MX_FDCAN1_Init                         0x08004d58   Section        0  fdcan.o(i.MX_FDCAN1_Init)
    i.MX_GPIO_Init                           0x08004dd4   Section        0  gpio.o(i.MX_GPIO_Init)
    i.MX_TIM3_Init                           0x08004e54   Section        0  tim.o(i.MX_TIM3_Init)
    i.MX_TIM4_Init                           0x08004ebc   Section        0  tim.o(i.MX_TIM4_Init)
    i.MX_USART1_UART_Init                    0x08004f24   Section        0  usart.o(i.MX_USART1_UART_Init)
    i.MemManage_Handler                      0x08004f8c   Section        0  stm32h7xx_it.o(i.MemManage_Handler)
    i.NMI_Handler                            0x08004f8e   Section        0  stm32h7xx_it.o(i.NMI_Handler)
    i.PendSV_Handler                         0x08004f90   Section        0  stm32h7xx_it.o(i.PendSV_Handler)
    i.RCCEx_PLL2_Config                      0x08004f94   Section        0  stm32h7xx_hal_rcc_ex.o(i.RCCEx_PLL2_Config)
    RCCEx_PLL2_Config                        0x08004f95   Thumb Code   284  stm32h7xx_hal_rcc_ex.o(i.RCCEx_PLL2_Config)
    i.RCCEx_PLL3_Config                      0x080050b4   Section        0  stm32h7xx_hal_rcc_ex.o(i.RCCEx_PLL3_Config)
    RCCEx_PLL3_Config                        0x080050b5   Thumb Code   284  stm32h7xx_hal_rcc_ex.o(i.RCCEx_PLL3_Config)
    i.SVC_Handler                            0x080051d4   Section        0  stm32h7xx_it.o(i.SVC_Handler)
    i.SysTick_Handler                        0x080051d6   Section        0  stm32h7xx_it.o(i.SysTick_Handler)
    i.SystemClock_Config                     0x080051dc   Section        0  main.o(i.SystemClock_Config)
    i.SystemInit                             0x08005274   Section        0  system_stm32h7xx.o(i.SystemInit)
    i.TIM3_IRQHandler                        0x08005334   Section        0  stm32h7xx_it.o(i.TIM3_IRQHandler)
    i.TIM4_IRQHandler                        0x08005340   Section        0  stm32h7xx_it.o(i.TIM4_IRQHandler)
    i.TIM_Base_SetConfig                     0x0800534c   Section        0  stm32h7xx_hal_tim.o(i.TIM_Base_SetConfig)
    i.TIM_ETR_SetConfig                      0x0800542c   Section        0  stm32h7xx_hal_tim.o(i.TIM_ETR_SetConfig)
    i.TIM_ITRx_SetConfig                     0x08005440   Section        0  stm32h7xx_hal_tim.o(i.TIM_ITRx_SetConfig)
    TIM_ITRx_SetConfig                       0x08005441   Thumb Code    16  stm32h7xx_hal_tim.o(i.TIM_ITRx_SetConfig)
    i.TIM_TI1_ConfigInputStage               0x08005454   Section        0  stm32h7xx_hal_tim.o(i.TIM_TI1_ConfigInputStage)
    TIM_TI1_ConfigInputStage                 0x08005455   Thumb Code    34  stm32h7xx_hal_tim.o(i.TIM_TI1_ConfigInputStage)
    i.TIM_TI2_ConfigInputStage               0x08005476   Section        0  stm32h7xx_hal_tim.o(i.TIM_TI2_ConfigInputStage)
    TIM_TI2_ConfigInputStage                 0x08005477   Thumb Code    36  stm32h7xx_hal_tim.o(i.TIM_TI2_ConfigInputStage)
    i.UARTEx_SetNbDataToProcess              0x0800549c   Section        0  stm32h7xx_hal_uart_ex.o(i.UARTEx_SetNbDataToProcess)
    UARTEx_SetNbDataToProcess                0x0800549d   Thumb Code    62  stm32h7xx_hal_uart_ex.o(i.UARTEx_SetNbDataToProcess)
    i.UART_AdvFeatureConfig                  0x080054e0   Section        0  stm32h7xx_hal_uart.o(i.UART_AdvFeatureConfig)
    i.UART_CheckIdleState                    0x080055a8   Section        0  stm32h7xx_hal_uart.o(i.UART_CheckIdleState)
    i.UART_DMAAbortOnError                   0x08005652   Section        0  stm32h7xx_hal_uart.o(i.UART_DMAAbortOnError)
    UART_DMAAbortOnError                     0x08005653   Thumb Code    16  stm32h7xx_hal_uart.o(i.UART_DMAAbortOnError)
    i.UART_EndRxTransfer                     0x08005664   Section        0  stm32h7xx_hal_uart.o(i.UART_EndRxTransfer)
    UART_EndRxTransfer                       0x08005665   Thumb Code    78  stm32h7xx_hal_uart.o(i.UART_EndRxTransfer)
    i.UART_RxISR_16BIT                       0x080056b8   Section        0  stm32h7xx_hal_uart.o(i.UART_RxISR_16BIT)
    UART_RxISR_16BIT                         0x080056b9   Thumb Code   196  stm32h7xx_hal_uart.o(i.UART_RxISR_16BIT)
    i.UART_RxISR_16BIT_FIFOEN                0x08005780   Section        0  stm32h7xx_hal_uart.o(i.UART_RxISR_16BIT_FIFOEN)
    UART_RxISR_16BIT_FIFOEN                  0x08005781   Thumb Code   402  stm32h7xx_hal_uart.o(i.UART_RxISR_16BIT_FIFOEN)
    i.UART_RxISR_8BIT                        0x08005920   Section        0  stm32h7xx_hal_uart.o(i.UART_RxISR_8BIT)
    UART_RxISR_8BIT                          0x08005921   Thumb Code   196  stm32h7xx_hal_uart.o(i.UART_RxISR_8BIT)
    i.UART_RxISR_8BIT_FIFOEN                 0x080059e8   Section        0  stm32h7xx_hal_uart.o(i.UART_RxISR_8BIT_FIFOEN)
    UART_RxISR_8BIT_FIFOEN                   0x080059e9   Thumb Code   402  stm32h7xx_hal_uart.o(i.UART_RxISR_8BIT_FIFOEN)
    i.UART_SetConfig                         0x08005b88   Section        0  stm32h7xx_hal_uart.o(i.UART_SetConfig)
    i.UART_Start_Receive_IT                  0x08005f64   Section        0  stm32h7xx_hal_uart.o(i.UART_Start_Receive_IT)
    i.UART_WaitOnFlagUntilTimeout            0x08006074   Section        0  stm32h7xx_hal_uart.o(i.UART_WaitOnFlagUntilTimeout)
    i.USART1_IRQHandler                      0x08006108   Section        0  stm32h7xx_it.o(i.USART1_IRQHandler)
    i.UsageFault_Handler                     0x08006114   Section        0  stm32h7xx_it.o(i.UsageFault_Handler)
    i.__NVIC_SetPriority                     0x08006116   Section        0  stm32h7xx_hal_cortex.o(i.__NVIC_SetPriority)
    __NVIC_SetPriority                       0x08006117   Thumb Code    34  stm32h7xx_hal_cortex.o(i.__NVIC_SetPriority)
    i.bsp_can_init                           0x08006138   Section        0  bsp_fdcan.o(i.bsp_can_init)
    i.bsp_fdcan_set_baud                     0x0800615c   Section        0  bsp_fdcan.o(i.bsp_fdcan_set_baud)
    i.can_filter_init                        0x0800624c   Section        0  bsp_fdcan.o(i.can_filter_init)
    i.disable_motor_mode                     0x0800628c   Section        0  dm_motor_drv.o(i.disable_motor_mode)
    i.dm_motor_clear_para                    0x080062c0   Section        0  dm_motor_drv.o(i.dm_motor_clear_para)
    i.dm_motor_ctrl_send                     0x080062e4   Section        0  dm_motor_drv.o(i.dm_motor_ctrl_send)
    i.dm_motor_disable                       0x0800633e   Section        0  dm_motor_drv.o(i.dm_motor_disable)
    i.dm_motor_enable                        0x08006384   Section        0  dm_motor_drv.o(i.dm_motor_enable)
    i.dm_motor_fbdata                        0x080063bc   Section        0  dm_motor_drv.o(i.dm_motor_fbdata)
    i.dm_motor_init                          0x0800644c   Section        0  dm_motor_ctrl.o(i.dm_motor_init)
    i.enable_motor_mode                      0x080064f0   Section        0  dm_motor_drv.o(i.enable_motor_mode)
    i.fdcan1_rx_callback                     0x08006524   Section        0  dm_motor_ctrl.o(i.fdcan1_rx_callback)
    i.fdcanx_receive                         0x08006558   Section        0  bsp_fdcan.o(i.fdcanx_receive)
    i.fdcanx_send_data                       0x080065ba   Section        0  bsp_fdcan.o(i.fdcanx_send_data)
    i.float_to_uint                          0x08006628   Section        0  dm_motor_drv.o(i.float_to_uint)
    i.main                                   0x08006650   Section        0  main.o(i.main)
    i.mit_ctrl                               0x08006738   Section        0  dm_motor_drv.o(i.mit_ctrl)
    i.pos_ctrl                               0x08006800   Section        0  dm_motor_drv.o(i.pos_ctrl)
    i.psi_ctrl                               0x0800684c   Section        0  dm_motor_drv.o(i.psi_ctrl)
    i.read_all_motor_data                    0x080068b4   Section        0  dm_motor_ctrl.o(i.read_all_motor_data)
    i.read_motor_data                        0x08006a04   Section        0  dm_motor_drv.o(i.read_motor_data)
    i.receive_motor_data                     0x08006a38   Section        0  dm_motor_ctrl.o(i.receive_motor_data)
    i.save_motor_data                        0x08006c18   Section        0  dm_motor_drv.o(i.save_motor_data)
    i.spd_ctrl                               0x08006c44   Section        0  dm_motor_drv.o(i.spd_ctrl)
    i.uint_to_float                          0x08006c70   Section        0  dm_motor_drv.o(i.uint_to_float)
    i.write_motor_data                       0x08006c98   Section        0  dm_motor_drv.o(i.write_motor_data)
    x$fpl$fpinit                             0x08006ce8   Section       10  fpinit.o(x$fpl$fpinit)
    $v0                                      0x08006ce8   Number         0  fpinit.o(x$fpl$fpinit)
    .constdata                               0x08006cf2   Section        8  stm32h7xx_hal_dma.o(.constdata)
    flagBitshiftOffset                       0x08006cf2   Data           8  stm32h7xx_hal_dma.o(.constdata)
    .constdata                               0x08006cfc   Section       92  stm32h7xx_hal_fdcan.o(.constdata)
    DLCtoBytes                               0x08006cfc   Data          16  stm32h7xx_hal_fdcan.o(.constdata)
    .constdata                               0x08006d58   Section       24  stm32h7xx_hal_uart.o(.constdata)
    .constdata                               0x08006d70   Section       16  stm32h7xx_hal_uart_ex.o(.constdata)
    numerator                                0x08006d70   Data           8  stm32h7xx_hal_uart_ex.o(.constdata)
    denominator                              0x08006d78   Data           8  stm32h7xx_hal_uart_ex.o(.constdata)
    .constdata                               0x08006d80   Section       16  system_stm32h7xx.o(.constdata)
    .conststring                             0x08006d90   Section       66  main.o(.conststring)
    .data                                    0x24000000   Section        8  main.o(.data)
    .data                                    0x24000008   Section        4  usart.o(.data)
    .data                                    0x2400000c   Section       12  stm32h7xx_hal.o(.data)
    .data                                    0x24000018   Section        8  system_stm32h7xx.o(.data)
    .bss                                     0x24000020   Section      160  fdcan.o(.bss)
    .bss                                     0x240000c0   Section      152  tim.o(.bss)
    .bss                                     0x24000158   Section      452  usart.o(.bss)
    .bss                                     0x2400031c   Section     2720  dm_motor_ctrl.o(.bss)
    .bss                                     0x24000dbc   Section       96  libspace.o(.bss)
    HEAP                                     0x24000e20   Section     8192  startup_stm32h723xx.o(HEAP)
    Heap_Mem                                 0x24000e20   Data        8192  startup_stm32h723xx.o(HEAP)
    STACK                                    0x24002e20   Section     1024  startup_stm32h723xx.o(STACK)
    Stack_Mem                                0x24002e20   Data        1024  startup_stm32h723xx.o(STACK)
    __initial_sp                             0x24003220   Data           0  startup_stm32h723xx.o(STACK)

    Global Symbols

    Symbol Name                              Value     Ov Type        Size  Object(Section)

    BuildAttributes$$THM_ISAv4$E$P$D$K$B$S$7EM$VFPv5_D16$PE$PLD8$A:L22UL41UL21$X:L11$S22US41US21$IEEE1$IW$USESV6$~STKCKD$USESV7$~SHL$OSPACE$ROPI$EBA8$UX$STANDARDLIB$REQ8$PRES8$EABIv2 0x00000000   Number         0  anon$$obj.o ABSOLUTE
    __ARM_use_no_argv                        0x00000000   Number         0  main.o ABSOLUTE
    __ARM_exceptions_init                     - Undefined Weak Reference
    __alloca_initialize                       - Undefined Weak Reference
    __arm_fini_                               - Undefined Weak Reference
    __arm_preinit_                            - Undefined Weak Reference
    __cpp_initialize__aeabi_                  - Undefined Weak Reference
    __cxa_finalize                            - Undefined Weak Reference
    __rt_locale                               - Undefined Weak Reference
    __sigvec_lookup                           - Undefined Weak Reference
    _atexit_init                              - Undefined Weak Reference
    _call_atexit_fns                          - Undefined Weak Reference
    _clock_init                               - Undefined Weak Reference
    _fp_trap_init                             - Undefined Weak Reference
    _fp_trap_shutdown                         - Undefined Weak Reference
    _get_lc_collate                           - Undefined Weak Reference
    _get_lc_ctype                             - Undefined Weak Reference
    _get_lc_monetary                          - Undefined Weak Reference
    _get_lc_numeric                           - Undefined Weak Reference
    _get_lc_time                              - Undefined Weak Reference
    _getenv_init                              - Undefined Weak Reference
    _handle_redirection                       - Undefined Weak Reference
    _init_alloc                               - Undefined Weak Reference
    _init_user_alloc                          - Undefined Weak Reference
    _initio                                   - Undefined Weak Reference
    _rand_init                                - Undefined Weak Reference
    _signal_finish                            - Undefined Weak Reference
    _signal_init                              - Undefined Weak Reference
    _terminate_alloc                          - Undefined Weak Reference
    _terminate_user_alloc                     - Undefined Weak Reference
    _terminateio                              - Undefined Weak Reference
    __Vectors_Size                           0x000002cc   Number         0  startup_stm32h723xx.o ABSOLUTE
    __Vectors                                0x08000000   Data           4  startup_stm32h723xx.o(RESET)
    __Vectors_End                            0x080002cc   Data           0  startup_stm32h723xx.o(RESET)
    __main                                   0x080002cd   Thumb Code     8  __main.o(!!!main)
    __scatterload                            0x080002d5   Thumb Code     0  __scatter.o(!!!scatter)
    __scatterload_rt2                        0x080002d5   Thumb Code    44  __scatter.o(!!!scatter)
    __scatterload_rt2_thumb_only             0x080002d5   Thumb Code     0  __scatter.o(!!!scatter)
    __scatterload_null                       0x080002e3   Thumb Code     0  __scatter.o(!!!scatter)
    __scatterload_copy                       0x08000309   Thumb Code    26  __scatter_copy.o(!!handler_copy)
    __scatterload_zeroinit                   0x08000325   Thumb Code    28  __scatter_zi.o(!!handler_zi)
    __rt_lib_init                            0x08000341   Thumb Code     0  libinit.o(.ARM.Collect$$libinit$$00000000)
    __rt_lib_init_fp_1                       0x08000343   Thumb Code     0  libinit2.o(.ARM.Collect$$libinit$$00000001)
    __rt_lib_init_alloca_1                   0x08000347   Thumb Code     0  libinit2.o(.ARM.Collect$$libinit$$0000002E)
    __rt_lib_init_argv_1                     0x08000347   Thumb Code     0  libinit2.o(.ARM.Collect$$libinit$$0000002C)
    __rt_lib_init_atexit_1                   0x08000347   Thumb Code     0  libinit2.o(.ARM.Collect$$libinit$$0000001B)
    __rt_lib_init_clock_1                    0x08000347   Thumb Code     0  libinit2.o(.ARM.Collect$$libinit$$00000021)
    __rt_lib_init_cpp_1                      0x08000347   Thumb Code     0  libinit2.o(.ARM.Collect$$libinit$$00000032)
    __rt_lib_init_exceptions_1               0x08000347   Thumb Code     0  libinit2.o(.ARM.Collect$$libinit$$00000030)
    __rt_lib_init_fp_trap_1                  0x08000347   Thumb Code     0  libinit2.o(.ARM.Collect$$libinit$$0000001F)
    __rt_lib_init_getenv_1                   0x08000347   Thumb Code     0  libinit2.o(.ARM.Collect$$libinit$$00000023)
    __rt_lib_init_heap_1                     0x08000347   Thumb Code     0  libinit2.o(.ARM.Collect$$libinit$$0000000A)
    __rt_lib_init_lc_collate_1               0x08000347   Thumb Code     0  libinit2.o(.ARM.Collect$$libinit$$00000011)
    __rt_lib_init_lc_ctype_1                 0x08000347   Thumb Code     0  libinit2.o(.ARM.Collect$$libinit$$00000013)
    __rt_lib_init_lc_monetary_1              0x08000347   Thumb Code     0  libinit2.o(.ARM.Collect$$libinit$$00000015)
    __rt_lib_init_lc_numeric_1               0x08000347   Thumb Code     0  libinit2.o(.ARM.Collect$$libinit$$00000017)
    __rt_lib_init_lc_time_1                  0x08000347   Thumb Code     0  libinit2.o(.ARM.Collect$$libinit$$00000019)
    __rt_lib_init_preinit_1                  0x08000347   Thumb Code     0  libinit2.o(.ARM.Collect$$libinit$$00000004)
    __rt_lib_init_rand_1                     0x08000347   Thumb Code     0  libinit2.o(.ARM.Collect$$libinit$$0000000E)
    __rt_lib_init_return                     0x08000347   Thumb Code     0  libinit2.o(.ARM.Collect$$libinit$$00000033)
    __rt_lib_init_signal_1                   0x08000347   Thumb Code     0  libinit2.o(.ARM.Collect$$libinit$$0000001D)
    __rt_lib_init_stdio_1                    0x08000347   Thumb Code     0  libinit2.o(.ARM.Collect$$libinit$$00000025)
    __rt_lib_init_user_alloc_1               0x08000347   Thumb Code     0  libinit2.o(.ARM.Collect$$libinit$$0000000C)
    __rt_lib_shutdown                        0x08000349   Thumb Code     0  libshutdown.o(.ARM.Collect$$libshutdown$$00000000)
    __rt_lib_shutdown_cpp_1                  0x0800034b   Thumb Code     0  libshutdown2.o(.ARM.Collect$$libshutdown$$00000004)
    __rt_lib_shutdown_fini_1                 0x0800034b   Thumb Code     0  libshutdown2.o(.ARM.Collect$$libshutdown$$00000002)
    __rt_lib_shutdown_fp_trap_1              0x0800034b   Thumb Code     0  libshutdown2.o(.ARM.Collect$$libshutdown$$00000009)
    __rt_lib_shutdown_heap_1                 0x0800034b   Thumb Code     0  libshutdown2.o(.ARM.Collect$$libshutdown$$00000011)
    __rt_lib_shutdown_return                 0x0800034b   Thumb Code     0  libshutdown2.o(.ARM.Collect$$libshutdown$$00000012)
    __rt_lib_shutdown_signal_1               0x0800034b   Thumb Code     0  libshutdown2.o(.ARM.Collect$$libshutdown$$0000000C)
    __rt_lib_shutdown_stdio_1                0x0800034b   Thumb Code     0  libshutdown2.o(.ARM.Collect$$libshutdown$$00000006)
    __rt_lib_shutdown_user_alloc_1           0x0800034b   Thumb Code     0  libshutdown2.o(.ARM.Collect$$libshutdown$$0000000E)
    __rt_entry                               0x0800034d   Thumb Code     0  __rtentry.o(.ARM.Collect$$rtentry$$00000000)
    __rt_entry_presh_1                       0x0800034d   Thumb Code     0  __rtentry2.o(.ARM.Collect$$rtentry$$00000002)
    __rt_entry_sh                            0x0800034d   Thumb Code     0  __rtentry4.o(.ARM.Collect$$rtentry$$00000004)
    __rt_entry_li                            0x08000353   Thumb Code     0  __rtentry2.o(.ARM.Collect$$rtentry$$0000000A)
    __rt_entry_postsh_1                      0x08000353   Thumb Code     0  __rtentry2.o(.ARM.Collect$$rtentry$$00000009)
    __rt_entry_main                          0x08000357   Thumb Code     0  __rtentry2.o(.ARM.Collect$$rtentry$$0000000D)
    __rt_entry_postli_1                      0x08000357   Thumb Code     0  __rtentry2.o(.ARM.Collect$$rtentry$$0000000C)
    __rt_exit                                0x0800035f   Thumb Code     0  rtexit.o(.ARM.Collect$$rtexit$$00000000)
    __rt_exit_ls                             0x08000361   Thumb Code     0  rtexit2.o(.ARM.Collect$$rtexit$$00000003)
    __rt_exit_prels_1                        0x08000361   Thumb Code     0  rtexit2.o(.ARM.Collect$$rtexit$$00000002)
    __rt_exit_exit                           0x08000365   Thumb Code     0  rtexit2.o(.ARM.Collect$$rtexit$$00000004)
    Reset_Handler                            0x0800036d   Thumb Code     8  startup_stm32h723xx.o(.text)
    ADC3_IRQHandler                          0x08000387   Thumb Code     0  startup_stm32h723xx.o(.text)
    ADC_IRQHandler                           0x08000387   Thumb Code     0  startup_stm32h723xx.o(.text)
    BDMA_Channel0_IRQHandler                 0x08000387   Thumb Code     0  startup_stm32h723xx.o(.text)
    BDMA_Channel1_IRQHandler                 0x08000387   Thumb Code     0  startup_stm32h723xx.o(.text)
    BDMA_Channel2_IRQHandler                 0x08000387   Thumb Code     0  startup_stm32h723xx.o(.text)
    BDMA_Channel3_IRQHandler                 0x08000387   Thumb Code     0  startup_stm32h723xx.o(.text)
    BDMA_Channel4_IRQHandler                 0x08000387   Thumb Code     0  startup_stm32h723xx.o(.text)
    BDMA_Channel5_IRQHandler                 0x08000387   Thumb Code     0  startup_stm32h723xx.o(.text)
    BDMA_Channel6_IRQHandler                 0x08000387   Thumb Code     0  startup_stm32h723xx.o(.text)
    BDMA_Channel7_IRQHandler                 0x08000387   Thumb Code     0  startup_stm32h723xx.o(.text)
    CEC_IRQHandler                           0x08000387   Thumb Code     0  startup_stm32h723xx.o(.text)
    COMP1_IRQHandler                         0x08000387   Thumb Code     0  startup_stm32h723xx.o(.text)
    CORDIC_IRQHandler                        0x08000387   Thumb Code     0  startup_stm32h723xx.o(.text)
    CRS_IRQHandler                           0x08000387   Thumb Code     0  startup_stm32h723xx.o(.text)
    DCMI_PSSI_IRQHandler                     0x08000387   Thumb Code     0  startup_stm32h723xx.o(.text)
    DFSDM1_FLT0_IRQHandler                   0x08000387   Thumb Code     0  startup_stm32h723xx.o(.text)
    DFSDM1_FLT1_IRQHandler                   0x08000387   Thumb Code     0  startup_stm32h723xx.o(.text)
    DFSDM1_FLT2_IRQHandler                   0x08000387   Thumb Code     0  startup_stm32h723xx.o(.text)
    DFSDM1_FLT3_IRQHandler                   0x08000387   Thumb Code     0  startup_stm32h723xx.o(.text)
    DMA1_Stream2_IRQHandler                  0x08000387   Thumb Code     0  startup_stm32h723xx.o(.text)
    DMA1_Stream3_IRQHandler                  0x08000387   Thumb Code     0  startup_stm32h723xx.o(.text)
    DMA1_Stream4_IRQHandler                  0x08000387   Thumb Code     0  startup_stm32h723xx.o(.text)
    DMA1_Stream5_IRQHandler                  0x08000387   Thumb Code     0  startup_stm32h723xx.o(.text)
    DMA1_Stream6_IRQHandler                  0x08000387   Thumb Code     0  startup_stm32h723xx.o(.text)
    DMA1_Stream7_IRQHandler                  0x08000387   Thumb Code     0  startup_stm32h723xx.o(.text)
    DMA2D_IRQHandler                         0x08000387   Thumb Code     0  startup_stm32h723xx.o(.text)
    DMA2_Stream0_IRQHandler                  0x08000387   Thumb Code     0  startup_stm32h723xx.o(.text)
    DMA2_Stream1_IRQHandler                  0x08000387   Thumb Code     0  startup_stm32h723xx.o(.text)
    DMA2_Stream2_IRQHandler                  0x08000387   Thumb Code     0  startup_stm32h723xx.o(.text)
    DMA2_Stream3_IRQHandler                  0x08000387   Thumb Code     0  startup_stm32h723xx.o(.text)
    DMA2_Stream4_IRQHandler                  0x08000387   Thumb Code     0  startup_stm32h723xx.o(.text)
    DMA2_Stream5_IRQHandler                  0x08000387   Thumb Code     0  startup_stm32h723xx.o(.text)
    DMA2_Stream6_IRQHandler                  0x08000387   Thumb Code     0  startup_stm32h723xx.o(.text)
    DMA2_Stream7_IRQHandler                  0x08000387   Thumb Code     0  startup_stm32h723xx.o(.text)
    DMAMUX1_OVR_IRQHandler                   0x08000387   Thumb Code     0  startup_stm32h723xx.o(.text)
    DMAMUX2_OVR_IRQHandler                   0x08000387   Thumb Code     0  startup_stm32h723xx.o(.text)
    DTS_IRQHandler                           0x08000387   Thumb Code     0  startup_stm32h723xx.o(.text)
    ECC_IRQHandler                           0x08000387   Thumb Code     0  startup_stm32h723xx.o(.text)
    ETH_IRQHandler                           0x08000387   Thumb Code     0  startup_stm32h723xx.o(.text)
    ETH_WKUP_IRQHandler                      0x08000387   Thumb Code     0  startup_stm32h723xx.o(.text)
    EXTI0_IRQHandler                         0x08000387   Thumb Code     0  startup_stm32h723xx.o(.text)
    EXTI15_10_IRQHandler                     0x08000387   Thumb Code     0  startup_stm32h723xx.o(.text)
    EXTI1_IRQHandler                         0x08000387   Thumb Code     0  startup_stm32h723xx.o(.text)
    EXTI2_IRQHandler                         0x08000387   Thumb Code     0  startup_stm32h723xx.o(.text)
    EXTI3_IRQHandler                         0x08000387   Thumb Code     0  startup_stm32h723xx.o(.text)
    EXTI4_IRQHandler                         0x08000387   Thumb Code     0  startup_stm32h723xx.o(.text)
    EXTI9_5_IRQHandler                       0x08000387   Thumb Code     0  startup_stm32h723xx.o(.text)
    FDCAN2_IT0_IRQHandler                    0x08000387   Thumb Code     0  startup_stm32h723xx.o(.text)
    FDCAN2_IT1_IRQHandler                    0x08000387   Thumb Code     0  startup_stm32h723xx.o(.text)
    FDCAN3_IT0_IRQHandler                    0x08000387   Thumb Code     0  startup_stm32h723xx.o(.text)
    FDCAN3_IT1_IRQHandler                    0x08000387   Thumb Code     0  startup_stm32h723xx.o(.text)
    FLASH_IRQHandler                         0x08000387   Thumb Code     0  startup_stm32h723xx.o(.text)
    FMAC_IRQHandler                          0x08000387   Thumb Code     0  startup_stm32h723xx.o(.text)
    FMC_IRQHandler                           0x08000387   Thumb Code     0  startup_stm32h723xx.o(.text)
    FPU_IRQHandler                           0x08000387   Thumb Code     0  startup_stm32h723xx.o(.text)
    HSEM1_IRQHandler                         0x08000387   Thumb Code     0  startup_stm32h723xx.o(.text)
    I2C1_ER_IRQHandler                       0x08000387   Thumb Code     0  startup_stm32h723xx.o(.text)
    I2C1_EV_IRQHandler                       0x08000387   Thumb Code     0  startup_stm32h723xx.o(.text)
    I2C2_ER_IRQHandler                       0x08000387   Thumb Code     0  startup_stm32h723xx.o(.text)
    I2C2_EV_IRQHandler                       0x08000387   Thumb Code     0  startup_stm32h723xx.o(.text)
    I2C3_ER_IRQHandler                       0x08000387   Thumb Code     0  startup_stm32h723xx.o(.text)
    I2C3_EV_IRQHandler                       0x08000387   Thumb Code     0  startup_stm32h723xx.o(.text)
    I2C4_ER_IRQHandler                       0x08000387   Thumb Code     0  startup_stm32h723xx.o(.text)
    I2C4_EV_IRQHandler                       0x08000387   Thumb Code     0  startup_stm32h723xx.o(.text)
    I2C5_ER_IRQHandler                       0x08000387   Thumb Code     0  startup_stm32h723xx.o(.text)
    I2C5_EV_IRQHandler                       0x08000387   Thumb Code     0  startup_stm32h723xx.o(.text)
    LPTIM1_IRQHandler                        0x08000387   Thumb Code     0  startup_stm32h723xx.o(.text)
    LPTIM2_IRQHandler                        0x08000387   Thumb Code     0  startup_stm32h723xx.o(.text)
    LPTIM3_IRQHandler                        0x08000387   Thumb Code     0  startup_stm32h723xx.o(.text)
    LPTIM4_IRQHandler                        0x08000387   Thumb Code     0  startup_stm32h723xx.o(.text)
    LPTIM5_IRQHandler                        0x08000387   Thumb Code     0  startup_stm32h723xx.o(.text)
    LPUART1_IRQHandler                       0x08000387   Thumb Code     0  startup_stm32h723xx.o(.text)
    LTDC_ER_IRQHandler                       0x08000387   Thumb Code     0  startup_stm32h723xx.o(.text)
    LTDC_IRQHandler                          0x08000387   Thumb Code     0  startup_stm32h723xx.o(.text)
    MDIOS_IRQHandler                         0x08000387   Thumb Code     0  startup_stm32h723xx.o(.text)
    MDIOS_WKUP_IRQHandler                    0x08000387   Thumb Code     0  startup_stm32h723xx.o(.text)
    MDMA_IRQHandler                          0x08000387   Thumb Code     0  startup_stm32h723xx.o(.text)
    OCTOSPI1_IRQHandler                      0x08000387   Thumb Code     0  startup_stm32h723xx.o(.text)
    OCTOSPI2_IRQHandler                      0x08000387   Thumb Code     0  startup_stm32h723xx.o(.text)
    OTG_HS_EP1_IN_IRQHandler                 0x08000387   Thumb Code     0  startup_stm32h723xx.o(.text)
    OTG_HS_EP1_OUT_IRQHandler                0x08000387   Thumb Code     0  startup_stm32h723xx.o(.text)
    OTG_HS_IRQHandler                        0x08000387   Thumb Code     0  startup_stm32h723xx.o(.text)
    OTG_HS_WKUP_IRQHandler                   0x08000387   Thumb Code     0  startup_stm32h723xx.o(.text)
    PVD_AVD_IRQHandler                       0x08000387   Thumb Code     0  startup_stm32h723xx.o(.text)
    RCC_IRQHandler                           0x08000387   Thumb Code     0  startup_stm32h723xx.o(.text)
    RNG_IRQHandler                           0x08000387   Thumb Code     0  startup_stm32h723xx.o(.text)
    RTC_Alarm_IRQHandler                     0x08000387   Thumb Code     0  startup_stm32h723xx.o(.text)
    RTC_WKUP_IRQHandler                      0x08000387   Thumb Code     0  startup_stm32h723xx.o(.text)
    SAI1_IRQHandler                          0x08000387   Thumb Code     0  startup_stm32h723xx.o(.text)
    SAI4_IRQHandler                          0x08000387   Thumb Code     0  startup_stm32h723xx.o(.text)
    SDMMC1_IRQHandler                        0x08000387   Thumb Code     0  startup_stm32h723xx.o(.text)
    SDMMC2_IRQHandler                        0x08000387   Thumb Code     0  startup_stm32h723xx.o(.text)
    SPDIF_RX_IRQHandler                      0x08000387   Thumb Code     0  startup_stm32h723xx.o(.text)
    SPI1_IRQHandler                          0x08000387   Thumb Code     0  startup_stm32h723xx.o(.text)
    SPI2_IRQHandler                          0x08000387   Thumb Code     0  startup_stm32h723xx.o(.text)
    SPI3_IRQHandler                          0x08000387   Thumb Code     0  startup_stm32h723xx.o(.text)
    SPI4_IRQHandler                          0x08000387   Thumb Code     0  startup_stm32h723xx.o(.text)
    SPI5_IRQHandler                          0x08000387   Thumb Code     0  startup_stm32h723xx.o(.text)
    SPI6_IRQHandler                          0x08000387   Thumb Code     0  startup_stm32h723xx.o(.text)
    SWPMI1_IRQHandler                        0x08000387   Thumb Code     0  startup_stm32h723xx.o(.text)
    TAMP_STAMP_IRQHandler                    0x08000387   Thumb Code     0  startup_stm32h723xx.o(.text)
    TIM15_IRQHandler                         0x08000387   Thumb Code     0  startup_stm32h723xx.o(.text)
    TIM16_IRQHandler                         0x08000387   Thumb Code     0  startup_stm32h723xx.o(.text)
    TIM17_IRQHandler                         0x08000387   Thumb Code     0  startup_stm32h723xx.o(.text)
    TIM1_BRK_IRQHandler                      0x08000387   Thumb Code     0  startup_stm32h723xx.o(.text)
    TIM1_CC_IRQHandler                       0x08000387   Thumb Code     0  startup_stm32h723xx.o(.text)
    TIM1_TRG_COM_IRQHandler                  0x08000387   Thumb Code     0  startup_stm32h723xx.o(.text)
    TIM1_UP_IRQHandler                       0x08000387   Thumb Code     0  startup_stm32h723xx.o(.text)
    TIM23_IRQHandler                         0x08000387   Thumb Code     0  startup_stm32h723xx.o(.text)
    TIM24_IRQHandler                         0x08000387   Thumb Code     0  startup_stm32h723xx.o(.text)
    TIM2_IRQHandler                          0x08000387   Thumb Code     0  startup_stm32h723xx.o(.text)
    TIM5_IRQHandler                          0x08000387   Thumb Code     0  startup_stm32h723xx.o(.text)
    TIM6_DAC_IRQHandler                      0x08000387   Thumb Code     0  startup_stm32h723xx.o(.text)
    TIM7_IRQHandler                          0x08000387   Thumb Code     0  startup_stm32h723xx.o(.text)
    TIM8_BRK_TIM12_IRQHandler                0x08000387   Thumb Code     0  startup_stm32h723xx.o(.text)
    TIM8_CC_IRQHandler                       0x08000387   Thumb Code     0  startup_stm32h723xx.o(.text)
    TIM8_TRG_COM_TIM14_IRQHandler            0x08000387   Thumb Code     0  startup_stm32h723xx.o(.text)
    TIM8_UP_TIM13_IRQHandler                 0x08000387   Thumb Code     0  startup_stm32h723xx.o(.text)
    UART4_IRQHandler                         0x08000387   Thumb Code     0  startup_stm32h723xx.o(.text)
    UART5_IRQHandler                         0x08000387   Thumb Code     0  startup_stm32h723xx.o(.text)
    UART7_IRQHandler                         0x08000387   Thumb Code     0  startup_stm32h723xx.o(.text)
    UART8_IRQHandler                         0x08000387   Thumb Code     0  startup_stm32h723xx.o(.text)
    UART9_IRQHandler                         0x08000387   Thumb Code     0  startup_stm32h723xx.o(.text)
    USART10_IRQHandler                       0x08000387   Thumb Code     0  startup_stm32h723xx.o(.text)
    USART2_IRQHandler                        0x08000387   Thumb Code     0  startup_stm32h723xx.o(.text)
    USART3_IRQHandler                        0x08000387   Thumb Code     0  startup_stm32h723xx.o(.text)
    USART6_IRQHandler                        0x08000387   Thumb Code     0  startup_stm32h723xx.o(.text)
    WAKEUP_PIN_IRQHandler                    0x08000387   Thumb Code     0  startup_stm32h723xx.o(.text)
    WWDG_IRQHandler                          0x08000387   Thumb Code     0  startup_stm32h723xx.o(.text)
    __user_initial_stackheap                 0x08000389   Thumb Code     0  startup_stm32h723xx.o(.text)
    __aeabi_uldivmod                         0x080003ad   Thumb Code     0  lludivv7m.o(.text)
    _ll_udiv                                 0x080003ad   Thumb Code   238  lludivv7m.o(.text)
    strlen                                   0x0800049b   Thumb Code    62  strlen.o(.text)
    __aeabi_memcpy4                          0x080004d9   Thumb Code     0  rt_memcpy_w.o(.text)
    __aeabi_memcpy8                          0x080004d9   Thumb Code     0  rt_memcpy_w.o(.text)
    __rt_memcpy_w                            0x080004d9   Thumb Code   100  rt_memcpy_w.o(.text)
    _memcpy_lastbytes_aligned                0x08000521   Thumb Code     0  rt_memcpy_w.o(.text)
    __aeabi_memclr4                          0x0800053d   Thumb Code     0  rt_memclr_w.o(.text)
    __aeabi_memclr8                          0x0800053d   Thumb Code     0  rt_memclr_w.o(.text)
    __rt_memclr_w                            0x0800053d   Thumb Code    78  rt_memclr_w.o(.text)
    _memset_w                                0x08000541   Thumb Code     0  rt_memclr_w.o(.text)
    __use_two_region_memory                  0x0800058b   Thumb Code     2  heapauxi.o(.text)
    __rt_heap_escrow$2region                 0x0800058d   Thumb Code     2  heapauxi.o(.text)
    __rt_heap_expand$2region                 0x0800058f   Thumb Code     2  heapauxi.o(.text)
    __user_setup_stackheap                   0x08000591   Thumb Code    74  sys_stackheap_outer.o(.text)
    exit                                     0x080005db   Thumb Code    18  exit.o(.text)
    __user_libspace                          0x080005ed   Thumb Code     8  libspace.o(.text)
    __user_perproc_libspace                  0x080005ed   Thumb Code     0  libspace.o(.text)
    __user_perthread_libspace                0x080005ed   Thumb Code     0  libspace.o(.text)
    _sys_exit                                0x080005f5   Thumb Code     8  sys_exit.o(.text)
    __I$use$semihosting                      0x08000601   Thumb Code     0  use_no_semi.o(.text)
    __use_no_semihosting_swi                 0x08000601   Thumb Code     2  use_no_semi.o(.text)
    BusFault_Handler                         0x08000603   Thumb Code     2  stm32h7xx_it.o(i.BusFault_Handler)
    __semihosting_library_function           0x08000603   Thumb Code     0  indicate_semi.o(.text)
    DMA1_Stream0_IRQHandler                  0x08000605   Thumb Code     6  stm32h7xx_it.o(i.DMA1_Stream0_IRQHandler)
    DMA1_Stream1_IRQHandler                  0x08000611   Thumb Code     6  stm32h7xx_it.o(i.DMA1_Stream1_IRQHandler)
    DebugMon_Handler                         0x08000835   Thumb Code     2  stm32h7xx_it.o(i.DebugMon_Handler)
    Error_Handler                            0x08000837   Thumb Code     4  main.o(i.Error_Handler)
    FDCAN1_IT0_IRQHandler                    0x0800083d   Thumb Code     6  stm32h7xx_it.o(i.FDCAN1_IT0_IRQHandler)
    FDCAN1_IT1_IRQHandler                    0x08000849   Thumb Code     6  stm32h7xx_it.o(i.FDCAN1_IT1_IRQHandler)
    FDCAN_CAL_IRQHandler                     0x08000855   Thumb Code     6  stm32h7xx_it.o(i.FDCAN_CAL_IRQHandler)
    HAL_DMA_Abort                            0x08000aa5   Thumb Code   836  stm32h7xx_hal_dma.o(i.HAL_DMA_Abort)
    HAL_DMA_Abort_IT                         0x08000e05   Thumb Code   602  stm32h7xx_hal_dma.o(i.HAL_DMA_Abort_IT)
    HAL_DMA_IRQHandler                       0x08001089   Thumb Code  1756  stm32h7xx_hal_dma.o(i.HAL_DMA_IRQHandler)
    HAL_DMA_Init                             0x08001771   Thumb Code   922  stm32h7xx_hal_dma.o(i.HAL_DMA_Init)
    HAL_Delay                                0x08001b2d   Thumb Code    32  stm32h7xx_hal.o(i.HAL_Delay)
    HAL_FDCAN_ActivateNotification           0x08001b51   Thumb Code   126  stm32h7xx_hal_fdcan.o(i.HAL_FDCAN_ActivateNotification)
    HAL_FDCAN_AddMessageToTxFifoQ            0x08001bd9   Thumb Code   102  stm32h7xx_hal_fdcan.o(i.HAL_FDCAN_AddMessageToTxFifoQ)
    HAL_FDCAN_ClockCalibrationCallback       0x08001c3f   Thumb Code     2  stm32h7xx_hal_fdcan.o(i.HAL_FDCAN_ClockCalibrationCallback)
    HAL_FDCAN_ConfigFifoWatermark            0x08001c41   Thumb Code    90  stm32h7xx_hal_fdcan.o(i.HAL_FDCAN_ConfigFifoWatermark)
    HAL_FDCAN_ConfigFilter                   0x08001c9b   Thumb Code   126  stm32h7xx_hal_fdcan.o(i.HAL_FDCAN_ConfigFilter)
    HAL_FDCAN_ConfigGlobalFilter             0x08001d19   Thumb Code    50  stm32h7xx_hal_fdcan.o(i.HAL_FDCAN_ConfigGlobalFilter)
    HAL_FDCAN_DeInit                         0x08001d4b   Thumb Code    42  stm32h7xx_hal_fdcan.o(i.HAL_FDCAN_DeInit)
    HAL_FDCAN_ErrorCallback                  0x08001d75   Thumb Code     2  stm32h7xx_hal_fdcan.o(i.HAL_FDCAN_ErrorCallback)
    HAL_FDCAN_ErrorStatusCallback            0x08001d77   Thumb Code    16  bsp_fdcan.o(i.HAL_FDCAN_ErrorStatusCallback)
    HAL_FDCAN_GetRxMessage                   0x08001d89   Thumb Code   392  stm32h7xx_hal_fdcan.o(i.HAL_FDCAN_GetRxMessage)
    HAL_FDCAN_HighPriorityMessageCallback    0x08001f15   Thumb Code     2  stm32h7xx_hal_fdcan.o(i.HAL_FDCAN_HighPriorityMessageCallback)
    HAL_FDCAN_IRQHandler                     0x08001f19   Thumb Code   788  stm32h7xx_hal_fdcan.o(i.HAL_FDCAN_IRQHandler)
    HAL_FDCAN_Init                           0x08002239   Thumb Code   572  stm32h7xx_hal_fdcan.o(i.HAL_FDCAN_Init)
    HAL_FDCAN_MspDeInit                      0x0800247d   Thumb Code    52  fdcan.o(i.HAL_FDCAN_MspDeInit)
    HAL_FDCAN_MspInit                        0x080024bd   Thumb Code   172  fdcan.o(i.HAL_FDCAN_MspInit)
    HAL_FDCAN_RxBufferNewMessageCallback     0x08002575   Thumb Code     2  stm32h7xx_hal_fdcan.o(i.HAL_FDCAN_RxBufferNewMessageCallback)
    HAL_FDCAN_RxFifo0Callback                0x08002579   Thumb Code    14  bsp_fdcan.o(i.HAL_FDCAN_RxFifo0Callback)
    HAL_FDCAN_RxFifo1Callback                0x0800258d   Thumb Code     2  stm32h7xx_hal_fdcan.o(i.HAL_FDCAN_RxFifo1Callback)
    HAL_FDCAN_Start                          0x0800258f   Thumb Code    50  stm32h7xx_hal_fdcan.o(i.HAL_FDCAN_Start)
    HAL_FDCAN_Stop                           0x080025c1   Thumb Code   126  stm32h7xx_hal_fdcan.o(i.HAL_FDCAN_Stop)
    HAL_FDCAN_TT_GlobalTimeCallback          0x0800263f   Thumb Code     2  stm32h7xx_hal_fdcan.o(i.HAL_FDCAN_TT_GlobalTimeCallback)
    HAL_FDCAN_TT_ScheduleSyncCallback        0x08002641   Thumb Code     2  stm32h7xx_hal_fdcan.o(i.HAL_FDCAN_TT_ScheduleSyncCallback)
    HAL_FDCAN_TT_StopWatchCallback           0x08002643   Thumb Code     2  stm32h7xx_hal_fdcan.o(i.HAL_FDCAN_TT_StopWatchCallback)
    HAL_FDCAN_TT_TimeMarkCallback            0x08002645   Thumb Code     2  stm32h7xx_hal_fdcan.o(i.HAL_FDCAN_TT_TimeMarkCallback)
    HAL_FDCAN_TimeoutOccurredCallback        0x08002647   Thumb Code     2  stm32h7xx_hal_fdcan.o(i.HAL_FDCAN_TimeoutOccurredCallback)
    HAL_FDCAN_TimestampWraparoundCallback    0x08002649   Thumb Code     2  stm32h7xx_hal_fdcan.o(i.HAL_FDCAN_TimestampWraparoundCallback)
    HAL_FDCAN_TxBufferAbortCallback          0x0800264b   Thumb Code     2  stm32h7xx_hal_fdcan.o(i.HAL_FDCAN_TxBufferAbortCallback)
    HAL_FDCAN_TxBufferCompleteCallback       0x0800264d   Thumb Code     2  stm32h7xx_hal_fdcan.o(i.HAL_FDCAN_TxBufferCompleteCallback)
    HAL_FDCAN_TxEventFifoCallback            0x0800264f   Thumb Code     2  stm32h7xx_hal_fdcan.o(i.HAL_FDCAN_TxEventFifoCallback)
    HAL_FDCAN_TxFifoEmptyCallback            0x08002651   Thumb Code     2  stm32h7xx_hal_fdcan.o(i.HAL_FDCAN_TxFifoEmptyCallback)
    HAL_GPIO_DeInit                          0x08002655   Thumb Code   310  stm32h7xx_hal_gpio.o(i.HAL_GPIO_DeInit)
    HAL_GPIO_Init                            0x080027b5   Thumb Code   496  stm32h7xx_hal_gpio.o(i.HAL_GPIO_Init)
    HAL_GPIO_WritePin                        0x080029d1   Thumb Code    10  stm32h7xx_hal_gpio.o(i.HAL_GPIO_WritePin)
    HAL_GetTick                              0x080029dd   Thumb Code     6  stm32h7xx_hal.o(i.HAL_GetTick)
    HAL_IncTick                              0x080029e9   Thumb Code    12  stm32h7xx_hal.o(i.HAL_IncTick)
    HAL_Init                                 0x080029f9   Thumb Code    74  stm32h7xx_hal.o(i.HAL_Init)
    HAL_InitTick                             0x08002a55   Thumb Code    56  stm32h7xx_hal.o(i.HAL_InitTick)
    HAL_MspInit                              0x08002a95   Thumb Code    22  stm32h7xx_hal_msp.o(i.HAL_MspInit)
    HAL_NVIC_DisableIRQ                      0x08002ab1   Thumb Code    34  stm32h7xx_hal_cortex.o(i.HAL_NVIC_DisableIRQ)
    HAL_NVIC_EnableIRQ                       0x08002ad3   Thumb Code    26  stm32h7xx_hal_cortex.o(i.HAL_NVIC_EnableIRQ)
    HAL_NVIC_SetPriority                     0x08002aed   Thumb Code    60  stm32h7xx_hal_cortex.o(i.HAL_NVIC_SetPriority)
    HAL_NVIC_SetPriorityGrouping             0x08002b2d   Thumb Code    28  stm32h7xx_hal_cortex.o(i.HAL_NVIC_SetPriorityGrouping)
    HAL_PWREx_ConfigSupply                   0x08002b51   Thumb Code    78  stm32h7xx_hal_pwr_ex.o(i.HAL_PWREx_ConfigSupply)
    HAL_RCCEx_GetD3PCLK1Freq                 0x08002ba5   Thumb Code    26  stm32h7xx_hal_rcc_ex.o(i.HAL_RCCEx_GetD3PCLK1Freq)
    HAL_RCCEx_GetPLL2ClockFreq               0x08002bc9   Thumb Code   296  stm32h7xx_hal_rcc_ex.o(i.HAL_RCCEx_GetPLL2ClockFreq)
    HAL_RCCEx_GetPLL3ClockFreq               0x08002d0d   Thumb Code   296  stm32h7xx_hal_rcc_ex.o(i.HAL_RCCEx_GetPLL3ClockFreq)
    HAL_RCCEx_PeriphCLKConfig                0x08002e51   Thumb Code  2362  stm32h7xx_hal_rcc_ex.o(i.HAL_RCCEx_PeriphCLKConfig)
    HAL_RCC_ClockConfig                      0x0800378d   Thumb Code   580  stm32h7xx_hal_rcc.o(i.HAL_RCC_ClockConfig)
    HAL_RCC_GetHCLKFreq                      0x080039e9   Thumb Code    52  stm32h7xx_hal_rcc.o(i.HAL_RCC_GetHCLKFreq)
    HAL_RCC_GetPCLK1Freq                     0x08003a2d   Thumb Code    26  stm32h7xx_hal_rcc.o(i.HAL_RCC_GetPCLK1Freq)
    HAL_RCC_GetPCLK2Freq                     0x08003a51   Thumb Code    26  stm32h7xx_hal_rcc.o(i.HAL_RCC_GetPCLK2Freq)
    HAL_RCC_GetSysClockFreq                  0x08003a75   Thumb Code   278  stm32h7xx_hal_rcc.o(i.HAL_RCC_GetSysClockFreq)
    HAL_RCC_OscConfig                        0x08003bad   Thumb Code  1318  stm32h7xx_hal_rcc.o(i.HAL_RCC_OscConfig)
    HAL_SYSTICK_Config                       0x080040d3   Thumb Code    38  stm32h7xx_hal_cortex.o(i.HAL_SYSTICK_Config)
    HAL_TIMEx_Break2Callback                 0x080040f9   Thumb Code     2  stm32h7xx_hal_tim_ex.o(i.HAL_TIMEx_Break2Callback)
    HAL_TIMEx_BreakCallback                  0x080040fb   Thumb Code     2  stm32h7xx_hal_tim_ex.o(i.HAL_TIMEx_BreakCallback)
    HAL_TIMEx_CommutCallback                 0x080040fd   Thumb Code     2  stm32h7xx_hal_tim_ex.o(i.HAL_TIMEx_CommutCallback)
    HAL_TIMEx_MasterConfigSynchronization    0x08004101   Thumb Code   146  stm32h7xx_hal_tim_ex.o(i.HAL_TIMEx_MasterConfigSynchronization)
    HAL_TIM_Base_Init                        0x080041b9   Thumb Code    98  stm32h7xx_hal_tim.o(i.HAL_TIM_Base_Init)
    HAL_TIM_Base_MspInit                     0x0800421d   Thumb Code    86  tim.o(i.HAL_TIM_Base_MspInit)
    HAL_TIM_Base_Start_IT                    0x08004281   Thumb Code   118  stm32h7xx_hal_tim.o(i.HAL_TIM_Base_Start_IT)
    HAL_TIM_ConfigClockSource                0x08004321   Thumb Code   248  stm32h7xx_hal_tim.o(i.HAL_TIM_ConfigClockSource)
    HAL_TIM_IC_CaptureCallback               0x0800441d   Thumb Code     2  stm32h7xx_hal_tim.o(i.HAL_TIM_IC_CaptureCallback)
    HAL_TIM_IRQHandler                       0x0800441f   Thumb Code   328  stm32h7xx_hal_tim.o(i.HAL_TIM_IRQHandler)
    HAL_TIM_OC_DelayElapsedCallback          0x08004567   Thumb Code     2  stm32h7xx_hal_tim.o(i.HAL_TIM_OC_DelayElapsedCallback)
    HAL_TIM_PWM_PulseFinishedCallback        0x08004569   Thumb Code     2  stm32h7xx_hal_tim.o(i.HAL_TIM_PWM_PulseFinishedCallback)
    HAL_TIM_PeriodElapsedCallback            0x0800456d   Thumb Code    72  main.o(i.HAL_TIM_PeriodElapsedCallback)
    HAL_TIM_TriggerCallback                  0x080045c9   Thumb Code     2  stm32h7xx_hal_tim.o(i.HAL_TIM_TriggerCallback)
    HAL_UARTEx_DisableFifoMode               0x080045cb   Thumb Code    64  stm32h7xx_hal_uart_ex.o(i.HAL_UARTEx_DisableFifoMode)
    HAL_UARTEx_RxEventCallback               0x0800460b   Thumb Code     2  stm32h7xx_hal_uart.o(i.HAL_UARTEx_RxEventCallback)
    HAL_UARTEx_RxFifoFullCallback            0x0800460d   Thumb Code     2  stm32h7xx_hal_uart_ex.o(i.HAL_UARTEx_RxFifoFullCallback)
    HAL_UARTEx_SetRxFifoThreshold            0x0800460f   Thumb Code    76  stm32h7xx_hal_uart_ex.o(i.HAL_UARTEx_SetRxFifoThreshold)
    HAL_UARTEx_SetTxFifoThreshold            0x0800465b   Thumb Code    76  stm32h7xx_hal_uart_ex.o(i.HAL_UARTEx_SetTxFifoThreshold)
    HAL_UARTEx_TxFifoEmptyCallback           0x080046a7   Thumb Code     2  stm32h7xx_hal_uart_ex.o(i.HAL_UARTEx_TxFifoEmptyCallback)
    HAL_UARTEx_WakeupCallback                0x080046a9   Thumb Code     2  stm32h7xx_hal_uart_ex.o(i.HAL_UARTEx_WakeupCallback)
    HAL_UART_ErrorCallback                   0x080046ab   Thumb Code     2  stm32h7xx_hal_uart.o(i.HAL_UART_ErrorCallback)
    HAL_UART_IRQHandler                      0x080046ad   Thumb Code   898  stm32h7xx_hal_uart.o(i.HAL_UART_IRQHandler)
    HAL_UART_Init                            0x08004a49   Thumb Code   106  stm32h7xx_hal_uart.o(i.HAL_UART_Init)
    HAL_UART_MspInit                         0x08004ab5   Thumb Code   238  usart.o(i.HAL_UART_MspInit)
    HAL_UART_Receive_IT                      0x08004bb9   Thumb Code    66  stm32h7xx_hal_uart.o(i.HAL_UART_Receive_IT)
    HAL_UART_RxCpltCallback                  0x08004c01   Thumb Code    88  usart.o(i.HAL_UART_RxCpltCallback)
    HAL_UART_Transmit                        0x08004c69   Thumb Code   176  stm32h7xx_hal_uart.o(i.HAL_UART_Transmit)
    HAL_UART_TxCpltCallback                  0x08004d19   Thumb Code     2  stm32h7xx_hal_uart.o(i.HAL_UART_TxCpltCallback)
    HardFault_Handler                        0x08004d1b   Thumb Code     2  stm32h7xx_it.o(i.HardFault_Handler)
    MX_DMA_Init                              0x08004d1d   Thumb Code    56  dma.o(i.MX_DMA_Init)
    MX_FDCAN1_Init                           0x08004d59   Thumb Code   114  fdcan.o(i.MX_FDCAN1_Init)
    MX_GPIO_Init                             0x08004dd5   Thumb Code   118  gpio.o(i.MX_GPIO_Init)
    MX_TIM3_Init                             0x08004e55   Thumb Code    94  tim.o(i.MX_TIM3_Init)
    MX_TIM4_Init                             0x08004ebd   Thumb Code    94  tim.o(i.MX_TIM4_Init)
    MX_USART1_UART_Init                      0x08004f25   Thumb Code    94  usart.o(i.MX_USART1_UART_Init)
    MemManage_Handler                        0x08004f8d   Thumb Code     2  stm32h7xx_it.o(i.MemManage_Handler)
    NMI_Handler                              0x08004f8f   Thumb Code     2  stm32h7xx_it.o(i.NMI_Handler)
    PendSV_Handler                           0x08004f91   Thumb Code     2  stm32h7xx_it.o(i.PendSV_Handler)
    SVC_Handler                              0x080051d5   Thumb Code     2  stm32h7xx_it.o(i.SVC_Handler)
    SysTick_Handler                          0x080051d7   Thumb Code     4  stm32h7xx_it.o(i.SysTick_Handler)
    SystemClock_Config                       0x080051dd   Thumb Code   146  main.o(i.SystemClock_Config)
    SystemInit                               0x08005275   Thumb Code   158  system_stm32h7xx.o(i.SystemInit)
    TIM3_IRQHandler                          0x08005335   Thumb Code     6  stm32h7xx_it.o(i.TIM3_IRQHandler)
    TIM4_IRQHandler                          0x08005341   Thumb Code     6  stm32h7xx_it.o(i.TIM4_IRQHandler)
    TIM_Base_SetConfig                       0x0800534d   Thumb Code   182  stm32h7xx_hal_tim.o(i.TIM_Base_SetConfig)
    TIM_ETR_SetConfig                        0x0800542d   Thumb Code    18  stm32h7xx_hal_tim.o(i.TIM_ETR_SetConfig)
    UART_AdvFeatureConfig                    0x080054e1   Thumb Code   200  stm32h7xx_hal_uart.o(i.UART_AdvFeatureConfig)
    UART_CheckIdleState                      0x080055a9   Thumb Code   170  stm32h7xx_hal_uart.o(i.UART_CheckIdleState)
    UART_SetConfig                           0x08005b89   Thumb Code   914  stm32h7xx_hal_uart.o(i.UART_SetConfig)
    UART_Start_Receive_IT                    0x08005f65   Thumb Code   256  stm32h7xx_hal_uart.o(i.UART_Start_Receive_IT)
    UART_WaitOnFlagUntilTimeout              0x08006075   Thumb Code   148  stm32h7xx_hal_uart.o(i.UART_WaitOnFlagUntilTimeout)
    USART1_IRQHandler                        0x08006109   Thumb Code     6  stm32h7xx_it.o(i.USART1_IRQHandler)
    UsageFault_Handler                       0x08006115   Thumb Code     2  stm32h7xx_it.o(i.UsageFault_Handler)
    bsp_can_init                             0x08006139   Thumb Code    28  bsp_fdcan.o(i.bsp_can_init)
    bsp_fdcan_set_baud                       0x0800615d   Thumb Code   238  bsp_fdcan.o(i.bsp_fdcan_set_baud)
    can_filter_init                          0x0800624d   Thumb Code    58  bsp_fdcan.o(i.can_filter_init)
    disable_motor_mode                       0x0800628d   Thumb Code    52  dm_motor_drv.o(i.disable_motor_mode)
    dm_motor_clear_para                      0x080062c1   Thumb Code    30  dm_motor_drv.o(i.dm_motor_clear_para)
    dm_motor_ctrl_send                       0x080062e5   Thumb Code    90  dm_motor_drv.o(i.dm_motor_ctrl_send)
    dm_motor_disable                         0x0800633f   Thumb Code    68  dm_motor_drv.o(i.dm_motor_disable)
    dm_motor_enable                          0x08006385   Thumb Code    56  dm_motor_drv.o(i.dm_motor_enable)
    dm_motor_fbdata                          0x080063bd   Thumb Code   142  dm_motor_drv.o(i.dm_motor_fbdata)
    dm_motor_init                            0x0800644d   Thumb Code   130  dm_motor_ctrl.o(i.dm_motor_init)
    enable_motor_mode                        0x080064f1   Thumb Code    52  dm_motor_drv.o(i.enable_motor_mode)
    fdcan1_rx_callback                       0x08006525   Thumb Code    44  dm_motor_ctrl.o(i.fdcan1_rx_callback)
    fdcanx_receive                           0x08006559   Thumb Code    98  bsp_fdcan.o(i.fdcanx_receive)
    fdcanx_send_data                         0x080065bb   Thumb Code   110  bsp_fdcan.o(i.fdcanx_send_data)
    float_to_uint                            0x08006629   Thumb Code    40  dm_motor_drv.o(i.float_to_uint)
    main                                     0x08006651   Thumb Code   206  main.o(i.main)
    mit_ctrl                                 0x08006739   Thumb Code   192  dm_motor_drv.o(i.mit_ctrl)
    pos_ctrl                                 0x08006801   Thumb Code    76  dm_motor_drv.o(i.pos_ctrl)
    psi_ctrl                                 0x0800684d   Thumb Code    96  dm_motor_drv.o(i.psi_ctrl)
    read_all_motor_data                      0x080068b5   Thumb Code   334  dm_motor_ctrl.o(i.read_all_motor_data)
    read_motor_data                          0x08006a05   Thumb Code    44  dm_motor_drv.o(i.read_motor_data)
    receive_motor_data                       0x08006a39   Thumb Code   480  dm_motor_ctrl.o(i.receive_motor_data)
    save_motor_data                          0x08006c19   Thumb Code    36  dm_motor_drv.o(i.save_motor_data)
    spd_ctrl                                 0x08006c45   Thumb Code    44  dm_motor_drv.o(i.spd_ctrl)
    uint_to_float                            0x08006c71   Thumb Code    40  dm_motor_drv.o(i.uint_to_float)
    write_motor_data                         0x08006c99   Thumb Code    68  dm_motor_drv.o(i.write_motor_data)
    _fp_init                                 0x08006ce9   Thumb Code    10  fpinit.o(x$fpl$fpinit)
    __fplib_config_fpu_vfp                   0x08006cf1   Thumb Code     0  fpinit.o(x$fpl$fpinit)
    __fplib_config_pureend_doubles           0x08006cf1   Thumb Code     0  fpinit.o(x$fpl$fpinit)
    UARTPrescTable                           0x08006d58   Data          24  stm32h7xx_hal_uart.o(.constdata)
    D1CorePrescTable                         0x08006d80   Data          16  system_stm32h7xx.o(.constdata)
    Region$$Table$$Base                      0x08006dd4   Number         0  anon$$obj.o(Region$$Table)
    Region$$Table$$Limit                     0x08006df4   Number         0  anon$$obj.o(Region$$Table)
    g_target_motor_speed                     0x24000000   Data           4  main.o(.data)
    target_rpm                               0x24000004   Data           4  main.o(.data)
    uart_cmd_received_flag                   0x24000008   Data           1  usart.o(.data)
    uart_rx_buffer                           0x24000009   Data           1  usart.o(.data)
    uart_cmd_index                           0x2400000a   Data           2  usart.o(.data)
    uwTickFreq                               0x2400000c   Data           1  stm32h7xx_hal.o(.data)
    uwTickPrio                               0x24000010   Data           4  stm32h7xx_hal.o(.data)
    uwTick                                   0x24000014   Data           4  stm32h7xx_hal.o(.data)
    SystemCoreClock                          0x24000018   Data           4  system_stm32h7xx.o(.data)
    SystemD2Clock                            0x2400001c   Data           4  system_stm32h7xx.o(.data)
    hfdcan1                                  0x24000020   Data         160  fdcan.o(.bss)
    htim3                                    0x240000c0   Data          76  tim.o(.bss)
    htim4                                    0x2400010c   Data          76  tim.o(.bss)
    huart1                                   0x24000158   Data         148  usart.o(.bss)
    hdma_usart1_rx                           0x240001ec   Data         120  usart.o(.bss)
    hdma_usart1_tx                           0x24000264   Data         120  usart.o(.bss)
    uart_cmd_buffer                          0x240002dc   Data          64  usart.o(.bss)
    motor                                    0x2400031c   Data        2720  dm_motor_ctrl.o(.bss)
    __libspace_start                         0x24000dbc   Data          96  libspace.o(.bss)
    __temporary_stack_top$libspace           0x24000e1c   Data           0  libspace.o(.bss)



==============================================================================

Memory Map of the image

  Image Entry point : 0x080002cd

  Load Region LR_IROM1 (Base: 0x08000000, Size: 0x00006e14, Max: 0x00100000, ABSOLUTE)

    Execution Region ER_IROM1 (Exec base: 0x08000000, Load base: 0x08000000, Size: 0x00006df4, Max: 0x00100000, ABSOLUTE)

    Exec Addr    Load Addr    Size         Type   Attr      Idx    E Section Name        Object

    0x08000000   0x08000000   0x000002cc   Data   RO            3    RESET               startup_stm32h723xx.o
    0x080002cc   0x080002cc   0x00000008   Code   RO         5489  * !!!main             c_w.l(__main.o)
    0x080002d4   0x080002d4   0x00000034   Code   RO         5658    !!!scatter          c_w.l(__scatter.o)
    0x08000308   0x08000308   0x0000001a   Code   RO         5660    !!handler_copy      c_w.l(__scatter_copy.o)
    0x08000322   0x08000322   0x00000002   PAD
    0x08000324   0x08000324   0x0000001c   Code   RO         5662    !!handler_zi        c_w.l(__scatter_zi.o)
    0x08000340   0x08000340   0x00000002   Code   RO         5526    .ARM.Collect$$libinit$$00000000  c_w.l(libinit.o)
    0x08000342   0x08000342   0x00000004   Code   RO         5538    .ARM.Collect$$libinit$$00000001  c_w.l(libinit2.o)
    0x08000346   0x08000346   0x00000000   Code   RO         5541    .ARM.Collect$$libinit$$00000004  c_w.l(libinit2.o)
    0x08000346   0x08000346   0x00000000   Code   RO         5544    .ARM.Collect$$libinit$$0000000A  c_w.l(libinit2.o)
    0x08000346   0x08000346   0x00000000   Code   RO         5546    .ARM.Collect$$libinit$$0000000C  c_w.l(libinit2.o)
    0x08000346   0x08000346   0x00000000   Code   RO         5548    .ARM.Collect$$libinit$$0000000E  c_w.l(libinit2.o)
    0x08000346   0x08000346   0x00000000   Code   RO         5551    .ARM.Collect$$libinit$$00000011  c_w.l(libinit2.o)
    0x08000346   0x08000346   0x00000000   Code   RO         5553    .ARM.Collect$$libinit$$00000013  c_w.l(libinit2.o)
    0x08000346   0x08000346   0x00000000   Code   RO         5555    .ARM.Collect$$libinit$$00000015  c_w.l(libinit2.o)
    0x08000346   0x08000346   0x00000000   Code   RO         5557    .ARM.Collect$$libinit$$00000017  c_w.l(libinit2.o)
    0x08000346   0x08000346   0x00000000   Code   RO         5559    .ARM.Collect$$libinit$$00000019  c_w.l(libinit2.o)
    0x08000346   0x08000346   0x00000000   Code   RO         5561    .ARM.Collect$$libinit$$0000001B  c_w.l(libinit2.o)
    0x08000346   0x08000346   0x00000000   Code   RO         5563    .ARM.Collect$$libinit$$0000001D  c_w.l(libinit2.o)
    0x08000346   0x08000346   0x00000000   Code   RO         5565    .ARM.Collect$$libinit$$0000001F  c_w.l(libinit2.o)
    0x08000346   0x08000346   0x00000000   Code   RO         5567    .ARM.Collect$$libinit$$00000021  c_w.l(libinit2.o)
    0x08000346   0x08000346   0x00000000   Code   RO         5569    .ARM.Collect$$libinit$$00000023  c_w.l(libinit2.o)
    0x08000346   0x08000346   0x00000000   Code   RO         5571    .ARM.Collect$$libinit$$00000025  c_w.l(libinit2.o)
    0x08000346   0x08000346   0x00000000   Code   RO         5575    .ARM.Collect$$libinit$$0000002C  c_w.l(libinit2.o)
    0x08000346   0x08000346   0x00000000   Code   RO         5577    .ARM.Collect$$libinit$$0000002E  c_w.l(libinit2.o)
    0x08000346   0x08000346   0x00000000   Code   RO         5579    .ARM.Collect$$libinit$$00000030  c_w.l(libinit2.o)
    0x08000346   0x08000346   0x00000000   Code   RO         5581    .ARM.Collect$$libinit$$00000032  c_w.l(libinit2.o)
    0x08000346   0x08000346   0x00000002   Code   RO         5582    .ARM.Collect$$libinit$$00000033  c_w.l(libinit2.o)
    0x08000348   0x08000348   0x00000002   Code   RO         5613    .ARM.Collect$$libshutdown$$00000000  c_w.l(libshutdown.o)
    0x0800034a   0x0800034a   0x00000000   Code   RO         5639    .ARM.Collect$$libshutdown$$00000002  c_w.l(libshutdown2.o)
    0x0800034a   0x0800034a   0x00000000   Code   RO         5641    .ARM.Collect$$libshutdown$$00000004  c_w.l(libshutdown2.o)
    0x0800034a   0x0800034a   0x00000000   Code   RO         5643    .ARM.Collect$$libshutdown$$00000006  c_w.l(libshutdown2.o)
    0x0800034a   0x0800034a   0x00000000   Code   RO         5646    .ARM.Collect$$libshutdown$$00000009  c_w.l(libshutdown2.o)
    0x0800034a   0x0800034a   0x00000000   Code   RO         5649    .ARM.Collect$$libshutdown$$0000000C  c_w.l(libshutdown2.o)
    0x0800034a   0x0800034a   0x00000000   Code   RO         5651    .ARM.Collect$$libshutdown$$0000000E  c_w.l(libshutdown2.o)
    0x0800034a   0x0800034a   0x00000000   Code   RO         5654    .ARM.Collect$$libshutdown$$00000011  c_w.l(libshutdown2.o)
    0x0800034a   0x0800034a   0x00000002   Code   RO         5655    .ARM.Collect$$libshutdown$$00000012  c_w.l(libshutdown2.o)
    0x0800034c   0x0800034c   0x00000000   Code   RO         5491    .ARM.Collect$$rtentry$$00000000  c_w.l(__rtentry.o)
    0x0800034c   0x0800034c   0x00000000   Code   RO         5497    .ARM.Collect$$rtentry$$00000002  c_w.l(__rtentry2.o)
    0x0800034c   0x0800034c   0x00000006   Code   RO         5509    .ARM.Collect$$rtentry$$00000004  c_w.l(__rtentry4.o)
    0x08000352   0x08000352   0x00000000   Code   RO         5499    .ARM.Collect$$rtentry$$00000009  c_w.l(__rtentry2.o)
    0x08000352   0x08000352   0x00000004   Code   RO         5500    .ARM.Collect$$rtentry$$0000000A  c_w.l(__rtentry2.o)
    0x08000356   0x08000356   0x00000000   Code   RO         5502    .ARM.Collect$$rtentry$$0000000C  c_w.l(__rtentry2.o)
    0x08000356   0x08000356   0x00000008   Code   RO         5503    .ARM.Collect$$rtentry$$0000000D  c_w.l(__rtentry2.o)
    0x0800035e   0x0800035e   0x00000002   Code   RO         5530    .ARM.Collect$$rtexit$$00000000  c_w.l(rtexit.o)
    0x08000360   0x08000360   0x00000000   Code   RO         5586    .ARM.Collect$$rtexit$$00000002  c_w.l(rtexit2.o)
    0x08000360   0x08000360   0x00000004   Code   RO         5587    .ARM.Collect$$rtexit$$00000003  c_w.l(rtexit2.o)
    0x08000364   0x08000364   0x00000006   Code   RO         5588    .ARM.Collect$$rtexit$$00000004  c_w.l(rtexit2.o)
    0x0800036a   0x0800036a   0x00000002   PAD
    0x0800036c   0x0800036c   0x00000040   Code   RO            4    .text               startup_stm32h723xx.o
    0x080003ac   0x080003ac   0x000000ee   Code   RO         5479    .text               c_w.l(lludivv7m.o)
    0x0800049a   0x0800049a   0x0000003e   Code   RO         5481    .text               c_w.l(strlen.o)
    0x080004d8   0x080004d8   0x00000064   Code   RO         5483    .text               c_w.l(rt_memcpy_w.o)
    0x0800053c   0x0800053c   0x0000004e   Code   RO         5485    .text               c_w.l(rt_memclr_w.o)
    0x0800058a   0x0800058a   0x00000006   Code   RO         5487    .text               c_w.l(heapauxi.o)
    0x08000590   0x08000590   0x0000004a   Code   RO         5513    .text               c_w.l(sys_stackheap_outer.o)
    0x080005da   0x080005da   0x00000012   Code   RO         5515    .text               c_w.l(exit.o)
    0x080005ec   0x080005ec   0x00000008   Code   RO         5527    .text               c_w.l(libspace.o)
    0x080005f4   0x080005f4   0x0000000c   Code   RO         5583    .text               c_w.l(sys_exit.o)
    0x08000600   0x08000600   0x00000002   Code   RO         5602    .text               c_w.l(use_no_semi.o)
    0x08000602   0x08000602   0x00000000   Code   RO         5604    .text               c_w.l(indicate_semi.o)
    0x08000602   0x08000602   0x00000002   Code   RO          404    i.BusFault_Handler  stm32h7xx_it.o
    0x08000604   0x08000604   0x0000000c   Code   RO          405    i.DMA1_Stream0_IRQHandler  stm32h7xx_it.o
    0x08000610   0x08000610   0x0000000c   Code   RO          406    i.DMA1_Stream1_IRQHandler  stm32h7xx_it.o
    0x0800061c   0x0800061c   0x000000b4   Code   RO         1325    i.DMA_CalcBaseAndBitshift  stm32h7xx_hal_dma.o
    0x080006d0   0x080006d0   0x0000009c   Code   RO         1326    i.DMA_CalcDMAMUXChannelBaseAndMask  stm32h7xx_hal_dma.o
    0x0800076c   0x0800076c   0x00000074   Code   RO         1327    i.DMA_CalcDMAMUXRequestGenBaseAndMask  stm32h7xx_hal_dma.o
    0x080007e0   0x080007e0   0x00000054   Code   RO         1328    i.DMA_CheckFifoParam  stm32h7xx_hal_dma.o
    0x08000834   0x08000834   0x00000002   Code   RO          407    i.DebugMon_Handler  stm32h7xx_it.o
    0x08000836   0x08000836   0x00000004   Code   RO           13    i.Error_Handler     main.o
    0x0800083a   0x0800083a   0x00000002   PAD
    0x0800083c   0x0800083c   0x0000000c   Code   RO          408    i.FDCAN1_IT0_IRQHandler  stm32h7xx_it.o
    0x08000848   0x08000848   0x0000000c   Code   RO          409    i.FDCAN1_IT1_IRQHandler  stm32h7xx_it.o
    0x08000854   0x08000854   0x0000000c   Code   RO          410    i.FDCAN_CAL_IRQHandler  stm32h7xx_it.o
    0x08000860   0x08000860   0x000001c8   Code   RO         2966    i.FDCAN_CalcultateRamBlockAddresses  stm32h7xx_hal_fdcan.o
    0x08000a28   0x08000a28   0x0000007c   Code   RO         2967    i.FDCAN_CopyMessageToRAM  stm32h7xx_hal_fdcan.o
    0x08000aa4   0x08000aa4   0x00000360   Code   RO         1330    i.HAL_DMA_Abort     stm32h7xx_hal_dma.o
    0x08000e04   0x08000e04   0x00000284   Code   RO         1331    i.HAL_DMA_Abort_IT  stm32h7xx_hal_dma.o
    0x08001088   0x08001088   0x000006e8   Code   RO         1335    i.HAL_DMA_IRQHandler  stm32h7xx_hal_dma.o
    0x08001770   0x08001770   0x000003bc   Code   RO         1336    i.HAL_DMA_Init      stm32h7xx_hal_dma.o
    0x08001b2c   0x08001b2c   0x00000024   Code   RO         2027    i.HAL_Delay         stm32h7xx_hal.o
    0x08001b50   0x08001b50   0x00000088   Code   RO         2969    i.HAL_FDCAN_ActivateNotification  stm32h7xx_hal_fdcan.o
    0x08001bd8   0x08001bd8   0x00000066   Code   RO         2971    i.HAL_FDCAN_AddMessageToTxFifoQ  stm32h7xx_hal_fdcan.o
    0x08001c3e   0x08001c3e   0x00000002   Code   RO         2972    i.HAL_FDCAN_ClockCalibrationCallback  stm32h7xx_hal_fdcan.o
    0x08001c40   0x08001c40   0x0000005a   Code   RO         2975    i.HAL_FDCAN_ConfigFifoWatermark  stm32h7xx_hal_fdcan.o
    0x08001c9a   0x08001c9a   0x0000007e   Code   RO         2976    i.HAL_FDCAN_ConfigFilter  stm32h7xx_hal_fdcan.o
    0x08001d18   0x08001d18   0x00000032   Code   RO         2977    i.HAL_FDCAN_ConfigGlobalFilter  stm32h7xx_hal_fdcan.o
    0x08001d4a   0x08001d4a   0x0000002a   Code   RO         2984    i.HAL_FDCAN_DeInit  stm32h7xx_hal_fdcan.o
    0x08001d74   0x08001d74   0x00000002   Code   RO         2998    i.HAL_FDCAN_ErrorCallback  stm32h7xx_hal_fdcan.o
    0x08001d76   0x08001d76   0x00000010   Code   RO         5219    i.HAL_FDCAN_ErrorStatusCallback  bsp_fdcan.o
    0x08001d86   0x08001d86   0x00000002   PAD
    0x08001d88   0x08001d88   0x0000018c   Code   RO         3010    i.HAL_FDCAN_GetRxMessage  stm32h7xx_hal_fdcan.o
    0x08001f14   0x08001f14   0x00000002   Code   RO         3016    i.HAL_FDCAN_HighPriorityMessageCallback  stm32h7xx_hal_fdcan.o
    0x08001f16   0x08001f16   0x00000002   PAD
    0x08001f18   0x08001f18   0x00000320   Code   RO         3017    i.HAL_FDCAN_IRQHandler  stm32h7xx_hal_fdcan.o
    0x08002238   0x08002238   0x00000244   Code   RO         3018    i.HAL_FDCAN_Init    stm32h7xx_hal_fdcan.o
    0x0800247c   0x0800247c   0x00000040   Code   RO          261    i.HAL_FDCAN_MspDeInit  fdcan.o
    0x080024bc   0x080024bc   0x000000b8   Code   RO          262    i.HAL_FDCAN_MspInit  fdcan.o
    0x08002574   0x08002574   0x00000002   Code   RO         3027    i.HAL_FDCAN_RxBufferNewMessageCallback  stm32h7xx_hal_fdcan.o
    0x08002576   0x08002576   0x00000002   PAD
    0x08002578   0x08002578   0x00000014   Code   RO         5220    i.HAL_FDCAN_RxFifo0Callback  bsp_fdcan.o
    0x0800258c   0x0800258c   0x00000002   Code   RO         3029    i.HAL_FDCAN_RxFifo1Callback  stm32h7xx_hal_fdcan.o
    0x0800258e   0x0800258e   0x00000032   Code   RO         3030    i.HAL_FDCAN_Start   stm32h7xx_hal_fdcan.o
    0x080025c0   0x080025c0   0x0000007e   Code   RO         3031    i.HAL_FDCAN_Stop    stm32h7xx_hal_fdcan.o
    0x0800263e   0x0800263e   0x00000002   Code   RO         3052    i.HAL_FDCAN_TT_GlobalTimeCallback  stm32h7xx_hal_fdcan.o
    0x08002640   0x08002640   0x00000002   Code   RO         3053    i.HAL_FDCAN_TT_ScheduleSyncCallback  stm32h7xx_hal_fdcan.o
    0x08002642   0x08002642   0x00000002   Code   RO         3058    i.HAL_FDCAN_TT_StopWatchCallback  stm32h7xx_hal_fdcan.o
    0x08002644   0x08002644   0x00000002   Code   RO         3059    i.HAL_FDCAN_TT_TimeMarkCallback  stm32h7xx_hal_fdcan.o
    0x08002646   0x08002646   0x00000002   Code   RO         3060    i.HAL_FDCAN_TimeoutOccurredCallback  stm32h7xx_hal_fdcan.o
    0x08002648   0x08002648   0x00000002   Code   RO         3061    i.HAL_FDCAN_TimestampWraparoundCallback  stm32h7xx_hal_fdcan.o
    0x0800264a   0x0800264a   0x00000002   Code   RO         3062    i.HAL_FDCAN_TxBufferAbortCallback  stm32h7xx_hal_fdcan.o
    0x0800264c   0x0800264c   0x00000002   Code   RO         3063    i.HAL_FDCAN_TxBufferCompleteCallback  stm32h7xx_hal_fdcan.o
    0x0800264e   0x0800264e   0x00000002   Code   RO         3064    i.HAL_FDCAN_TxEventFifoCallback  stm32h7xx_hal_fdcan.o
    0x08002650   0x08002650   0x00000002   Code   RO         3065    i.HAL_FDCAN_TxFifoEmptyCallback  stm32h7xx_hal_fdcan.o
    0x08002652   0x08002652   0x00000002   PAD
    0x08002654   0x08002654   0x00000160   Code   RO         1175    i.HAL_GPIO_DeInit   stm32h7xx_hal_gpio.o
    0x080027b4   0x080027b4   0x0000021c   Code   RO         1178    i.HAL_GPIO_Init     stm32h7xx_hal_gpio.o
    0x080029d0   0x080029d0   0x0000000a   Code   RO         1182    i.HAL_GPIO_WritePin  stm32h7xx_hal_gpio.o
    0x080029da   0x080029da   0x00000002   PAD
    0x080029dc   0x080029dc   0x0000000c   Code   RO         2043    i.HAL_GetTick       stm32h7xx_hal.o
    0x080029e8   0x080029e8   0x00000010   Code   RO         2049    i.HAL_IncTick       stm32h7xx_hal.o
    0x080029f8   0x080029f8   0x0000005c   Code   RO         2050    i.HAL_Init          stm32h7xx_hal.o
    0x08002a54   0x08002a54   0x00000040   Code   RO         2051    i.HAL_InitTick      stm32h7xx_hal.o
    0x08002a94   0x08002a94   0x0000001c   Code   RO          528    i.HAL_MspInit       stm32h7xx_hal_msp.o
    0x08002ab0   0x08002ab0   0x00000022   Code   RO          559    i.HAL_NVIC_DisableIRQ  stm32h7xx_hal_cortex.o
    0x08002ad2   0x08002ad2   0x0000001a   Code   RO          560    i.HAL_NVIC_EnableIRQ  stm32h7xx_hal_cortex.o
    0x08002aec   0x08002aec   0x00000040   Code   RO          566    i.HAL_NVIC_SetPriority  stm32h7xx_hal_cortex.o
    0x08002b2c   0x08002b2c   0x00000024   Code   RO          567    i.HAL_NVIC_SetPriorityGrouping  stm32h7xx_hal_cortex.o
    0x08002b50   0x08002b50   0x00000054   Code   RO         1779    i.HAL_PWREx_ConfigSupply  stm32h7xx_hal_pwr_ex.o
    0x08002ba4   0x08002ba4   0x00000024   Code   RO          821    i.HAL_RCCEx_GetD3PCLK1Freq  stm32h7xx_hal_rcc_ex.o
    0x08002bc8   0x08002bc8   0x00000144   Code   RO          823    i.HAL_RCCEx_GetPLL2ClockFreq  stm32h7xx_hal_rcc_ex.o
    0x08002d0c   0x08002d0c   0x00000144   Code   RO          824    i.HAL_RCCEx_GetPLL3ClockFreq  stm32h7xx_hal_rcc_ex.o
    0x08002e50   0x08002e50   0x0000093a   Code   RO          830    i.HAL_RCCEx_PeriphCLKConfig  stm32h7xx_hal_rcc_ex.o
    0x0800378a   0x0800378a   0x00000002   PAD
    0x0800378c   0x0800378c   0x0000025c   Code   RO          706    i.HAL_RCC_ClockConfig  stm32h7xx_hal_rcc.o
    0x080039e8   0x080039e8   0x00000044   Code   RO          711    i.HAL_RCC_GetHCLKFreq  stm32h7xx_hal_rcc.o
    0x08003a2c   0x08003a2c   0x00000024   Code   RO          713    i.HAL_RCC_GetPCLK1Freq  stm32h7xx_hal_rcc.o
    0x08003a50   0x08003a50   0x00000024   Code   RO          714    i.HAL_RCC_GetPCLK2Freq  stm32h7xx_hal_rcc.o
    0x08003a74   0x08003a74   0x00000138   Code   RO          715    i.HAL_RCC_GetSysClockFreq  stm32h7xx_hal_rcc.o
    0x08003bac   0x08003bac   0x00000526   Code   RO          718    i.HAL_RCC_OscConfig  stm32h7xx_hal_rcc.o
    0x080040d2   0x080040d2   0x00000026   Code   RO          571    i.HAL_SYSTICK_Config  stm32h7xx_hal_cortex.o
    0x080040f8   0x080040f8   0x00000002   Code   RO         4300    i.HAL_TIMEx_Break2Callback  stm32h7xx_hal_tim_ex.o
    0x080040fa   0x080040fa   0x00000002   Code   RO         4301    i.HAL_TIMEx_BreakCallback  stm32h7xx_hal_tim_ex.o
    0x080040fc   0x080040fc   0x00000002   Code   RO         4302    i.HAL_TIMEx_CommutCallback  stm32h7xx_hal_tim_ex.o
    0x080040fe   0x080040fe   0x00000002   PAD
    0x08004100   0x08004100   0x000000b8   Code   RO         4323    i.HAL_TIMEx_MasterConfigSynchronization  stm32h7xx_hal_tim_ex.o
    0x080041b8   0x080041b8   0x00000062   Code   RO         3586    i.HAL_TIM_Base_Init  stm32h7xx_hal_tim.o
    0x0800421a   0x0800421a   0x00000002   PAD
    0x0800421c   0x0800421c   0x00000064   Code   RO          304    i.HAL_TIM_Base_MspInit  tim.o
    0x08004280   0x08004280   0x000000a0   Code   RO         3591    i.HAL_TIM_Base_Start_IT  stm32h7xx_hal_tim.o
    0x08004320   0x08004320   0x000000fc   Code   RO         3595    i.HAL_TIM_ConfigClockSource  stm32h7xx_hal_tim.o
    0x0800441c   0x0800441c   0x00000002   Code   RO         3620    i.HAL_TIM_IC_CaptureCallback  stm32h7xx_hal_tim.o
    0x0800441e   0x0800441e   0x00000148   Code   RO         3634    i.HAL_TIM_IRQHandler  stm32h7xx_hal_tim.o
    0x08004566   0x08004566   0x00000002   Code   RO         3637    i.HAL_TIM_OC_DelayElapsedCallback  stm32h7xx_hal_tim.o
    0x08004568   0x08004568   0x00000002   Code   RO         3664    i.HAL_TIM_PWM_PulseFinishedCallback  stm32h7xx_hal_tim.o
    0x0800456a   0x0800456a   0x00000002   PAD
    0x0800456c   0x0800456c   0x0000005c   Code   RO           14    i.HAL_TIM_PeriodElapsedCallback  main.o
    0x080045c8   0x080045c8   0x00000002   Code   RO         3677    i.HAL_TIM_TriggerCallback  stm32h7xx_hal_tim.o
    0x080045ca   0x080045ca   0x00000040   Code   RO         5023    i.HAL_UARTEx_DisableFifoMode  stm32h7xx_hal_uart_ex.o
    0x0800460a   0x0800460a   0x00000002   Code   RO         4612    i.HAL_UARTEx_RxEventCallback  stm32h7xx_hal_uart.o
    0x0800460c   0x0800460c   0x00000002   Code   RO         5031    i.HAL_UARTEx_RxFifoFullCallback  stm32h7xx_hal_uart_ex.o
    0x0800460e   0x0800460e   0x0000004c   Code   RO         5032    i.HAL_UARTEx_SetRxFifoThreshold  stm32h7xx_hal_uart_ex.o
    0x0800465a   0x0800465a   0x0000004c   Code   RO         5033    i.HAL_UARTEx_SetTxFifoThreshold  stm32h7xx_hal_uart_ex.o
    0x080046a6   0x080046a6   0x00000002   Code   RO         5035    i.HAL_UARTEx_TxFifoEmptyCallback  stm32h7xx_hal_uart_ex.o
    0x080046a8   0x080046a8   0x00000002   Code   RO         5036    i.HAL_UARTEx_WakeupCallback  stm32h7xx_hal_uart_ex.o
    0x080046aa   0x080046aa   0x00000002   Code   RO         4628    i.HAL_UART_ErrorCallback  stm32h7xx_hal_uart.o
    0x080046ac   0x080046ac   0x0000039c   Code   RO         4631    i.HAL_UART_IRQHandler  stm32h7xx_hal_uart.o
    0x08004a48   0x08004a48   0x0000006a   Code   RO         4632    i.HAL_UART_Init     stm32h7xx_hal_uart.o
    0x08004ab2   0x08004ab2   0x00000002   PAD
    0x08004ab4   0x08004ab4   0x00000104   Code   RO          352    i.HAL_UART_MspInit  usart.o
    0x08004bb8   0x08004bb8   0x00000048   Code   RO         4637    i.HAL_UART_Receive_IT  stm32h7xx_hal_uart.o
    0x08004c00   0x08004c00   0x00000068   Code   RO          353    i.HAL_UART_RxCpltCallback  usart.o
    0x08004c68   0x08004c68   0x000000b0   Code   RO         4641    i.HAL_UART_Transmit  stm32h7xx_hal_uart.o
    0x08004d18   0x08004d18   0x00000002   Code   RO         4644    i.HAL_UART_TxCpltCallback  stm32h7xx_hal_uart.o
    0x08004d1a   0x08004d1a   0x00000002   Code   RO          411    i.HardFault_Handler  stm32h7xx_it.o
    0x08004d1c   0x08004d1c   0x0000003c   Code   RO          237    i.MX_DMA_Init       dma.o
    0x08004d58   0x08004d58   0x0000007c   Code   RO          263    i.MX_FDCAN1_Init    fdcan.o
    0x08004dd4   0x08004dd4   0x00000080   Code   RO          213    i.MX_GPIO_Init      gpio.o
    0x08004e54   0x08004e54   0x00000068   Code   RO          305    i.MX_TIM3_Init      tim.o
    0x08004ebc   0x08004ebc   0x00000068   Code   RO          306    i.MX_TIM4_Init      tim.o
    0x08004f24   0x08004f24   0x00000068   Code   RO          354    i.MX_USART1_UART_Init  usart.o
    0x08004f8c   0x08004f8c   0x00000002   Code   RO          412    i.MemManage_Handler  stm32h7xx_it.o
    0x08004f8e   0x08004f8e   0x00000002   Code   RO          413    i.NMI_Handler       stm32h7xx_it.o
    0x08004f90   0x08004f90   0x00000002   Code   RO          414    i.PendSV_Handler    stm32h7xx_it.o
    0x08004f92   0x08004f92   0x00000002   PAD
    0x08004f94   0x08004f94   0x00000120   Code   RO          833    i.RCCEx_PLL2_Config  stm32h7xx_hal_rcc_ex.o
    0x080050b4   0x080050b4   0x00000120   Code   RO          834    i.RCCEx_PLL3_Config  stm32h7xx_hal_rcc_ex.o
    0x080051d4   0x080051d4   0x00000002   Code   RO          415    i.SVC_Handler       stm32h7xx_it.o
    0x080051d6   0x080051d6   0x00000004   Code   RO          416    i.SysTick_Handler   stm32h7xx_it.o
    0x080051da   0x080051da   0x00000002   PAD
    0x080051dc   0x080051dc   0x00000098   Code   RO           15    i.SystemClock_Config  main.o
    0x08005274   0x08005274   0x000000c0   Code   RO         5142    i.SystemInit        system_stm32h7xx.o
    0x08005334   0x08005334   0x0000000c   Code   RO          417    i.TIM3_IRQHandler   stm32h7xx_it.o
    0x08005340   0x08005340   0x0000000c   Code   RO          418    i.TIM4_IRQHandler   stm32h7xx_it.o
    0x0800534c   0x0800534c   0x000000e0   Code   RO         3679    i.TIM_Base_SetConfig  stm32h7xx_hal_tim.o
    0x0800542c   0x0800542c   0x00000012   Code   RO         3690    i.TIM_ETR_SetConfig  stm32h7xx_hal_tim.o
    0x0800543e   0x0800543e   0x00000002   PAD
    0x08005440   0x08005440   0x00000014   Code   RO         3691    i.TIM_ITRx_SetConfig  stm32h7xx_hal_tim.o
    0x08005454   0x08005454   0x00000022   Code   RO         3699    i.TIM_TI1_ConfigInputStage  stm32h7xx_hal_tim.o
    0x08005476   0x08005476   0x00000024   Code   RO         3701    i.TIM_TI2_ConfigInputStage  stm32h7xx_hal_tim.o
    0x0800549a   0x0800549a   0x00000002   PAD
    0x0800549c   0x0800549c   0x00000044   Code   RO         5037    i.UARTEx_SetNbDataToProcess  stm32h7xx_hal_uart_ex.o
    0x080054e0   0x080054e0   0x000000c8   Code   RO         4646    i.UART_AdvFeatureConfig  stm32h7xx_hal_uart.o
    0x080055a8   0x080055a8   0x000000aa   Code   RO         4647    i.UART_CheckIdleState  stm32h7xx_hal_uart.o
    0x08005652   0x08005652   0x00000010   Code   RO         4648    i.UART_DMAAbortOnError  stm32h7xx_hal_uart.o
    0x08005662   0x08005662   0x00000002   PAD
    0x08005664   0x08005664   0x00000054   Code   RO         4658    i.UART_EndRxTransfer  stm32h7xx_hal_uart.o
    0x080056b8   0x080056b8   0x000000c8   Code   RO         4660    i.UART_RxISR_16BIT  stm32h7xx_hal_uart.o
    0x08005780   0x08005780   0x000001a0   Code   RO         4661    i.UART_RxISR_16BIT_FIFOEN  stm32h7xx_hal_uart.o
    0x08005920   0x08005920   0x000000c8   Code   RO         4662    i.UART_RxISR_8BIT   stm32h7xx_hal_uart.o
    0x080059e8   0x080059e8   0x000001a0   Code   RO         4663    i.UART_RxISR_8BIT_FIFOEN  stm32h7xx_hal_uart.o
    0x08005b88   0x08005b88   0x000003dc   Code   RO         4664    i.UART_SetConfig    stm32h7xx_hal_uart.o
    0x08005f64   0x08005f64   0x00000110   Code   RO         4666    i.UART_Start_Receive_IT  stm32h7xx_hal_uart.o
    0x08006074   0x08006074   0x00000094   Code   RO         4671    i.UART_WaitOnFlagUntilTimeout  stm32h7xx_hal_uart.o
    0x08006108   0x08006108   0x0000000c   Code   RO          419    i.USART1_IRQHandler  stm32h7xx_it.o
    0x08006114   0x08006114   0x00000002   Code   RO          420    i.UsageFault_Handler  stm32h7xx_it.o
    0x08006116   0x08006116   0x00000022   Code   RO          573    i.__NVIC_SetPriority  stm32h7xx_hal_cortex.o
    0x08006138   0x08006138   0x00000024   Code   RO         5221    i.bsp_can_init      bsp_fdcan.o
    0x0800615c   0x0800615c   0x000000ee   Code   RO         5222    i.bsp_fdcan_set_baud  bsp_fdcan.o
    0x0800624a   0x0800624a   0x00000002   PAD
    0x0800624c   0x0800624c   0x00000040   Code   RO         5223    i.can_filter_init   bsp_fdcan.o
    0x0800628c   0x0800628c   0x00000034   Code   RO         5344    i.disable_motor_mode  dm_motor_drv.o
    0x080062c0   0x080062c0   0x00000024   Code   RO         5346    i.dm_motor_clear_para  dm_motor_drv.o
    0x080062e4   0x080062e4   0x0000005a   Code   RO         5347    i.dm_motor_ctrl_send  dm_motor_drv.o
    0x0800633e   0x0800633e   0x00000044   Code   RO         5348    i.dm_motor_disable  dm_motor_drv.o
    0x08006382   0x08006382   0x00000002   PAD
    0x08006384   0x08006384   0x00000038   Code   RO         5349    i.dm_motor_enable   dm_motor_drv.o
    0x080063bc   0x080063bc   0x0000008e   Code   RO         5350    i.dm_motor_fbdata   dm_motor_drv.o
    0x0800644a   0x0800644a   0x00000002   PAD
    0x0800644c   0x0800644c   0x000000a4   Code   RO         5288    i.dm_motor_init     dm_motor_ctrl.o
    0x080064f0   0x080064f0   0x00000034   Code   RO         5351    i.enable_motor_mode  dm_motor_drv.o
    0x08006524   0x08006524   0x00000034   Code   RO         5289    i.fdcan1_rx_callback  dm_motor_ctrl.o
    0x08006558   0x08006558   0x00000062   Code   RO         5225    i.fdcanx_receive    bsp_fdcan.o
    0x080065ba   0x080065ba   0x0000006e   Code   RO         5226    i.fdcanx_send_data  bsp_fdcan.o
    0x08006628   0x08006628   0x00000028   Code   RO         5352    i.float_to_uint     dm_motor_drv.o
    0x08006650   0x08006650   0x000000e8   Code   RO           16    i.main              main.o
    0x08006738   0x08006738   0x000000c8   Code   RO         5353    i.mit_ctrl          dm_motor_drv.o
    0x08006800   0x08006800   0x0000004c   Code   RO         5354    i.pos_ctrl          dm_motor_drv.o
    0x0800684c   0x0800684c   0x00000068   Code   RO         5355    i.psi_ctrl          dm_motor_drv.o
    0x080068b4   0x080068b4   0x0000014e   Code   RO         5290    i.read_all_motor_data  dm_motor_ctrl.o
    0x08006a02   0x08006a02   0x00000002   PAD
    0x08006a04   0x08006a04   0x00000034   Code   RO         5357    i.read_motor_data   dm_motor_drv.o
    0x08006a38   0x08006a38   0x000001e0   Code   RO         5291    i.receive_motor_data  dm_motor_ctrl.o
    0x08006c18   0x08006c18   0x0000002c   Code   RO         5358    i.save_motor_data   dm_motor_drv.o
    0x08006c44   0x08006c44   0x0000002c   Code   RO         5360    i.spd_ctrl          dm_motor_drv.o
    0x08006c70   0x08006c70   0x00000028   Code   RO         5361    i.uint_to_float     dm_motor_drv.o
    0x08006c98   0x08006c98   0x00000050   Code   RO         5362    i.write_motor_data  dm_motor_drv.o
    0x08006ce8   0x08006ce8   0x0000000a   Code   RO         5598    x$fpl$fpinit        fz_wv.l(fpinit.o)
    0x08006cf2   0x08006cf2   0x00000008   Data   RO         1342    .constdata          stm32h7xx_hal_dma.o
    0x08006cfa   0x08006cfa   0x00000002   PAD
    0x08006cfc   0x08006cfc   0x0000005c   Data   RO         3066    .constdata          stm32h7xx_hal_fdcan.o
    0x08006d58   0x08006d58   0x00000018   Data   RO         4672    .constdata          stm32h7xx_hal_uart.o
    0x08006d70   0x08006d70   0x00000010   Data   RO         5038    .constdata          stm32h7xx_hal_uart_ex.o
    0x08006d80   0x08006d80   0x00000010   Data   RO         5143    .constdata          system_stm32h7xx.o
    0x08006d90   0x08006d90   0x00000042   Data   RO           17    .conststring        main.o
    0x08006dd2   0x08006dd2   0x00000002   PAD
    0x08006dd4   0x08006dd4   0x00000020   Data   RO         5656    Region$$Table       anon$$obj.o


    Execution Region RW_IRAM1 (Exec base: 0x20000000, Load base: 0x08006df4, Size: 0x00000000, Max: 0x00020000, ABSOLUTE)

    **** No section assigned to this execution region ****


    Execution Region RW_IRAM2 (Exec base: 0x24000000, Load base: 0x08006df4, Size: 0x00003220, Max: 0x00050000, ABSOLUTE)

    Exec Addr    Load Addr    Size         Type   Attr      Idx    E Section Name        Object

    0x24000000   0x08006df4   0x00000008   Data   RW           19    .data               main.o
    0x24000008   0x08006dfc   0x00000004   Data   RW          356    .data               usart.o
    0x2400000c   0x08006e00   0x0000000c   Data   RW         2074    .data               stm32h7xx_hal.o
    0x24000018   0x08006e0c   0x00000008   Data   RW         5144    .data               system_stm32h7xx.o
    0x24000020        -       0x000000a0   Zero   RW          264    .bss                fdcan.o
    0x240000c0        -       0x00000098   Zero   RW          307    .bss                tim.o
    0x24000158        -       0x000001c4   Zero   RW          355    .bss                usart.o
    0x2400031c        -       0x00000aa0   Zero   RW         5292    .bss                dm_motor_ctrl.o
    0x24000dbc        -       0x00000060   Zero   RW         5528    .bss                c_w.l(libspace.o)
    0x24000e1c   0x08006e14   0x00000004   PAD
    0x24000e20        -       0x00002000   Zero   RW            2    HEAP                startup_stm32h723xx.o
    0x24002e20        -       0x00000400   Zero   RW            1    STACK               startup_stm32h723xx.o


==============================================================================

Image component sizes


      Code (inc. data)   RO Data    RW Data    ZI Data      Debug   Object Name

       582         32          0          0          0       6134   bsp_fdcan.o
      1030        170          0          0       2720       7359   dm_motor_ctrl.o
      1176         50          0          0          0      12900   dm_motor_drv.o
        60          4          0          0          0       1034   dma.o
       372         34          0          0        160       2889   fdcan.o
       128         10          0          0          0       1187   gpio.o
       480         52         66          8          0    1227492   main.o
        64         26        716          0       9216        908   startup_stm32h723xx.o
       220         40          0         12          0      24253   stm32h7xx_hal.o
       232         12          0          0          0      40761   stm32h7xx_hal_cortex.o
      4768        176          8          0          0      10503   stm32h7xx_hal_dma.o
      3108         50         92          0          0      26096   stm32h7xx_hal_fdcan.o
       902         86          0          0          0       3518   stm32h7xx_hal_gpio.o
        28          6          0          0          0       1062   stm32h7xx_hal_msp.o
        84          6          0          0          0        853   stm32h7xx_hal_pwr_ex.o
      2374        102          0          0          0       7588   stm32h7xx_hal_rcc.o
      3622        112          0          0          0       8273   stm32h7xx_hal_rcc_ex.o
      1178        100          0          0          0      11405   stm32h7xx_hal_tim.o
       190         38          0          0          0       3588   stm32h7xx_hal_tim_ex.o
      4394        206         24          0          0      38858   stm32h7xx_hal_uart.o
       290          6         16          0          0       6038   stm32h7xx_hal_uart_ex.o
       116         48          0          0          0       9013   stm32h7xx_it.o
       192         34         16          8          0       1694   system_stm32h7xx.o
       308         34          0          0        152       2855   tim.o
       468         48          0          4        452       3491   usart.o

    ----------------------------------------------------------------------
     26406       1482        974         32      12700    1459752   Object Totals
         0          0         32          0          0          0   (incl. Generated)
        40          0          4          0          0          0   (incl. Padding)

    ----------------------------------------------------------------------

      Code (inc. data)   RO Data    RW Data    ZI Data      Debug   Library Member Name

         8          0          0          0          0         68   __main.o
         0          0          0          0          0          0   __rtentry.o
        12          0          0          0          0          0   __rtentry2.o
         6          0          0          0          0          0   __rtentry4.o
        52          8          0          0          0          0   __scatter.o
        26          0          0          0          0          0   __scatter_copy.o
        28          0          0          0          0          0   __scatter_zi.o
        18          0          0          0          0         80   exit.o
         6          0          0          0          0        152   heapauxi.o
         0          0          0          0          0          0   indicate_semi.o
         2          0          0          0          0          0   libinit.o
         6          0          0          0          0          0   libinit2.o
         2          0          0          0          0          0   libshutdown.o
         2          0          0          0          0          0   libshutdown2.o
         8          4          0          0         96         68   libspace.o
       238          0          0          0          0        100   lludivv7m.o
        78          0          0          0          0         80   rt_memclr_w.o
       100          0          0          0          0         80   rt_memcpy_w.o
         2          0          0          0          0          0   rtexit.o
        10          0          0          0          0          0   rtexit2.o
        62          0          0          0          0         76   strlen.o
        12          4          0          0          0         68   sys_exit.o
        74          0          0          0          0         80   sys_stackheap_outer.o
         2          0          0          0          0         68   use_no_semi.o
        10          0          0          0          0        116   fpinit.o

    ----------------------------------------------------------------------
       768         16          0          0        100       1036   Library Totals
         4          0          0          0          4          0   (incl. Padding)

    ----------------------------------------------------------------------

      Code (inc. data)   RO Data    RW Data    ZI Data      Debug   Library Name

       754         16          0          0         96        920   c_w.l
        10          0          0          0          0        116   fz_wv.l

    ----------------------------------------------------------------------
       768         16          0          0        100       1036   Library Totals

    ----------------------------------------------------------------------

==============================================================================


      Code (inc. data)   RO Data    RW Data    ZI Data      Debug   

     27174       1498        974         32      12800    1445024   Grand Totals
     27174       1498        974         32      12800    1445024   ELF Image Totals
     27174       1498        974         32          0          0   ROM Totals

==============================================================================

    Total RO  Size (Code + RO Data)                28148 (  27.49kB)
    Total RW  Size (RW Data + ZI Data)             12832 (  12.53kB)
    Total ROM Size (Code + RO Data + RW Data)      28180 (  27.52kB)

==============================================================================

